Archive member included to satisfy reference by file (symbol)

c:/ac6/systemworkbench/plugins/fr.ac6.mcu.externaltools.arm-none.win32_1.17.0.201812190825/tools/compiler/bin/../lib/gcc/arm-none-eabi/7.3.1/thumb/v6-m\libgcc.a(_udivsi3.o)
                              Drivers/STM32F0xx_HAL_Driver/Src/stm32f0xx_hal.o (__aeabi_uidiv)
c:/ac6/systemworkbench/plugins/fr.ac6.mcu.externaltools.arm-none.win32_1.17.0.201812190825/tools/compiler/bin/../lib/gcc/arm-none-eabi/7.3.1/thumb/v6-m\libgcc.a(_dvmd_tls.o)
                              c:/ac6/systemworkbench/plugins/fr.ac6.mcu.externaltools.arm-none.win32_1.17.0.201812190825/tools/compiler/bin/../lib/gcc/arm-none-eabi/7.3.1/thumb/v6-m\libgcc.a(_udivsi3.o) (__aeabi_idiv0)
c:/ac6/systemworkbench/plugins/fr.ac6.mcu.externaltools.arm-none.win32_1.17.0.201812190825/tools/compiler/bin/../lib/gcc/arm-none-eabi/7.3.1/../../../../arm-none-eabi/lib/thumb/v6-m\libc_nano.a(lib_a-assert.o)
                              Middlewares/modbus/functions/mbutils.o (__assert_func)
c:/ac6/systemworkbench/plugins/fr.ac6.mcu.externaltools.arm-none.win32_1.17.0.201812190825/tools/compiler/bin/../lib/gcc/arm-none-eabi/7.3.1/../../../../arm-none-eabi/lib/thumb/v6-m\libc_nano.a(lib_a-errno.o)
                              Src/syscalls.o (__errno)
c:/ac6/systemworkbench/plugins/fr.ac6.mcu.externaltools.arm-none.win32_1.17.0.201812190825/tools/compiler/bin/../lib/gcc/arm-none-eabi/7.3.1/../../../../arm-none-eabi/lib/thumb/v6-m\libc_nano.a(lib_a-exit.o)
                              c:/ac6/systemworkbench/plugins/fr.ac6.mcu.externaltools.arm-none.win32_1.17.0.201812190825/tools/compiler/bin/../lib/gcc/arm-none-eabi/7.3.1/../../../../arm-none-eabi/lib/thumb/v6-m/crt0.o (exit)
c:/ac6/systemworkbench/plugins/fr.ac6.mcu.externaltools.arm-none.win32_1.17.0.201812190825/tools/compiler/bin/../lib/gcc/arm-none-eabi/7.3.1/../../../../arm-none-eabi/lib/thumb/v6-m\libc_nano.a(lib_a-fprintf.o)
                              c:/ac6/systemworkbench/plugins/fr.ac6.mcu.externaltools.arm-none.win32_1.17.0.201812190825/tools/compiler/bin/../lib/gcc/arm-none-eabi/7.3.1/../../../../arm-none-eabi/lib/thumb/v6-m\libc_nano.a(lib_a-assert.o) (fiprintf)
c:/ac6/systemworkbench/plugins/fr.ac6.mcu.externaltools.arm-none.win32_1.17.0.201812190825/tools/compiler/bin/../lib/gcc/arm-none-eabi/7.3.1/../../../../arm-none-eabi/lib/thumb/v6-m\libc_nano.a(lib_a-impure.o)
                              c:/ac6/systemworkbench/plugins/fr.ac6.mcu.externaltools.arm-none.win32_1.17.0.201812190825/tools/compiler/bin/../lib/gcc/arm-none-eabi/7.3.1/../../../../arm-none-eabi/lib/thumb/v6-m\libc_nano.a(lib_a-exit.o) (_global_impure_ptr)
c:/ac6/systemworkbench/plugins/fr.ac6.mcu.externaltools.arm-none.win32_1.17.0.201812190825/tools/compiler/bin/../lib/gcc/arm-none-eabi/7.3.1/../../../../arm-none-eabi/lib/thumb/v6-m\libc_nano.a(lib_a-init.o)
                              c:/ac6/systemworkbench/plugins/fr.ac6.mcu.externaltools.arm-none.win32_1.17.0.201812190825/tools/compiler/bin/../lib/gcc/arm-none-eabi/7.3.1/../../../../arm-none-eabi/lib/thumb/v6-m/crt0.o (__libc_init_array)
c:/ac6/systemworkbench/plugins/fr.ac6.mcu.externaltools.arm-none.win32_1.17.0.201812190825/tools/compiler/bin/../lib/gcc/arm-none-eabi/7.3.1/../../../../arm-none-eabi/lib/thumb/v6-m\libc_nano.a(lib_a-memcpy-stub.o)
                              Middlewares/modbus/functions/mbfuncother.o (memcpy)
c:/ac6/systemworkbench/plugins/fr.ac6.mcu.externaltools.arm-none.win32_1.17.0.201812190825/tools/compiler/bin/../lib/gcc/arm-none-eabi/7.3.1/../../../../arm-none-eabi/lib/thumb/v6-m\libc_nano.a(lib_a-memset.o)
                              c:/ac6/systemworkbench/plugins/fr.ac6.mcu.externaltools.arm-none.win32_1.17.0.201812190825/tools/compiler/bin/../lib/gcc/arm-none-eabi/7.3.1/../../../../arm-none-eabi/lib/thumb/v6-m/crt0.o (memset)
c:/ac6/systemworkbench/plugins/fr.ac6.mcu.externaltools.arm-none.win32_1.17.0.201812190825/tools/compiler/bin/../lib/gcc/arm-none-eabi/7.3.1/../../../../arm-none-eabi/lib/thumb/v6-m\libc_nano.a(lib_a-nano-vfprintf.o)
                              c:/ac6/systemworkbench/plugins/fr.ac6.mcu.externaltools.arm-none.win32_1.17.0.201812190825/tools/compiler/bin/../lib/gcc/arm-none-eabi/7.3.1/../../../../arm-none-eabi/lib/thumb/v6-m\libc_nano.a(lib_a-fprintf.o) (_vfprintf_r)
c:/ac6/systemworkbench/plugins/fr.ac6.mcu.externaltools.arm-none.win32_1.17.0.201812190825/tools/compiler/bin/../lib/gcc/arm-none-eabi/7.3.1/../../../../arm-none-eabi/lib/thumb/v6-m\libc_nano.a(lib_a-nano-vfprintf_i.o)
                              c:/ac6/systemworkbench/plugins/fr.ac6.mcu.externaltools.arm-none.win32_1.17.0.201812190825/tools/compiler/bin/../lib/gcc/arm-none-eabi/7.3.1/../../../../arm-none-eabi/lib/thumb/v6-m\libc_nano.a(lib_a-nano-vfprintf.o) (_printf_i)
c:/ac6/systemworkbench/plugins/fr.ac6.mcu.externaltools.arm-none.win32_1.17.0.201812190825/tools/compiler/bin/../lib/gcc/arm-none-eabi/7.3.1/../../../../arm-none-eabi/lib/thumb/v6-m\libc_nano.a(lib_a-wbuf.o)
[...]
Memory Configuration

Name             Origin             Length             Attributes
RAM              0x20000000         0x00004000         xrw
FLASH            0x08000000         0x00020000         xr
*default*        0x00000000         0xffffffff

Linker script and memory map

LOAD c:/ac6/systemworkbench/plugins/fr.ac6.mcu.externaltools.arm-none.win32_1.17.0.201812190825/tools/compiler/bin/../lib/gcc/arm-none-eabi/7.3.1/thumb/v6-m/crti.o
LOAD c:/ac6/systemworkbench/plugins/fr.ac6.mcu.externaltools.arm-none.win32_1.17.0.201812190825/tools/compiler/bin/../lib/gcc/arm-none-eabi/7.3.1/thumb/v6-m/crtbegin.o
LOAD c:/ac6/systemworkbench/plugins/fr.ac6.mcu.externaltools.arm-none.win32_1.17.0.201812190825/tools/compiler/bin/../lib/gcc/arm-none-eabi/7.3.1/../../../../arm-none-eabi/lib/thumb/v6-m/crt0.o
LOAD Drivers/STM32F0xx_HAL_Driver/Src/stm32f0xx_hal.o
LOAD Drivers/STM32F0xx_HAL_Driver/Src/stm32f0xx_hal_cortex.o
LOAD Drivers/STM32F0xx_HAL_Driver/Src/stm32f0xx_hal_dma.o
LOAD Drivers/STM32F0xx_HAL_Driver/Src/stm32f0xx_hal_flash.o
LOAD Drivers/STM32F0xx_HAL_Driver/Src/stm32f0xx_hal_flash_ex.o
LOAD Drivers/STM32F0xx_HAL_Driver/Src/stm32f0xx_hal_gpio.o
LOAD Drivers/STM32F0xx_HAL_Driver/Src/stm32f0xx_hal_i2c.o
LOAD Drivers/STM32F0xx_HAL_Driver/Src/stm32f0xx_hal_i2c_ex.o
LOAD Drivers/STM32F0xx_HAL_Driver/Src/stm32f0xx_hal_pcd.o
LOAD Drivers/STM32F0xx_HAL_Driver/Src/stm32f0xx_hal_pcd_ex.o
LOAD Drivers/STM32F0xx_HAL_Driver/Src/stm32f0xx_hal_pwr.o
LOAD Drivers/STM32F0xx_HAL_Driver/Src/stm32f0xx_hal_pwr_ex.o
LOAD Drivers/STM32F0xx_HAL_Driver/Src/stm32f0xx_hal_rcc.o
LOAD Drivers/STM32F0xx_HAL_Driver/Src/stm32f0xx_hal_rcc_ex.o
LOAD Drivers/STM32F0xx_HAL_Driver/Src/stm32f0xx_hal_spi.o
LOAD Drivers/STM32F0xx_HAL_Driver/Src/stm32f0xx_hal_spi_ex.o
LOAD Drivers/STM32F0xx_HAL_Driver/Src/stm32f0xx_hal_tim.o
LOAD Drivers/STM32F0xx_HAL_Driver/Src/stm32f0xx_hal_tim_ex.o
LOAD Drivers/STM32F0xx_HAL_Driver/Src/stm32f0xx_hal_tsc.o
LOAD Drivers/STM32F0xx_HAL_Driver/Src/stm32f0xx_hal_uart.o
LOAD Drivers/STM32F0xx_HAL_Driver/Src/stm32f0xx_hal_uart_ex.o
LOAD Middlewares/modbus/functions/mbfunccoils.o
LOAD Middlewares/modbus/functions/mbfuncdiag.o
LOAD Middlewares/modbus/functions/mbfuncdisc.o
LOAD Middlewares/modbus/functions/mbfuncholding.o
LOAD Middlewares/modbus/functions/mbfuncinput.o
LOAD Middlewares/modbus/functions/mbfuncother.o
LOAD Middlewares/modbus/functions/mbutils.o
LOAD Middlewares/modbus/mb.o
LOAD Middlewares/modbus/port/portevent.o
LOAD Middlewares/modbus/port/portserial.o
LOAD Middlewares/modbus/port/porttimer.o
LOAD Middlewares/modbus/rtu/mbcrc.o
LOAD Middlewares/modbus/rtu/mbrtu.o
LOAD Src/main.o
LOAD Src/stm32f0xx_hal_msp.o
LOAD Src/stm32f0xx_it.o
LOAD Src/syscalls.o
LOAD Src/system_stm32f0xx.o
LOAD startup/startup_stm32f072xb.o
LOAD c:/ac6/systemworkbench/plugins/fr.ac6.mcu.externaltools.arm-none.win32_1.17.0.201812190825/tools/compiler/bin/../lib/gcc/arm-none-eabi/7.3.1/../../../../arm-none-eabi/lib/thumb/v6-m\libm.a
START GROUP
LOAD c:/ac6/systemworkbench/plugins/fr.ac6.mcu.externaltools.arm-none.win32_1.17.0.201812190825/tools/compiler/bin/../lib/gcc/arm-none-eabi/7.3.1/thumb/v6-m\libgcc.a
LOAD c:/ac6/systemworkbench/plugins/fr.ac6.mcu.externaltools.arm-none.win32_1.17.0.201812190825/tools/compiler/bin/../lib/gcc/arm-none-eabi/7.3.1/../../../../arm-none-eabi/lib/thumb/v6-m\libc_nano.a
END GROUP
START GROUP
LOAD c:/ac6/systemworkbench/plugins/fr.ac6.mcu.externaltools.arm-none.win32_1.17.0.201812190825/tools/compiler/bin/../lib/gcc/arm-none-eabi/7.3.1/thumb/v6-m\libgcc.a
LOAD c:/ac6/systemworkbench/plugins/fr.ac6.mcu.externaltools.arm-none.win32_1.17.0.201812190825/tools/compiler/bin/../lib/gcc/arm-none-eabi/7.3.1/../../../../arm-none-eabi/lib/thumb/v6-m\libc_nano.a
LOAD c:/ac6/systemworkbench/plugins/fr.ac6.mcu.externaltools.arm-none.win32_1.17.0.201812190825/tools/compiler/bin/../lib/gcc/arm-none-eabi/7.3.1/../../../../arm-none-eabi/lib/thumb/v6-m\libnosys.a
END GROUP
START GROUP
LOAD c:/ac6/systemworkbench/plugins/fr.ac6.mcu.externaltools.arm-none.win32_1.17.0.201812190825/tools/compiler/bin/../lib/gcc/arm-none-eabi/7.3.1/thumb/v6-m\libgcc.a
LOAD c:/ac6/systemworkbench/plugins/fr.ac6.mcu.externaltools.arm-none.win32_1.17.0.201812190825/tools/compiler/bin/../lib/gcc/arm-none-eabi/7.3.1/../../../../arm-none-eabi/lib/thumb/v6-m\libc_nano.a
LOAD c:/ac6/systemworkbench/plugins/fr.ac6.mcu.externaltools.arm-none.win32_1.17.0.201812190825/tools/compiler/bin/../lib/gcc/arm-none-eabi/7.3.1/../../../../arm-none-eabi/lib/thumb/v6-m\libnosys.a
END GROUP
LOAD c:/ac6/systemworkbench/plugins/fr.ac6.mcu.externaltools.arm-none.win32_1.17.0.201812190825/tools/compiler/bin/../lib/gcc/arm-none-eabi/7.3.1/thumb/v6-m/crtend.o
LOAD c:/ac6/systemworkbench/plugins/fr.ac6.mcu.externaltools.arm-none.win32_1.17.0.201812190825/tools/compiler/bin/../lib/gcc/arm-none-eabi/7.3.1/thumb/v6-m/crtn.o
                0x20004000                _estack = 0x20004000
                0x00000200                _Min_Heap_Size = 0x200
                0x00000400                _Min_Stack_Size = 0x400

.isr_vector     0x08000000       0xc0
                0x08000000                . = ALIGN (0x4)
 *(.isr_vector)
 .isr_vector    0x08000000       0xc0 startup/startup_stm32f072xb.o
                0x08000000                g_pfnVectors
                0x080000c0                . = ALIGN (0x4)

.text           0x080000c0     0x3d4c
                0x080000c0                . = ALIGN (0x4)
 *(.text)
 .text          0x080000c0       0x48 c:/ac6/systemworkbench/plugins/fr.ac6.mcu.externaltools.arm-none.win32_1.17.0.201812190825/tools/compiler/bin/../lib/gcc/arm-none-eabi/7.3.1/thumb/v6-m/crtbegin.o
 .text          0x08000108      0x114 c:/ac6/systemworkbench/plugins/fr.ac6.mcu.externaltools.arm-none.win32_1.17.0.201812190825/tools/compiler/bin/../lib/gcc/arm-none-eabi/7.3.1/thumb/v6-m\libgcc.a(_udivsi3.o)
                0x08000108                __aeabi_uidiv
                0x08000108                __udivsi3
                0x08000214                __aeabi_uidivmod
 .text          0x0800021c        0x4 c:/ac6/systemworkbench/plugins/fr.ac6.mcu.externaltools.arm-none.win32_1.17.0.201812190825/tools/compiler/bin/../lib/gcc/arm-none-eabi/7.3.1/thumb/v6-m\libgcc.a(_dvmd_tls.o)
                0x0800021c                __aeabi_idiv0
                0x0800021c                __aeabi_ldiv0
 *(.text*)
 .text.HAL_InitTick
                0x08000220       0x24 Drivers/STM32F0xx_HAL_Driver/Src/stm32f0xx_hal.o
                0x08000220                HAL_InitTick
 .text.HAL_Init
                0x08000244       0x20 Drivers/STM32F0xx_HAL_Driver/Src/stm32f0xx_hal.o
                0x08000244                HAL_Init
 .text.HAL_IncTick
                0x08000264       0x10 Drivers/STM32F0xx_HAL_Driver/Src/stm32f0xx_hal.o
                0x08000264                HAL_IncTick
 .text.HAL_GetTick
                0x08000274        0xc Drivers/STM32F0xx_HAL_Driver/Src/stm32f0xx_hal.o
                0x08000274                HAL_GetTick
 .text.HAL_NVIC_SetPriority
                0x08000280       0x60 Drivers/STM32F0xx_HAL_Driver/Src/stm32f0xx_hal_cortex.o
                0x08000280                HAL_NVIC_SetPriority
 .text.HAL_NVIC_EnableIRQ
                0x080002e0       0x14 Drivers/STM32F0xx_HAL_Driver/Src/stm32f0xx_hal_cortex.o
                0x080002e0                HAL_NVIC_EnableIRQ
 .text.HAL_SYSTICK_Config
                0x080002f4       0x38 Drivers/STM32F0xx_HAL_Driver/Src/stm32f0xx_hal_cortex.o
                0x080002f4                HAL_SYSTICK_Config
 .text.HAL_DMA_Abort_IT
                0x0800032c       0x4a Drivers/STM32F0xx_HAL_Driver/Src/stm32f0xx_hal_dma.o
                0x0800032c                HAL_DMA_Abort_IT
 *fill*         0x08000376        0x2 
 .text.HAL_GPIO_Init
                0x08000378      0x198 Drivers/STM32F0xx_HAL_Driver/Src/stm32f0xx_hal_gpio.o
                0x08000378                HAL_GPIO_Init
 .text.HAL_GPIO_WritePin
                0x08000510        0xc Drivers/STM32F0xx_HAL_Driver/Src/stm32f0xx_hal_gpio.o
                0x08000510                HAL_GPIO_WritePin
 .text.HAL_I2C_Init
                0x0800051c       0xcc Drivers/STM32F0xx_HAL_Driver/Src/stm32f0xx_hal_i2c.o
                0x0800051c                HAL_I2C_Init
 .text.HAL_I2CEx_ConfigAnalogFilter
                0x080005e8       0x58 Drivers/STM32F0xx_HAL_Driver/Src/stm32f0xx_hal_i2c_ex.o
                0x080005e8                HAL_I2CEx_ConfigAnalogFilter
 .text.HAL_I2CEx_ConfigDigitalFilter
                0x08000640       0x54 Drivers/STM32F0xx_HAL_Driver/Src/stm32f0xx_hal_i2c_ex.o
                0x08000640                HAL_I2CEx_ConfigDigitalFilter
 .text.HAL_PCD_Init
                0x08000694       0xc0 Drivers/STM32F0xx_HAL_Driver/Src/stm32f0xx_hal_pcd.o
                0x08000694                HAL_PCD_Init
 .text.HAL_RCC_OscConfig
                0x08000754      0x4fc Drivers/STM32F0xx_HAL_Driver/Src/stm32f0xx_hal_rcc.o
                0x08000754                HAL_RCC_OscConfig
 .text.HAL_RCC_GetSysClockFreq
                0x08000c50       0x94 Drivers/STM32F0xx_HAL_Driver/Src/stm32f0xx_hal_rcc.o
                0x08000c50                HAL_RCC_GetSysClockFreq
 .text.HAL_RCC_ClockConfig
                0x08000ce4      0x184 Drivers/STM32F0xx_HAL_Driver/Src/stm32f0xx_hal_rcc.o
                0x08000ce4                HAL_RCC_ClockConfig
 .text.HAL_RCC_GetHCLKFreq
                0x08000e68        0xc Drivers/STM32F0xx_HAL_Driver/Src/stm32f0xx_hal_rcc.o
                0x08000e68                HAL_RCC_GetHCLKFreq
 .text.HAL_RCC_GetPCLK1Freq
                0x08000e74       0x20 Drivers/STM32F0xx_HAL_Driver/Src/stm32f0xx_hal_rcc.o
                0x08000e74                HAL_RCC_GetPCLK1Freq
 .text.HAL_RCCEx_PeriphCLKConfig
                0x08000e94      0x158 Drivers/STM32F0xx_HAL_Driver/Src/stm32f0xx_hal_rcc_ex.o
                0x08000e94                HAL_RCCEx_PeriphCLKConfig
 .text.HAL_SPI_Init
                0x08000fec       0xcc Drivers/STM32F0xx_HAL_Driver/Src/stm32f0xx_hal_spi.o
                0x08000fec                HAL_SPI_Init
 .text.HAL_TIM_Base_Start_IT
                0x080010b8       0x16 Drivers/STM32F0xx_HAL_Driver/Src/stm32f0xx_hal_tim.o
                0x080010b8                HAL_TIM_Base_Start_IT
 *fill*         0x080010ce        0x2 
 .text.HAL_TIM_Base_Stop_IT
                0x080010d0       0x30 Drivers/STM32F0xx_HAL_Driver/Src/stm32f0xx_hal_tim.o
                0x080010d0                HAL_TIM_Base_Stop_IT
 .text.HAL_TIM_PeriodElapsedCallback
                0x08001100        0x2 Drivers/STM32F0xx_HAL_Driver/Src/stm32f0xx_hal_tim.o
                0x08001100                HAL_TIM_PeriodElapsedCallback
 .text.HAL_TIM_OC_DelayElapsedCallback
                0x08001102        0x2 Drivers/STM32F0xx_HAL_Driver/Src/stm32f0xx_hal_tim.o
                0x08001102                HAL_TIM_OC_DelayElapsedCallback
 .text.HAL_TIM_IC_CaptureCallback
                0x08001104        0x2 Drivers/STM32F0xx_HAL_Driver/Src/stm32f0xx_hal_tim.o
                0x08001104                HAL_TIM_IC_CaptureCallback
 .text.HAL_TIM_PWM_PulseFinishedCallback
                0x08001106        0x2 Drivers/STM32F0xx_HAL_Driver/Src/stm32f0xx_hal_tim.o
                0x08001106                HAL_TIM_PWM_PulseFinishedCallback
 .text.HAL_TIM_TriggerCallback
                0x08001108        0x2 Drivers/STM32F0xx_HAL_Driver/Src/stm32f0xx_hal_tim.o
                0x08001108                HAL_TIM_TriggerCallback
 .text.HAL_TIM_IRQHandler
                0x0800110a      0x15a Drivers/STM32F0xx_HAL_Driver/Src/stm32f0xx_hal_tim.o
                0x0800110a                HAL_TIM_IRQHandler
 .text.TIM_Base_SetConfig
                0x08001264       0xa4 Drivers/STM32F0xx_HAL_Driver/Src/stm32f0xx_hal_tim.o
                0x08001264                TIM_Base_SetConfig
 .text.HAL_TIM_Base_Init
                0x08001308       0x34 Drivers/STM32F0xx_HAL_Driver/Src/stm32f0xx_hal_tim.o
                0x08001308                HAL_TIM_Base_Init
 .text.HAL_TIMEx_MasterConfigSynchronization
                0x0800133c       0x4c Drivers/STM32F0xx_HAL_Driver/Src/stm32f0xx_hal_tim_ex.o
                0x0800133c                HAL_TIMEx_MasterConfigSynchronization
 .text.HAL_TIMEx_CommutationCallback
                0x08001388        0x2 Drivers/STM32F0xx_HAL_Driver/Src/stm32f0xx_hal_tim_ex.o
                0x08001388                HAL_TIMEx_CommutationCallback
 .text.HAL_TIMEx_BreakCallback
                0x0800138a        0x2 Drivers/STM32F0xx_HAL_Driver/Src/stm32f0xx_hal_tim_ex.o
                0x0800138a                HAL_TIMEx_BreakCallback
 .text.TSC_extract_groups
                0x0800138c       0x24 Drivers/STM32F0xx_HAL_Driver/Src/stm32f0xx_hal_tsc.o
 .text.HAL_TSC_Init
                0x080013b0       0xa8 Drivers/STM32F0xx_HAL_Driver/Src/stm32f0xx_hal_tsc.o
                0x080013b0                HAL_TSC_Init
 .text.UART_EndRxTransfer
                0x08001458       0x24 Drivers/STM32F0xx_HAL_Driver/Src/stm32f0xx_hal_uart.o
 .text.HAL_UART_TxCpltCallback
                0x0800147c        0x2 Drivers/STM32F0xx_HAL_Driver/Src/stm32f0xx_hal_uart.o
                0x0800147c                HAL_UART_TxCpltCallback
 .text.HAL_UART_RxCpltCallback
                0x0800147e        0x2 Drivers/STM32F0xx_HAL_Driver/Src/stm32f0xx_hal_uart.o
                0x0800147e                HAL_UART_RxCpltCallback
 .text.HAL_UART_ErrorCallback
                0x08001480        0x2 Drivers/STM32F0xx_HAL_Driver/Src/stm32f0xx_hal_uart.o
                0x08001480                HAL_UART_ErrorCallback
 .text.UART_DMAAbortOnError
                0x08001482       0x14 Drivers/STM32F0xx_HAL_Driver/Src/stm32f0xx_hal_uart.o
 *fill*         0x08001496        0x2 
 .text.UART_SetConfig
                0x08001498      0x20c Drivers/STM32F0xx_HAL_Driver/Src/stm32f0xx_hal_uart.o
                0x08001498                UART_SetConfig
 .text.UART_AdvFeatureConfig
                0x080016a4       0xe0 Drivers/STM32F0xx_HAL_Driver/Src/stm32f0xx_hal_uart.o
                0x080016a4                UART_AdvFeatureConfig
 .text.UART_WaitOnFlagUntilTimeout
                0x08001784       0x6c Drivers/STM32F0xx_HAL_Driver/Src/stm32f0xx_hal_uart.o
                0x08001784                UART_WaitOnFlagUntilTimeout
 .text.HAL_UART_Transmit
                0x080017f0       0xe2 Drivers/STM32F0xx_HAL_Driver/Src/stm32f0xx_hal_uart.o
                0x080017f0                HAL_UART_Transmit
 *fill*         0x080018d2        0x2 
 .text.UART_CheckIdleState
                0x080018d4       0x84 Drivers/STM32F0xx_HAL_Driver/Src/stm32f0xx_hal_uart.o
                0x080018d4                UART_CheckIdleState
 .text.UART_Transmit_IT
                0x08001958       0x6c Drivers/STM32F0xx_HAL_Driver/Src/stm32f0xx_hal_uart.o
                0x08001958                UART_Transmit_IT
 .text.UART_EndTransmit_IT
                0x080019c4       0x1a Drivers/STM32F0xx_HAL_Driver/Src/stm32f0xx_hal_uart.o
                0x080019c4                UART_EndTransmit_IT
 *fill*         0x080019de        0x2 
 .text.UART_Receive_IT
                0x080019e0       0x88 Drivers/STM32F0xx_HAL_Driver/Src/stm32f0xx_hal_uart.o
                0x080019e0                UART_Receive_IT
 .text.HAL_UART_IRQHandler
                0x08001a68      0x144 Drivers/STM32F0xx_HAL_Driver/Src/stm32f0xx_hal_uart.o
                0x08001a68                HAL_UART_IRQHandler
 .text.HAL_RS485Ex_Init
                0x08001bac       0x94 Drivers/STM32F0xx_HAL_Driver/Src/stm32f0xx_hal_uart_ex.o
                0x08001bac                HAL_RS485Ex_Init
 .text.HAL_UARTEx_WakeupCallback
                0x08001c40        0x2 Drivers/STM32F0xx_HAL_Driver/Src/stm32f0xx_hal_uart_ex.o
                0x08001c40                HAL_UARTEx_WakeupCallback
 *fill*         0x08001c42        0x2 
 .text.eMBFuncReadCoils
                0x08001c44       0x7c Middlewares/modbus/functions/mbfunccoils.o
                0x08001c44                eMBFuncReadCoils
 .text.eMBFuncWriteCoil
                0x08001cc0       0x62 Middlewares/modbus/functions/mbfunccoils.o
                0x08001cc0                eMBFuncWriteCoil
 *fill*         0x08001d22        0x2 
 .text.eMBFuncWriteMultipleCoils
                0x08001d24       0x6c Middlewares/modbus/functions/mbfunccoils.o
                0x08001d24                eMBFuncWriteMultipleCoils
 .text.eMBFuncReadDiscreteInputs
                0x08001d90       0x78 Middlewares/modbus/functions/mbfuncdisc.o
                0x08001d90                eMBFuncReadDiscreteInputs
 .text.eMBFuncWriteHoldingRegister
                0x08001e08       0x30 Middlewares/modbus/functions/mbfuncholding.o
                0x08001e08                eMBFuncWriteHoldingRegister
 .text.eMBFuncWriteMultipleHoldingRegister
                0x08001e38       0x56 Middlewares/modbus/functions/mbfuncholding.o
                0x08001e38                eMBFuncWriteMultipleHoldingRegister
 .text.eMBFuncReadHoldingRegister
                0x08001e8e       0x64 Middlewares/modbus/functions/mbfuncholding.o
                0x08001e8e                eMBFuncReadHoldingRegister
 .text.eMBFuncReadWriteMultipleHoldingRegister
                0x08001ef2       0xae Middlewares/modbus/functions/mbfuncholding.o
                0x08001ef2                eMBFuncReadWriteMultipleHoldingRegister
 .text.eMBFuncReadInputRegister
                0x08001fa0       0x66 Middlewares/modbus/functions/mbfuncinput.o
                0x08001fa0                eMBFuncReadInputRegister
 *fill*         0x08002006        0x2 
 .text.eMBFuncReportSlaveID
                0x08002008       0x1c Middlewares/modbus/functions/mbfuncother.o
                0x08002008                eMBFuncReportSlaveID
 .text.prveMBError2Exception
                0x08002024       0x1c Middlewares/modbus/functions/mbutils.o
                0x08002024                prveMBError2Exception
 .text.eMBInit  0x08002040       0x9c Middlewares/modbus/mb.o
                0x08002040                eMBInit
 .text.eMBEnable
                0x080020dc       0x28 Middlewares/modbus/mb.o
                0x080020dc                eMBEnable
 .text.eMBPoll  0x08002104       0xf0 Middlewares/modbus/mb.o
                0x08002104                eMBPoll
 .text.xMBPortEventInit
                0x080021f4       0x10 Middlewares/modbus/port/portevent.o
                0x080021f4                xMBPortEventInit
 .text.xMBPortEventPost
                0x08002204       0x10 Middlewares/modbus/port/portevent.o
                0x08002204                xMBPortEventPost
 .text.xMBPortEventGet
                0x08002214       0x1c Middlewares/modbus/port/portevent.o
                0x08002214                xMBPortEventGet
 .text.vMBPortSerialEnable
                0x08002230       0x44 Middlewares/modbus/port/portserial.o
                0x08002230                vMBPortSerialEnable
 .text.xMBPortSerialInit
                0x08002274        0x4 Middlewares/modbus/port/portserial.o
                0x08002274                xMBPortSerialInit
 .text.xMBPortSerialPutByte
                0x08002278       0x24 Middlewares/modbus/port/portserial.o
                0x08002278                xMBPortSerialPutByte
 .text.xMBPortSerialGetByte
                0x0800229c       0x10 Middlewares/modbus/port/portserial.o
                0x0800229c                xMBPortSerialGetByte
 .text.xMBPortTimersInit
                0x080022ac       0x68 Middlewares/modbus/port/porttimer.o
                0x080022ac                xMBPortTimersInit
 .text.vMBPortTimersEnable
                0x08002314       0x18 Middlewares/modbus/port/porttimer.o
                0x08002314                vMBPortTimersEnable
 .text.vMBPortTimersDisable
                0x0800232c       0x10 Middlewares/modbus/port/porttimer.o
                0x0800232c                vMBPortTimersDisable
 .text.usMBCRC16
                0x0800233c       0x34 Middlewares/modbus/rtu/mbcrc.o
                0x0800233c                usMBCRC16
 .text.eMBRTUInit
                0x08002370       0x44 Middlewares/modbus/rtu/mbrtu.o
                0x08002370                eMBRTUInit
 .text.eMBRTUStart
                0x080023b4       0x20 Middlewares/modbus/rtu/mbrtu.o
                0x080023b4                eMBRTUStart
 .text.eMBRTUStop
                0x080023d4       0x14 Middlewares/modbus/rtu/mbrtu.o
                0x080023d4                eMBRTUStop
 .text.eMBRTUReceive
                0x080023e8       0x6c Middlewares/modbus/rtu/mbrtu.o
                0x080023e8                eMBRTUReceive
 .text.eMBRTUSend
                0x08002454       0x68 Middlewares/modbus/rtu/mbrtu.o
                0x08002454                eMBRTUSend
 .text.xMBRTUReceiveFSM
                0x080024bc       0xac Middlewares/modbus/rtu/mbrtu.o
                0x080024bc                xMBRTUReceiveFSM
 .text.xMBRTUTransmitFSM
                0x08002568       0x8c Middlewares/modbus/rtu/mbrtu.o
                0x08002568                xMBRTUTransmitFSM
 .text.xMBRTUTimerT35Expired
                0x080025f4       0x7c Middlewares/modbus/rtu/mbrtu.o
                0x080025f4                xMBRTUTimerT35Expired
 .text.MX_GPIO_Init
                0x08002670       0xb0 Src/main.o
 .text.MX_I2C2_Init
                0x08002720       0x44 Src/main.o
 .text.MX_SPI2_Init
                0x08002764       0x44 Src/main.o
 .text.MX_TSC_Init
                0x080027a8       0x4c Src/main.o
 .text.MX_USART3_UART_Init
                0x080027f4       0x34 Src/main.o
 .text.MX_USB_PCD_Init
                0x08002828       0x28 Src/main.o
 .text.eMBRegInputCB
                0x08002850       0x30 Src/main.o
                0x08002850                eMBRegInputCB
 .text.eMBRegHoldingCB
                0x08002880       0x74 Src/main.o
                0x08002880                eMBRegHoldingCB
 .text.eMBRegCoilsCB
                0x080028f4        0x4 Src/main.o
                0x080028f4                eMBRegCoilsCB
 .text.eMBRegDiscreteCB
                0x080028f8        0x4 Src/main.o
                0x080028f8                eMBRegDiscreteCB
 .text.SystemClock_Config
                0x080028fc       0x6c Src/main.o
                0x080028fc                SystemClock_Config
 .text.main     0x08002968       0x40 Src/main.o
                0x08002968                main
 .text.HAL_MspInit
                0x080029a8       0x30 Src/stm32f0xx_hal_msp.o
                0x080029a8                HAL_MspInit
 .text.HAL_I2C_MspInit
                0x080029d8       0x6c Src/stm32f0xx_hal_msp.o
                0x080029d8                HAL_I2C_MspInit
 .text.HAL_SPI_MspInit
                0x08002a44       0x68 Src/stm32f0xx_hal_msp.o
                0x08002a44                HAL_SPI_MspInit
 .text.HAL_TIM_Base_MspInit
                0x08002aac       0x3c Src/stm32f0xx_hal_msp.o
                0x08002aac                HAL_TIM_Base_MspInit
 .text.HAL_TSC_MspInit
                0x08002ae8       0xc8 Src/stm32f0xx_hal_msp.o
                0x08002ae8                HAL_TSC_MspInit
 .text.HAL_UART_MspInit
                0x08002bb0       0xa8 Src/stm32f0xx_hal_msp.o
                0x08002bb0                HAL_UART_MspInit
 .text.HAL_PCD_MspInit
                0x08002c58       0x2c Src/stm32f0xx_hal_msp.o
                0x08002c58                HAL_PCD_MspInit
 .text.NMI_Handler
                0x08002c84        0x2 Src/stm32f0xx_it.o
                0x08002c84                NMI_Handler
 .text.HardFault_Handler
                0x08002c86        0x2 Src/stm32f0xx_it.o
                0x08002c86                HardFault_Handler
 .text.SVC_Handler
                0x08002c88        0x2 Src/stm32f0xx_it.o
                0x08002c88                SVC_Handler
 .text.PendSV_Handler
                0x08002c8a        0x2 Src/stm32f0xx_it.o
                0x08002c8a                PendSV_Handler
 .text.SysTick_Handler
                0x08002c8c        0x8 Src/stm32f0xx_it.o
                0x08002c8c                SysTick_Handler
 .text.USART3_4_IRQHandler
                0x08002c94       0x50 Src/stm32f0xx_it.o
                0x08002c94                USART3_4_IRQHandler
 .text.TIM7_IRQHandler
                0x08002ce4       0x40 Src/stm32f0xx_it.o
                0x08002ce4                TIM7_IRQHandler
 .text._getpid  0x08002d24        0x4 Src/syscalls.o
                0x08002d24                _getpid
 .text._kill    0x08002d28       0x10 Src/syscalls.o
                0x08002d28                _kill
 .text._exit    0x08002d38        0xc Src/syscalls.o
                0x08002d38                _exit
 .text._read    0x08002d44       0x1c Src/syscalls.o
                0x08002d44                _read
 .text._write   0x08002d60       0x1c Src/syscalls.o
                0x08002d60                _write
 .text._sbrk    0x08002d7c       0x3c Src/syscalls.o
                0x08002d7c                _sbrk
 .text._close   0x08002db8        0x6 Src/syscalls.o
                0x08002db8                _close
 .text._fstat   0x08002dbe        0xa Src/syscalls.o
                0x08002dbe                _fstat
 .text._isatty  0x08002dc8        0x4 Src/syscalls.o
                0x08002dc8                _isatty
 .text._lseek   0x08002dcc        0x4 Src/syscalls.o
                0x08002dcc                _lseek
 .text.SystemInit
                0x08002dd0       0x60 Src/system_stm32f0xx.o
                0x08002dd0                SystemInit
 .text.Reset_Handler
                0x08002e30       0x50 startup/startup_stm32f072xb.o
                0x08002e30                Reset_Handler
 .text.Default_Handler
                0x08002e80        0x2 startup/startup_stm32f072xb.o
                0x08002e80                TIM1_CC_IRQHandler
                0x08002e80                TSC_IRQHandler
                0x08002e80                ADC1_COMP_IRQHandler
                0x08002e80                I2C1_IRQHandler
                0x08002e80                RCC_CRS_IRQHandler
                0x08002e80                SPI1_IRQHandler
                0x08002e80                TIM6_DAC_IRQHandler
                0x08002e80                EXTI2_3_IRQHandler
                0x08002e80                I2C2_IRQHandler
                0x08002e80                TIM17_IRQHandler
                0x08002e80                CEC_CAN_IRQHandler
                0x08002e80                RTC_IRQHandler
                0x08002e80                PVD_VDDIO2_IRQHandler
                0x08002e80                DMA1_Channel4_5_6_7_IRQHandler
                0x08002e80                TIM16_IRQHandler
                0x08002e80                TIM3_IRQHandler
                0x08002e80                EXTI4_15_IRQHandler
                0x08002e80                DMA1_Channel1_IRQHandler
                0x08002e80                Default_Handler
                0x08002e80                TIM14_IRQHandler
                0x08002e80                TIM15_IRQHandler
                0x08002e80                EXTI0_1_IRQHandler
                0x08002e80                USB_IRQHandler
                0x08002e80                SPI2_IRQHandler
                0x08002e80                WWDG_IRQHandler
                0x08002e80                TIM2_IRQHandler
                0x08002e80                DMA1_Channel2_3_IRQHandler
                0x08002e80                USART2_IRQHandler
                0x08002e80                FLASH_IRQHandler
                0x08002e80                USART1_IRQHandler
                0x08002e80                TIM1_BRK_UP_TRG_COM_IRQHandler
 *fill*         0x08002e82        0x2 
 .text.__assert_func
                0x08002e84       0x3c c:/ac6/systemworkbench/plugins/fr.ac6.mcu.externaltools.arm-none.win32_1.17.0.201812190825/tools/compiler/bin/../lib/gcc/arm-none-eabi/7.3.1/../../../../arm-none-eabi/lib/thumb/v6-m\libc_nano.a(lib_a-assert.o)
                0x08002e84                __assert_func
 .text.__errno  0x08002ec0        0xc c:/ac6/systemworkbench/plugins/fr.ac6.mcu.externaltools.arm-none.win32_1.17.0.201812190825/tools/compiler/bin/../lib/gcc/arm-none-eabi/7.3.1/../../../../arm-none-eabi/lib/thumb/v6-m\libc_nano.a(lib_a-errno.o)
                0x08002ec0                __errno
 .text.fprintf  0x08002ecc       0x20 c:/ac6/systemworkbench/plugins/fr.ac6.mcu.externaltools.arm-none.win32_1.17.0.201812190825/tools/compiler/bin/../lib/gcc/arm-none-eabi/7.3.1/../../../../arm-none-eabi/lib/thumb/v6-m\libc_nano.a(lib_a-fprintf.o)
                0x08002ecc                fiprintf
                0x08002ecc                fprintf
 .text.__libc_init_array
                0x08002eec       0x48 c:/ac6/systemworkbench/plugins/fr.ac6.mcu.externaltools.arm-none.win32_1.17.0.201812190825/tools/compiler/bin/../lib/gcc/arm-none-eabi/7.3.1/../../../../arm-none-eabi/lib/thumb/v6-m\libc_nano.a(lib_a-init.o)
                0x08002eec                __libc_init_array
 .text.memcpy   0x08002f34       0x12 c:/ac6/systemworkbench/plugins/fr.ac6.mcu.externaltools.arm-none.win32_1.17.0.201812190825/tools/compiler/bin/../lib/gcc/arm-none-eabi/7.3.1/../../../../arm-none-eabi/lib/thumb/v6-m\libc_nano.a(lib_a-memcpy-stub.o)
                0x08002f34                memcpy
 .text.memset   0x08002f46       0x10 c:/ac6/systemworkbench/plugins/fr.ac6.mcu.externaltools.arm-none.win32_1.17.0.201812190825/tools/compiler/bin/../lib/gcc/arm-none-eabi/7.3.1/../../../../arm-none-eabi/lib/thumb/v6-m\libc_nano.a(lib_a-memset.o)
                0x08002f46                memset
 .text.__sfputc_r
                0x08002f56       0x2a c:/ac6/systemworkbench/plugins/fr.ac6.mcu.externaltools.arm-none.win32_1.17.0.201812190825/tools/compiler/bin/../lib/gcc/arm-none-eabi/7.3.1/../../../../arm-none-eabi/lib/thumb/v6-m\libc_nano.a(lib_a-nano-vfprintf.o)
 .text.__sfputs_r
                0x08002f80       0x24 c:/ac6/systemworkbench/plugins/fr.ac6.mcu.externaltools.arm-none.win32_1.17.0.201812190825/tools/compiler/bin/../lib/gcc/arm-none-eabi/7.3.1/../../../../arm-none-eabi/lib/thumb/v6-m\libc_nano.a(lib_a-nano-vfprintf.o)
                0x08002f80                __sfputs_r
 .text._vfprintf_r
                0x08002fa4      0x22c c:/ac6/systemworkbench/plugins/fr.ac6.mcu.externaltools.arm-none.win32_1.17.0.201812190825/tools/compiler/bin/../lib/gcc/arm-none-eabi/7.3.1/../../../../arm-none-eabi/lib/thumb/v6-m\libc_nano.a(lib_a-nano-vfprintf.o)
                0x08002fa4                _vfprintf_r
                0x08002fa4                _vfiprintf_r
 .text._printf_common
                0x080031d0       0xda c:/ac6/systemworkbench/plugins/fr.ac6.mcu.externaltools.arm-none.win32_1.17.0.201812190825/tools/compiler/bin/../lib/gcc/arm-none-eabi/7.3.1/../../../../arm-none-eabi/lib/thumb/v6-m\libc_nano.a(lib_a-nano-vfprintf_i.o)
                0x080031d0                _printf_common
 *fill*         0x080032aa        0x2 
 .text._printf_i
                0x080032ac      0x210 c:/ac6/systemworkbench/plugins/fr.ac6.mcu.externaltools.arm-none.win32_1.17.0.201812190825/tools/compiler/bin/../lib/gcc/arm-none-eabi/7.3.1/../../../../arm-none-eabi/lib/thumb/v6-m\libc_nano.a(lib_a-nano-vfprintf_i.o)
                0x080032ac                _printf_i
 .text.__swbuf_r
                0x080034bc       0xac c:/ac6/systemworkbench/plugins/fr.ac6.mcu.externaltools.arm-none.win32_1.17.0.201812190825/tools/compiler/bin/../lib/gcc/arm-none-eabi/7.3.1/../../../../arm-none-eabi/lib/thumb/v6-m\libc_nano.a(lib_a-wbuf.o)
                0x080034bc                __swbuf_r
 .text.__swsetup_r
                0x08003568       0xec c:/ac6/systemworkbench/plugins/fr.ac6.mcu.externaltools.arm-none.win32_1.17.0.201812190825/tools/compiler/bin/../lib/gcc/arm-none-eabi/7.3.1/../../../../arm-none-eabi/lib/thumb/v6-m\libc_nano.a(lib_a-wsetup.o)
                0x08003568                __swsetup_r
 .text.abort    0x08003654        0xe c:/ac6/systemworkbench/plugins/fr.ac6.mcu.externaltools.arm-none.win32_1.17.0.201812190825/tools/compiler/bin/../lib/gcc/arm-none-eabi/7.3.1/../../../../arm-none-eabi/lib/thumb/v6-m\libc_nano.a(lib_a-abort.o)
                0x08003654                abort
 *fill*         0x08003662        0x2 
 .text.__sflush_r
                0x08003664      0x114 c:/ac6/systemworkbench/plugins/fr.ac6.mcu.externaltools.arm-none.win32_1.17.0.201812190825/tools/compiler/bin/../lib/gcc/arm-none-eabi/7.3.1/../../../../arm-none-eabi/lib/thumb/v6-m\libc_nano.a(lib_a-fflush.o)
                0x08003664                __sflush_r
 .text._fflush_r
                0x08003778       0x58 c:/ac6/systemworkbench/plugins/fr.ac6.mcu.externaltools.arm-none.win32_1.17.0.201812190825/tools/compiler/bin/../lib/gcc/arm-none-eabi/7.3.1/../../../../arm-none-eabi/lib/thumb/v6-m\libc_nano.a(lib_a-fflush.o)
                0x08003778                _fflush_r
 .text.std      0x080037d0       0x48 c:/ac6/systemworkbench/plugins/fr.ac6.mcu.externaltools.arm-none.win32_1.17.0.201812190825/tools/compiler/bin/../lib/gcc/arm-none-eabi/7.3.1/../../../../arm-none-eabi/lib/thumb/v6-m\libc_nano.a(lib_a-findfp.o)
 .text._cleanup_r
                0x08003818       0x10 c:/ac6/systemworkbench/plugins/fr.ac6.mcu.externaltools.arm-none.win32_1.17.0.201812190825/tools/compiler/bin/../lib/gcc/arm-none-eabi/7.3.1/../../../../arm-none-eabi/lib/thumb/v6-m\libc_nano.a(lib_a-findfp.o)
                0x08003818                _cleanup_r
 .text.__sfmoreglue
                0x08003828       0x2c c:/ac6/systemworkbench/plugins/fr.ac6.mcu.externaltools.arm-none.win32_1.17.0.201812190825/tools/compiler/bin/../lib/gcc/arm-none-eabi/7.3.1/../../../../arm-none-eabi/lib/thumb/v6-m\libc_nano.a(lib_a-findfp.o)
                0x08003828                __sfmoreglue
 .text.__sinit  0x08003854       0x68 c:/ac6/systemworkbench/plugins/fr.ac6.mcu.externaltools.arm-none.win32_1.17.0.201812190825/tools/compiler/bin/../lib/gcc/arm-none-eabi/7.3.1/../../../../arm-none-eabi/lib/thumb/v6-m\libc_nano.a(lib_a-findfp.o)
                0x08003854                __sinit
 .text.__sfp    0x080038bc       0x7c c:/ac6/systemworkbench/plugins/fr.ac6.mcu.externaltools.arm-none.win32_1.17.0.201812190825/tools/compiler/bin/../lib/gcc/arm-none-eabi/7.3.1/../../../../arm-none-eabi/lib/thumb/v6-m\libc_nano.a(lib_a-findfp.o)
                0x080038bc                __sfp
 .text._fwalk_reent
                0x08003938       0x42 c:/ac6/systemworkbench/plugins/fr.ac6.mcu.externaltools.arm-none.win32_1.17.0.201812190825/tools/compiler/bin/../lib/gcc/arm-none-eabi/7.3.1/../../../../arm-none-eabi/lib/thumb/v6-m\libc_nano.a(lib_a-fwalk.o)
                0x08003938                _fwalk_reent
 *fill*         0x0800397a        0x2 
 .text.__swhatbuf_r
                0x0800397c       0x50 c:/ac6/systemworkbench/plugins/fr.ac6.mcu.externaltools.arm-none.win32_1.17.0.201812190825/tools/compiler/bin/../lib/gcc/arm-none-eabi/7.3.1/../../../../arm-none-eabi/lib/thumb/v6-m\libc_nano.a(lib_a-makebuf.o)
                0x0800397c                __swhatbuf_r
 .text.__smakebuf_r
                0x080039cc       0x88 c:/ac6/systemworkbench/plugins/fr.ac6.mcu.externaltools.arm-none.win32_1.17.0.201812190825/tools/compiler/bin/../lib/gcc/arm-none-eabi/7.3.1/../../../../arm-none-eabi/lib/thumb/v6-m\libc_nano.a(lib_a-makebuf.o)
                0x080039cc                __smakebuf_r
 .text.memchr   0x08003a54       0x16 c:/ac6/systemworkbench/plugins/fr.ac6.mcu.externaltools.arm-none.win32_1.17.0.201812190825/tools/compiler/bin/../lib/gcc/arm-none-eabi/7.3.1/../../../../arm-none-eabi/lib/thumb/v6-m\libc_nano.a(lib_a-memchr-stub.o)
                0x08003a54                memchr
 *fill*         0x08003a6a        0x2 
 .text._free_r  0x08003a6c       0x94 c:/ac6/systemworkbench/plugins/fr.ac6.mcu.externaltools.arm-none.win32_1.17.0.201812190825/tools/compiler/bin/../lib/gcc/arm-none-eabi/7.3.1/../../../../arm-none-eabi/lib/thumb/v6-m\libc_nano.a(lib_a-nano-freer.o)
                0x08003a6c                _free_r
 .text._malloc_r
                0x08003b00       0xbc c:/ac6/systemworkbench/plugins/fr.ac6.mcu.externaltools.arm-none.win32_1.17.0.201812190825/tools/compiler/bin/../lib/gcc/arm-none-eabi/7.3.1/../../../../arm-none-eabi/lib/thumb/v6-m\libc_nano.a(lib_a-nano-mallocr.o)
                0x08003b00                _malloc_r
 .text._sbrk_r  0x08003bbc       0x24 c:/ac6/systemworkbench/plugins/fr.ac6.mcu.externaltools.arm-none.win32_1.17.0.201812190825/tools/compiler/bin/../lib/gcc/arm-none-eabi/7.3.1/../../../../arm-none-eabi/lib/thumb/v6-m\libc_nano.a(lib_a-sbrkr.o)
                0x08003bbc                _sbrk_r
 .text._raise_r
                0x08003be0       0x54 c:/ac6/systemworkbench/plugins/fr.ac6.mcu.externaltools.arm-none.win32_1.17.0.201812190825/tools/compiler/bin/../lib/gcc/arm-none-eabi/7.3.1/../../../../arm-none-eabi/lib/thumb/v6-m\libc_nano.a(lib_a-signal.o)
                0x08003be0                _raise_r
 .text.raise    0x08003c34       0x14 c:/ac6/systemworkbench/plugins/fr.ac6.mcu.externaltools.arm-none.win32_1.17.0.201812190825/tools/compiler/bin/../lib/gcc/arm-none-eabi/7.3.1/../../../../arm-none-eabi/lib/thumb/v6-m\libc_nano.a(lib_a-signal.o)
                0x08003c34                raise
 .text._kill_r  0x08003c48       0x24 c:/ac6/systemworkbench/plugins/fr.ac6.mcu.externaltools.arm-none.win32_1.17.0.201812190825/tools/compiler/bin/../lib/gcc/arm-none-eabi/7.3.1/../../../../arm-none-eabi/lib/thumb/v6-m\libc_nano.a(lib_a-signalr.o)
                0x08003c48                _kill_r
 .text._getpid_r
                0x08003c6c        0x8 c:/ac6/systemworkbench/plugins/fr.ac6.mcu.externaltools.arm-none.win32_1.17.0.201812190825/tools/compiler/bin/../lib/gcc/arm-none-eabi/7.3.1/../../../../arm-none-eabi/lib/thumb/v6-m\libc_nano.a(lib_a-signalr.o)
                0x08003c6c                _getpid_r
 .text.__sread  0x08003c74       0x28 c:/ac6/systemworkbench/plugins/fr.ac6.mcu.externaltools.arm-none.win32_1.17.0.201812190825/tools/compiler/bin/../lib/gcc/arm-none-eabi/7.3.1/../../../../arm-none-eabi/lib/thumb/v6-m\libc_nano.a(lib_a-stdio.o)
                0x08003c74                __sread
 .text.__swrite
                0x08003c9c       0x38 c:/ac6/systemworkbench/plugins/fr.ac6.mcu.externaltools.arm-none.win32_1.17.0.201812190825/tools/compiler/bin/../lib/gcc/arm-none-eabi/7.3.1/../../../../arm-none-eabi/lib/thumb/v6-m\libc_nano.a(lib_a-stdio.o)
                0x08003c9c                __swrite
 .text.__sseek  0x08003cd4       0x2c c:/ac6/systemworkbench/plugins/fr.ac6.mcu.externaltools.arm-none.win32_1.17.0.201812190825/tools/compiler/bin/../lib/gcc/arm-none-eabi/7.3.1/../../../../arm-none-eabi/lib/thumb/v6-m\libc_nano.a(lib_a-stdio.o)
                0x08003cd4                __sseek
 .text.__sclose
                0x08003d00        0xc c:/ac6/systemworkbench/plugins/fr.ac6.mcu.externaltools.arm-none.win32_1.17.0.201812190825/tools/compiler/bin/../lib/gcc/arm-none-eabi/7.3.1/../../../../arm-none-eabi/lib/thumb/v6-m\libc_nano.a(lib_a-stdio.o)
                0x08003d00                __sclose
 .text._write_r
                0x08003d0c       0x28 c:/ac6/systemworkbench/plugins/fr.ac6.mcu.externaltools.arm-none.win32_1.17.0.201812190825/tools/compiler/bin/../lib/gcc/arm-none-eabi/7.3.1/../../../../arm-none-eabi/lib/thumb/v6-m\libc_nano.a(lib_a-writer.o)
                0x08003d0c                _write_r
 .text._close_r
                0x08003d34       0x24 c:/ac6/systemworkbench/plugins/fr.ac6.mcu.externaltools.arm-none.win32_1.17.0.201812190825/tools/compiler/bin/../lib/gcc/arm-none-eabi/7.3.1/../../../../arm-none-eabi/lib/thumb/v6-m\libc_nano.a(lib_a-closer.o)
                0x08003d34                _close_r
 .text._fstat_r
                0x08003d58       0x24 c:/ac6/systemworkbench/plugins/fr.ac6.mcu.externaltools.arm-none.win32_1.17.0.201812190825/tools/compiler/bin/../lib/gcc/arm-none-eabi/7.3.1/../../../../arm-none-eabi/lib/thumb/v6-m\libc_nano.a(lib_a-fstatr.o)
                0x08003d58                _fstat_r
 .text._isatty_r
                0x08003d7c       0x24 c:/ac6/systemworkbench/plugins/fr.ac6.mcu.externaltools.arm-none.win32_1.17.0.201812190825/tools/compiler/bin/../lib/gcc/arm-none-eabi/7.3.1/../../../../arm-none-eabi/lib/thumb/v6-m\libc_nano.a(lib_a-isattyr.o)
                0x08003d7c                _isatty_r
 .text._lseek_r
                0x08003da0       0x28 c:/ac6/systemworkbench/plugins/fr.ac6.mcu.externaltools.arm-none.win32_1.17.0.201812190825/tools/compiler/bin/../lib/gcc/arm-none-eabi/7.3.1/../../../../arm-none-eabi/lib/thumb/v6-m\libc_nano.a(lib_a-lseekr.o)
                0x08003da0                _lseek_r
 .text.__malloc_lock
                0x08003dc8        0x2 c:/ac6/systemworkbench/plugins/fr.ac6.mcu.externaltools.arm-none.win32_1.17.0.201812190825/tools/compiler/bin/../lib/gcc/arm-none-eabi/7.3.1/../../../../arm-none-eabi/lib/thumb/v6-m\libc_nano.a(lib_a-mlock.o)
                0x08003dc8                __malloc_lock
 .text.__malloc_unlock
                0x08003dca        0x2 c:/ac6/systemworkbench/plugins/fr.ac6.mcu.externaltools.arm-none.win32_1.17.0.201812190825/tools/compiler/bin/../lib/gcc/arm-none-eabi/7.3.1/../../../../arm-none-eabi/lib/thumb/v6-m\libc_nano.a(lib_a-mlock.o)
                0x08003dca                __malloc_unlock
 .text._read_r  0x08003dcc       0x28 c:/ac6/systemworkbench/plugins/fr.ac6.mcu.externaltools.arm-none.win32_1.17.0.201812190825/tools/compiler/bin/../lib/gcc/arm-none-eabi/7.3.1/../../../../arm-none-eabi/lib/thumb/v6-m\libc_nano.a(lib_a-readr.o)
                0x08003dcc                _read_r
 *(.glue_7)
 .glue_7        0x08003df4        0x0 linker stubs
 *(.glue_7t)
 .glue_7t       0x08003df4        0x0 linker stubs
 *(.eh_frame)
 .eh_frame      0x08003df4        0x0 c:/ac6/systemworkbench/plugins/fr.ac6.mcu.externaltools.arm-none.win32_1.17.0.201812190825/tools/compiler/bin/../lib/gcc/arm-none-eabi/7.3.1/thumb/v6-m/crtbegin.o
 *(.init)
 .init          0x08003df4        0x4 c:/ac6/systemworkbench/plugins/fr.ac6.mcu.externaltools.arm-none.win32_1.17.0.201812190825/tools/compiler/bin/../lib/gcc/arm-none-eabi/7.3.1/thumb/v6-m/crti.o
                0x08003df4                _init
 .init          0x08003df8        0x8 c:/ac6/systemworkbench/plugins/fr.ac6.mcu.externaltools.arm-none.win32_1.17.0.201812190825/tools/compiler/bin/../lib/gcc/arm-none-eabi/7.3.1/thumb/v6-m/crtn.o
 *(.fini)
 .fini          0x08003e00        0x4 c:/ac6/systemworkbench/plugins/fr.ac6.mcu.externaltools.arm-none.win32_1.17.0.201812190825/tools/compiler/bin/../lib/gcc/arm-none-eabi/7.3.1/thumb/v6-m/crti.o
                0x08003e00                _fini
 .fini          0x08003e04        0x8 c:/ac6/systemworkbench/plugins/fr.ac6.mcu.externaltools.arm-none.win32_1.17.0.201812190825/tools/compiler/bin/../lib/gcc/arm-none-eabi/7.3.1/thumb/v6-m/crtn.o
                0x08003e0c                . = ALIGN (0x4)
                0x08003e0c                _etext = .

.vfp11_veneer   0x08003e0c        0x0
 .vfp11_veneer  0x08003e0c        0x0 linker stubs

.v4_bx          0x08003e0c        0x0
 .v4_bx         0x08003e0c        0x0 linker stubs

.iplt           0x08003e0c        0x0
 .iplt          0x08003e0c        0x0 c:/ac6/systemworkbench/plugins/fr.ac6.mcu.externaltools.arm-none.win32_1.17.0.201812190825/tools/compiler/bin/../lib/gcc/arm-none-eabi/7.3.1/thumb/v6-m/crtbegin.o

.rodata         0x08003e0c      0x444
                0x08003e0c                . = ALIGN (0x4)
 *(.rodata)
 .rodata        0x08003e0c       0x20 Drivers/STM32F0xx_HAL_Driver/Src/stm32f0xx_hal_rcc.o
 .rodata        0x08003e2c      0x200 Middlewares/modbus/rtu/mbcrc.o
 .rodata        0x0800402c       0x4e Middlewares/modbus/rtu/mbrtu.o
 *fill*         0x0800407a        0x2 
 .rodata        0x0800407c       0x18 Src/system_stm32f0xx.o
                0x0800407c                AHBPrescTable
                0x0800408c                APBPrescTable
 *(.rodata*)
 .rodata.str1.4
                0x08004094       0xe8 Middlewares/modbus/rtu/mbrtu.o
                                 0xe7 (size before relaxing)
 .rodata.__assert_func.str1.1
                0x0800417c       0x3c c:/ac6/systemworkbench/plugins/fr.ac6.mcu.externaltools.arm-none.win32_1.17.0.201812190825/tools/compiler/bin/../lib/gcc/arm-none-eabi/7.3.1/../../../../arm-none-eabi/lib/thumb/v6-m\libc_nano.a(lib_a-assert.o)
                                 0x3d (size before relaxing)
 .rodata._global_impure_ptr
                0x080041b8        0x4 c:/ac6/systemworkbench/plugins/fr.ac6.mcu.externaltools.arm-none.win32_1.17.0.201812190825/tools/compiler/bin/../lib/gcc/arm-none-eabi/7.3.1/../../../../arm-none-eabi/lib/thumb/v6-m\libc_nano.a(lib_a-impure.o)
                0x080041b8                _global_impure_ptr
 .rodata._vfprintf_r.str1.1
                0x080041bc       0x11 c:/ac6/systemworkbench/plugins/fr.ac6.mcu.externaltools.arm-none.win32_1.17.0.201812190825/tools/compiler/bin/../lib/gcc/arm-none-eabi/7.3.1/../../../../arm-none-eabi/lib/thumb/v6-m\libc_nano.a(lib_a-nano-vfprintf.o)
 .rodata._printf_i.str1.1
                0x080041cd       0x22 c:/ac6/systemworkbench/plugins/fr.ac6.mcu.externaltools.arm-none.win32_1.17.0.201812190825/tools/compiler/bin/../lib/gcc/arm-none-eabi/7.3.1/../../../../arm-none-eabi/lib/thumb/v6-m\libc_nano.a(lib_a-nano-vfprintf_i.o)
 *fill*         0x080041ef        0x1 
 .rodata.__sf_fake_stderr
                0x080041f0       0x20 c:/ac6/systemworkbench/plugins/fr.ac6.mcu.externaltools.arm-none.win32_1.17.0.201812190825/tools/compiler/bin/../lib/gcc/arm-none-eabi/7.3.1/../../../../arm-none-eabi/lib/thumb/v6-m\libc_nano.a(lib_a-findfp.o)
                0x080041f0                __sf_fake_stderr
 .rodata.__sf_fake_stdin
                0x08004210       0x20 c:/ac6/systemworkbench/plugins/fr.ac6.mcu.externaltools.arm-none.win32_1.17.0.201812190825/tools/compiler/bin/../lib/gcc/arm-none-eabi/7.3.1/../../../../arm-none-eabi/lib/thumb/v6-m\libc_nano.a(lib_a-findfp.o)
                0x08004210                __sf_fake_stdin
 .rodata.__sf_fake_stdout
                0x08004230       0x20 c:/ac6/systemworkbench/plugins/fr.ac6.mcu.externaltools.arm-none.win32_1.17.0.201812190825/tools/compiler/bin/../lib/gcc/arm-none-eabi/7.3.1/../../../../arm-none-eabi/lib/thumb/v6-m\libc_nano.a(lib_a-findfp.o)
                0x08004230                __sf_fake_stdout
                0x08004250                . = ALIGN (0x4)

.rel.dyn        0x08004250        0x0
 .rel.iplt      0x08004250        0x0 c:/ac6/systemworkbench/plugins/fr.ac6.mcu.externaltools.arm-none.win32_1.17.0.201812190825/tools/compiler/bin/../lib/gcc/arm-none-eabi/7.3.1/thumb/v6-m/crtbegin.o

.ARM.extab
 *(.ARM.extab* .gnu.linkonce.armextab.*)

.ARM            0x08004250        0x0
                0x08004250                __exidx_start = .
 *(.ARM.exidx*)
                0x08004250                __exidx_end = .

.preinit_array  0x08004250        0x0
                0x08004250                PROVIDE (__preinit_array_start = .)
 *(.preinit_array*)
                0x08004250                PROVIDE (__preinit_array_end = .)

.init_array     0x08004250        0x4
                0x08004250                PROVIDE (__init_array_start = .)
 *(SORT_BY_NAME(.init_array.*))
 *(.init_array*)
 .init_array    0x08004250        0x4 c:/ac6/systemworkbench/plugins/fr.ac6.mcu.externaltools.arm-none.win32_1.17.0.201812190825/tools/compiler/bin/../lib/gcc/arm-none-eabi/7.3.1/thumb/v6-m/crtbegin.o
                0x08004254                PROVIDE (__init_array_end = .)

.fini_array     0x08004254        0x4
                [!provide]                PROVIDE (__fini_array_start = .)
 *(SORT_BY_NAME(.fini_array.*))
 *(.fini_array*)
 .fini_array    0x08004254        0x4 c:/ac6/systemworkbench/plugins/fr.ac6.mcu.externaltools.arm-none.win32_1.17.0.201812190825/tools/compiler/bin/../lib/gcc/arm-none-eabi/7.3.1/thumb/v6-m/crtbegin.o
                [!provide]                PROVIDE (__fini_array_end = .)
                0x08004258                _sidata = LOADADDR (.data)

.data           0x20000000       0xec load address 0x08004258
                0x20000000                . = ALIGN (0x4)
                0x20000000                _sdata = .
 *(.data)
 .data          0x20000000       0x84 Middlewares/modbus/mb.o
 .data          0x20000084        0x4 Src/system_stm32f0xx.o
                0x20000084                SystemCoreClock
 *(.data*)
 .data._impure_ptr
                0x20000088        0x4 c:/ac6/systemworkbench/plugins/fr.ac6.mcu.externaltools.arm-none.win32_1.17.0.201812190825/tools/compiler/bin/../lib/gcc/arm-none-eabi/7.3.1/../../../../arm-none-eabi/lib/thumb/v6-m\libc_nano.a(lib_a-impure.o)
                0x20000088                _impure_ptr
 .data.impure_data
                0x2000008c       0x60 c:/ac6/systemworkbench/plugins/fr.ac6.mcu.externaltools.arm-none.win32_1.17.0.201812190825/tools/compiler/bin/../lib/gcc/arm-none-eabi/7.3.1/../../../../arm-none-eabi/lib/thumb/v6-m\libc_nano.a(lib_a-impure.o)
                0x200000ec                . = ALIGN (0x4)
                0x200000ec                _edata = .

.igot.plt       0x200000ec        0x0 load address 0x08004344
 .igot.plt      0x200000ec        0x0 c:/ac6/systemworkbench/plugins/fr.ac6.mcu.externaltools.arm-none.win32_1.17.0.201812190825/tools/compiler/bin/../lib/gcc/arm-none-eabi/7.3.1/thumb/v6-m/crtbegin.o
                0x200000ec                . = ALIGN (0x4)

.bss            0x200000ec      0x690 load address 0x08004344
                0x200000ec                _sbss = .
                0x200000ec                __bss_start__ = _sbss
 *(.bss)
 .bss           0x200000ec       0x1c c:/ac6/systemworkbench/plugins/fr.ac6.mcu.externaltools.arm-none.win32_1.17.0.201812190825/tools/compiler/bin/../lib/gcc/arm-none-eabi/7.3.1/thumb/v6-m/crtbegin.o
 .bss           0x20000108       0x22 Middlewares/modbus/functions/mbfuncother.o
 *fill*         0x2000012a        0x2 
 .bss           0x2000012c       0x23 Middlewares/modbus/mb.o
 .bss           0x2000014f        0x2 Middlewares/modbus/port/portevent.o
 *fill*         0x20000151        0x1 
 .bss           0x20000152        0x4 Middlewares/modbus/port/porttimer.o
                0x20000152                timeout
                0x20000154                downcounter
 *fill*         0x20000156        0x2 
 .bss           0x20000158        0xb Middlewares/modbus/rtu/mbrtu.o
 *fill*         0x20000163        0x1 
 .bss           0x20000164      0x12c Src/main.o
 .bss           0x20000290        0x8 Src/syscalls.o
                0x20000294                __env
 *(.bss*)
 .bss.__malloc_free_list
                0x20000298        0x4 c:/ac6/systemworkbench/plugins/fr.ac6.mcu.externaltools.arm-none.win32_1.17.0.201812190825/tools/compiler/bin/../lib/gcc/arm-none-eabi/7.3.1/../../../../arm-none-eabi/lib/thumb/v6-m\libc_nano.a(lib_a-nano-mallocr.o)
                0x20000298                __malloc_free_list
 .bss.__malloc_sbrk_start
                0x2000029c        0x4 c:/ac6/systemworkbench/plugins/fr.ac6.mcu.externaltools.arm-none.win32_1.17.0.201812190825/tools/compiler/bin/../lib/gcc/arm-none-eabi/7.3.1/../../../../arm-none-eabi/lib/thumb/v6-m\libc_nano.a(lib_a-nano-mallocr.o)
                0x2000029c                __malloc_sbrk_start
 *(COMMON)
 COMMON         0x200002a0        0x4 Drivers/STM32F0xx_HAL_Driver/Src/stm32f0xx_hal.o
                0x200002a0                uwTick
 COMMON         0x200002a4       0x14 Middlewares/modbus/mb.o
                0x200002a4                pxMBFrameCBTransmitterEmpty
                0x200002a8                pxMBPortCBTimerExpired
                0x200002ac                pxMBFrameCBByteReceived
                0x200002b0                pxMBFrameCBTransmitFSMCur
                0x200002b4                pxMBFrameCBReceiveFSMCur
 COMMON         0x200002b8      0x100 Middlewares/modbus/rtu/mbrtu.o
                0x200002b8                ucRTUBuf
 COMMON         0x200003b8      0x3c0 Src/main.o
                0x200003b8                hspi2
                0x2000041c                huart3
                0x2000048c                hi2c2
                0x200004d8                hpcd_USB_FS
                0x200006f8                htim7
                0x20000738                htsc
 COMMON         0x20000778        0x4 c:/ac6/systemworkbench/plugins/fr.ac6.mcu.externaltools.arm-none.win32_1.17.0.201812190825/tools/compiler/bin/../lib/gcc/arm-none-eabi/7.3.1/../../../../arm-none-eabi/lib/thumb/v6-m\libc_nano.a(lib_a-reent.o)
                0x20000778                errno
                0x2000077c                . = ALIGN (0x4)
                0x2000077c                _ebss = .
                0x2000077c                __bss_end__ = _ebss

._user_heap_stack
                0x2000077c      0x604 load address 0x08004344
                0x20000780                . = ALIGN (0x8)
 *fill*         0x2000077c        0x4 
                0x20000780                PROVIDE (end = .)
                [!provide]                PROVIDE (_end = .)
                0x20000980                . = (. + _Min_Heap_Size)
 *fill*         0x20000780      0x200 
                0x20000d80                . = (. + _Min_Stack_Size)
 *fill*         0x20000980      0x400 
                0x20000d80                . = ALIGN (0x8)

/DISCARD/
 libc.a(*)
 libm.a(*)
 libgcc.a(*)

.ARM.attributes
                0x00000000       0x28
 *(.ARM.attributes)
 .ARM.attributes
                0x00000000       0x1e c:/ac6/systemworkbench/plugins/fr.ac6.mcu.externaltools.arm-none.win32_1.17.0.201812190825/tools/compiler/bin/../lib/gcc/arm-none-eabi/7.3.1/thumb/v6-m/crti.o
 .ARM.attributes
                0x0000001e       0x2c c:/ac6/systemworkbench/plugins/fr.ac6.mcu.externaltools.arm-none.win32_1.17.0.201812190825/tools/compiler/bin/../lib/gcc/arm-none-eabi/7.3.1/thumb/v6-m/crtbegin.o
 .ARM.attributes
                0x0000004a       0x31 Drivers/STM32F0xx_HAL_Driver/Src/stm32f0xx_hal.o
 .ARM.attributes
                0x0000007b       0x31 Drivers/STM32F0xx_HAL_Driver/Src/stm32f0xx_hal_cortex.o
 .ARM.attributes
                0x000000ac       0x31 Drivers/STM32F0xx_HAL_Driver/Src/stm32f0xx_hal_dma.o
 .ARM.attributes
                0x000000dd       0x31 Drivers/STM32F0xx_HAL_Driver/Src/stm32f0xx_hal_gpio.o
 .ARM.attributes
                0x0000010e       0x31 Drivers/STM32F0xx_HAL_Driver/Src/stm32f0xx_hal_i2c.o
 .ARM.attributes
                0x0000013f       0x31 Drivers/STM32F0xx_HAL_Driver/Src/stm32f0xx_hal_i2c_ex.o
 .ARM.attributes
                0x00000170       0x31 Drivers/STM32F0xx_HAL_Driver/Src/stm32f0xx_hal_pcd.o
 .ARM.attributes
                0x000001a1       0x31 Drivers/STM32F0xx_HAL_Driver/Src/stm32f0xx_hal_rcc.o
 .ARM.attributes
                0x000001d2       0x31 Drivers/STM32F0xx_HAL_Driver/Src/stm32f0xx_hal_rcc_ex.o
 .ARM.attributes
                0x00000203       0x31 Drivers/STM32F0xx_HAL_Driver/Src/stm32f0xx_hal_spi.o
 .ARM.attributes
                0x00000234       0x31 Drivers/STM32F0xx_HAL_Driver/Src/stm32f0xx_hal_tim.o
 .ARM.attributes
                0x00000265       0x31 Drivers/STM32F0xx_HAL_Driver/Src/stm32f0xx_hal_tim_ex.o
 .ARM.attributes
                0x00000296       0x31 Drivers/STM32F0xx_HAL_Driver/Src/stm32f0xx_hal_tsc.o
 .ARM.attributes
                0x000002c7       0x31 Drivers/STM32F0xx_HAL_Driver/Src/stm32f0xx_hal_uart.o
 .ARM.attributes
                0x000002f8       0x31 Drivers/STM32F0xx_HAL_Driver/Src/stm32f0xx_hal_uart_ex.o
 .ARM.attributes
                0x00000329       0x31 Middlewares/modbus/functions/mbfunccoils.o
 .ARM.attributes
                0x0000035a       0x31 Middlewares/modbus/functions/mbfuncdisc.o
 .ARM.attributes
                0x0000038b       0x31 Middlewares/modbus/functions/mbfuncholding.o
 .ARM.attributes
                0x000003bc       0x31 Middlewares/modbus/functions/mbfuncinput.o
 .ARM.attributes
                0x000003ed       0x31 Middlewares/modbus/functions/mbfuncother.o
 .ARM.attributes
                0x0000041e       0x31 Middlewares/modbus/functions/mbutils.o
 .ARM.attributes
                0x0000044f       0x31 Middlewares/modbus/mb.o
 .ARM.attributes
                0x00000480       0x31 Middlewares/modbus/port/portevent.o
 .ARM.attributes
                0x000004b1       0x31 Middlewares/modbus/port/portserial.o
 .ARM.attributes
                0x000004e2       0x31 Middlewares/modbus/port/porttimer.o
 .ARM.attributes
                0x00000513       0x31 Middlewares/modbus/rtu/mbcrc.o
 .ARM.attributes
                0x00000544       0x31 Middlewares/modbus/rtu/mbrtu.o
 .ARM.attributes
                0x00000575       0x31 Src/main.o
 .ARM.attributes
                0x000005a6       0x31 Src/stm32f0xx_hal_msp.o
 .ARM.attributes
                0x000005d7       0x31 Src/stm32f0xx_it.o
 .ARM.attributes
                0x00000608       0x31 Src/syscalls.o
 .ARM.attributes
                0x00000639       0x31 Src/system_stm32f0xx.o
 .ARM.attributes
                0x0000066a       0x21 startup/startup_stm32f072xb.o
 .ARM.attributes
                0x0000068b       0x1e c:/ac6/systemworkbench/plugins/fr.ac6.mcu.externaltools.arm-none.win32_1.17.0.201812190825/tools/compiler/bin/../lib/gcc/arm-none-eabi/7.3.1/thumb/v6-m\libgcc.a(_udivsi3.o)
 .ARM.attributes
                0x000006a9       0x1e c:/ac6/systemworkbench/plugins/fr.ac6.mcu.externaltools.arm-none.win32_1.17.0.201812190825/tools/compiler/bin/../lib/gcc/arm-none-eabi/7.3.1/thumb/v6-m\libgcc.a(_dvmd_tls.o)
 .ARM.attributes
                0x000006c7       0x2c c:/ac6/systemworkbench/plugins/fr.ac6.mcu.externaltools.arm-none.win32_1.17.0.201812190825/tools/compiler/bin/../lib/gcc/arm-none-eabi/7.3.1/../../../../arm-none-eabi/lib/thumb/v6-m\libc_nano.a(lib_a-assert.o)
 .ARM.attributes
                0x000006f3       0x2c c:/ac6/systemworkbench/plugins/fr.ac6.mcu.externaltools.arm-none.win32_1.17.0.201812190825/tools/compiler/bin/../lib/gcc/arm-none-eabi/7.3.1/../../../../arm-none-eabi/lib/thumb/v6-m\libc_nano.a(lib_a-errno.o)
 .ARM.attributes
                0x0000071f       0x2c c:/ac6/systemworkbench/plugins/fr.ac6.mcu.externaltools.arm-none.win32_1.17.0.201812190825/tools/compiler/bin/../lib/gcc/arm-none-eabi/7.3.1/../../../../arm-none-eabi/lib/thumb/v6-m\libc_nano.a(lib_a-fprintf.o)
 .ARM.attributes
                0x0000074b       0x2c c:/ac6/systemworkbench/plugins/fr.ac6.mcu.externaltools.arm-none.win32_1.17.0.201812190825/tools/compiler/bin/../lib/gcc/arm-none-eabi/7.3.1/../../../../arm-none-eabi/lib/thumb/v6-m\libc_nano.a(lib_a-impure.o)
 .ARM.attributes
                0x00000777       0x2c c:/ac6/systemworkbench/plugins/fr.ac6.mcu.externaltools.arm-none.win32_1.17.0.201812190825/tools/compiler/bin/../lib/gcc/arm-none-eabi/7.3.1/../../../../arm-none-eabi/lib/thumb/v6-m\libc_nano.a(lib_a-init.o)
 .ARM.attributes
                0x000007a3       0x2c c:/ac6/systemworkbench/plugins/fr.ac6.mcu.externaltools.arm-none.win32_1.17.0.201812190825/tools/compiler/bin/../lib/gcc/arm-none-eabi/7.3.1/../../../../arm-none-eabi/lib/thumb/v6-m\libc_nano.a(lib_a-memcpy-stub.o)
 .ARM.attributes
                0x000007cf       0x2c c:/ac6/systemworkbench/plugins/fr.ac6.mcu.externaltools.arm-none.win32_1.17.0.201812190825/tools/compiler/bin/../lib/gcc/arm-none-eabi/7.3.1/../../../../arm-none-eabi/lib/thumb/v6-m\libc_nano.a(lib_a-memset.o)
 .ARM.attributes
                0x000007fb       0x2c c:/ac6/systemworkbench/plugins/fr.ac6.mcu.externaltools.arm-none.win32_1.17.0.201812190825/tools/compiler/bin/../lib/gcc/arm-none-eabi/7.3.1/../../../../arm-none-eabi/lib/thumb/v6-m\libc_nano.a(lib_a-nano-vfprintf.o)
 .ARM.attributes
                0x00000827       0x2c c:/ac6/systemworkbench/plugins/fr.ac6.mcu.externaltools.arm-none.win32_1.17.0.201812190825/tools/compiler/bin/../lib/gcc/arm-none-eabi/7.3.1/../../../../arm-none-eabi/lib/thumb/v6-m\libc_nano.a(lib_a-nano-vfprintf_i.o)
 .ARM.attributes
                0x00000853       0x2c c:/ac6/systemworkbench/plugins/fr.ac6.mcu.externaltools.arm-none.win32_1.17.0.201812190825/tools/compiler/bin/../lib/gcc/arm-none-eabi/7.3.1/../../../../arm-none-eabi/lib/thumb/v6-m\libc_nano.a(lib_a-wbuf.o)
 .ARM.attributes
                0x0000087f       0x2c c:/ac6/systemworkbench/plugins/fr.ac6.mcu.externaltools.arm-none.win32_1.17.0.201812190825/tools/compiler/bin/../lib/gcc/arm-none-eabi/7.3.1/../../../../arm-none-eabi/lib/thumb/v6-m\libc_nano.a(lib_a-wsetup.o)
 .ARM.attributes
                0x000008ab       0x2c c:/ac6/systemworkbench/plugins/fr.ac6.mcu.externaltools.arm-none.win32_1.17.0.201812190825/tools/compiler/bin/../lib/gcc/arm-none-eabi/7.3.1/../../../../arm-none-eabi/lib/thumb/v6-m\libc_nano.a(lib_a-abort.o)
 .ARM.attributes
                0x000008d7       0x2c c:/ac6/systemworkbench/plugins/fr.ac6.mcu.externaltools.arm-none.win32_1.17.0.201812190825/tools/compiler/bin/../lib/gcc/arm-none-eabi/7.3.1/../../../../arm-none-eabi/lib/thumb/v6-m\libc_nano.a(lib_a-fflush.o)
 .ARM.attributes
                0x00000903       0x2c c:/ac6/systemworkbench/plugins/fr.ac6.mcu.externaltools.arm-none.win32_1.17.0.201812190825/tools/compiler/bin/../lib/gcc/arm-none-eabi/7.3.1/../../../../arm-none-eabi/lib/thumb/v6-m\libc_nano.a(lib_a-findfp.o)
 .ARM.attributes
                0x0000092f       0x2c c:/ac6/systemworkbench/plugins/fr.ac6.mcu.externaltools.arm-none.win32_1.17.0.201812190825/tools/compiler/bin/../lib/gcc/arm-none-eabi/7.3.1/../../../../arm-none-eabi/lib/thumb/v6-m\libc_nano.a(lib_a-fwalk.o)
 .ARM.attributes
                0x0000095b       0x2c c:/ac6/systemworkbench/plugins/fr.ac6.mcu.externaltools.arm-none.win32_1.17.0.201812190825/tools/compiler/bin/../lib/gcc/arm-none-eabi/7.3.1/../../../../arm-none-eabi/lib/thumb/v6-m\libc_nano.a(lib_a-makebuf.o)
 .ARM.attributes
                0x00000987       0x2c c:/ac6/systemworkbench/plugins/fr.ac6.mcu.externaltools.arm-none.win32_1.17.0.201812190825/tools/compiler/bin/../lib/gcc/arm-none-eabi/7.3.1/../../../../arm-none-eabi/lib/thumb/v6-m\libc_nano.a(lib_a-memchr-stub.o)
 .ARM.attributes
                0x000009b3       0x2c c:/ac6/systemworkbench/plugins/fr.ac6.mcu.externaltools.arm-none.win32_1.17.0.201812190825/tools/compiler/bin/../lib/gcc/arm-none-eabi/7.3.1/../../../../arm-none-eabi/lib/thumb/v6-m\libc_nano.a(lib_a-nano-freer.o)
 .ARM.attributes
                0x000009df       0x2c c:/ac6/systemworkbench/plugins/fr.ac6.mcu.externaltools.arm-none.win32_1.17.0.201812190825/tools/compiler/bin/../lib/gcc/arm-none-eabi/7.3.1/../../../../arm-none-eabi/lib/thumb/v6-m\libc_nano.a(lib_a-nano-mallocr.o)
 .ARM.attributes
                0x00000a0b       0x2c c:/ac6/systemworkbench/plugins/fr.ac6.mcu.externaltools.arm-none.win32_1.17.0.201812190825/tools/compiler/bin/../lib/gcc/arm-none-eabi/7.3.1/../../../../arm-none-eabi/lib/thumb/v6-m\libc_nano.a(lib_a-sbrkr.o)
 .ARM.attributes
                0x00000a37       0x2c c:/ac6/systemworkbench/plugins/fr.ac6.mcu.externaltools.arm-none.win32_1.17.0.201812190825/tools/compiler/bin/../lib/gcc/arm-none-eabi/7.3.1/../../../../arm-none-eabi/lib/thumb/v6-m\libc_nano.a(lib_a-signal.o)
 .ARM.attributes
                0x00000a63       0x2c c:/ac6/systemworkbench/plugins/fr.ac6.mcu.externaltools.arm-none.win32_1.17.0.201812190825/tools/compiler/bin/../lib/gcc/arm-none-eabi/7.3.1/../../../../arm-none-eabi/lib/thumb/v6-m\libc_nano.a(lib_a-signalr.o)
 .ARM.attributes
                0x00000a8f       0x2c c:/ac6/systemworkbench/plugins/fr.ac6.mcu.externaltools.arm-none.win32_1.17.0.201812190825/tools/compiler/bin/../lib/gcc/arm-none-eabi/7.3.1/../../../../arm-none-eabi/lib/thumb/v6-m\libc_nano.a(lib_a-stdio.o)
 .ARM.attributes
                0x00000abb       0x2c c:/ac6/systemworkbench/plugins/fr.ac6.mcu.externaltools.arm-none.win32_1.17.0.201812190825/tools/compiler/bin/../lib/gcc/arm-none-eabi/7.3.1/../../../../arm-none-eabi/lib/thumb/v6-m\libc_nano.a(lib_a-writer.o)
 .ARM.attributes
                0x00000ae7       0x2c c:/ac6/systemworkbench/plugins/fr.ac6.mcu.externaltools.arm-none.win32_1.17.0.201812190825/tools/compiler/bin/../lib/gcc/arm-none-eabi/7.3.1/../../../../arm-none-eabi/lib/thumb/v6-m\libc_nano.a(lib_a-closer.o)
 .ARM.attributes
                0x00000b13       0x2c c:/ac6/systemworkbench/plugins/fr.ac6.mcu.externaltools.arm-none.win32_1.17.0.201812190825/tools/compiler/bin/../lib/gcc/arm-none-eabi/7.3.1/../../../../arm-none-eabi/lib/thumb/v6-m\libc_nano.a(lib_a-fstatr.o)
 .ARM.attributes
                0x00000b3f       0x2c c:/ac6/systemworkbench/plugins/fr.ac6.mcu.externaltools.arm-none.win32_1.17.0.201812190825/tools/compiler/bin/../lib/gcc/arm-none-eabi/7.3.1/../../../../arm-none-eabi/lib/thumb/v6-m\libc_nano.a(lib_a-isattyr.o)
 .ARM.attributes
                0x00000b6b       0x2c c:/ac6/systemworkbench/plugins/fr.ac6.mcu.externaltools.arm-none.win32_1.17.0.201812190825/tools/compiler/bin/../lib/gcc/arm-none-eabi/7.3.1/../../../../arm-none-eabi/lib/thumb/v6-m\libc_nano.a(lib_a-lseekr.o)
 .ARM.attributes
                0x00000b97       0x2c c:/ac6/systemworkbench/plugins/fr.ac6.mcu.externaltools.arm-none.win32_1.17.0.201812190825/tools/compiler/bin/../lib/gcc/arm-none-eabi/7.3.1/../../../../arm-none-eabi/lib/thumb/v6-m\libc_nano.a(lib_a-mlock.o)
 .ARM.attributes
                0x00000bc3       0x2c c:/ac6/systemworkbench/plugins/fr.ac6.mcu.externaltools.arm-none.win32_1.17.0.201812190825/tools/compiler/bin/../lib/gcc/arm-none-eabi/7.3.1/../../../../arm-none-eabi/lib/thumb/v6-m\libc_nano.a(lib_a-readr.o)
 .ARM.attributes
                0x00000bef       0x2c c:/ac6/systemworkbench/plugins/fr.ac6.mcu.externaltools.arm-none.win32_1.17.0.201812190825/tools/compiler/bin/../lib/gcc/arm-none-eabi/7.3.1/../../../../arm-none-eabi/lib/thumb/v6-m\libc_nano.a(lib_a-reent.o)
 .ARM.attributes
                0x00000c1b       0x1e c:/ac6/systemworkbench/plugins/fr.ac6.mcu.externaltools.arm-none.win32_1.17.0.201812190825/tools/compiler/bin/../lib/gcc/arm-none-eabi/7.3.1/thumb/v6-m/crtn.o
OUTPUT(SW4STM32.elf elf32-littlearm)

.debug_info     0x00000000    0x29092
 .debug_info    0x00000000      0xe97 Drivers/STM32F0xx_HAL_Driver/Src/stm32f0xx_hal.o
 .debug_info    0x00000e97      0xffb Drivers/STM32F0xx_HAL_Driver/Src/stm32f0xx_hal_cortex.o
 .debug_info    0x00001e92     0x1032 Drivers/STM32F0xx_HAL_Driver/Src/stm32f0xx_hal_dma.o
 .debug_info    0x00002ec4      0xe6b Drivers/STM32F0xx_HAL_Driver/Src/stm32f0xx_hal_gpio.o
 .debug_info    0x00003d2f     0x39c0 Drivers/STM32F0xx_HAL_Driver/Src/stm32f0xx_hal_i2c.o
 .debug_info    0x000076ef     0x109b Drivers/STM32F0xx_HAL_Driver/Src/stm32f0xx_hal_i2c_ex.o
 .debug_info    0x0000878a     0x1b75 Drivers/STM32F0xx_HAL_Driver/Src/stm32f0xx_hal_pcd.o
 .debug_info    0x0000a2ff     0x1186 Drivers/STM32F0xx_HAL_Driver/Src/stm32f0xx_hal_rcc.o
 .debug_info    0x0000b485      0xf00 Drivers/STM32F0xx_HAL_Driver/Src/stm32f0xx_hal_rcc_ex.o
 .debug_info    0x0000c385     0x258e Drivers/STM32F0xx_HAL_Driver/Src/stm32f0xx_hal_spi.o
 .debug_info    0x0000e913     0x36f7 Drivers/STM32F0xx_HAL_Driver/Src/stm32f0xx_hal_tim.o
 .debug_info    0x0001200a     0x1b5f Drivers/STM32F0xx_HAL_Driver/Src/stm32f0xx_hal_tim_ex.o
 .debug_info    0x00013b69      0xfd7 Drivers/STM32F0xx_HAL_Driver/Src/stm32f0xx_hal_tsc.o
 .debug_info    0x00014b40     0x2094 Drivers/STM32F0xx_HAL_Driver/Src/stm32f0xx_hal_uart.o
 .debug_info    0x00016bd4     0x11f5 Drivers/STM32F0xx_HAL_Driver/Src/stm32f0xx_hal_uart_ex.o
 .debug_info    0x00017dc9      0xc73 Middlewares/modbus/functions/mbfunccoils.o
 .debug_info    0x00018a3c      0xaf3 Middlewares/modbus/functions/mbfuncdisc.o
 .debug_info    0x0001952f      0xd37 Middlewares/modbus/functions/mbfuncholding.o
 .debug_info    0x0001a266      0xaea Middlewares/modbus/functions/mbfuncinput.o
 .debug_info    0x0001ad50      0xb5f Middlewares/modbus/functions/mbfuncother.o
 .debug_info    0x0001b8af      0xbe2 Middlewares/modbus/functions/mbutils.o
 .debug_info    0x0001c491      0xf78 Middlewares/modbus/mb.o
 .debug_info    0x0001d409      0xa1b Middlewares/modbus/port/portevent.o
 .debug_info    0x0001de24      0xfe6 Middlewares/modbus/port/portserial.o
 .debug_info    0x0001ee0a      0xf55 Middlewares/modbus/port/porttimer.o
 .debug_info    0x0001fd5f      0x9e8 Middlewares/modbus/rtu/mbcrc.o
 .debug_info    0x00020747     0x10e2 Middlewares/modbus/rtu/mbrtu.o
 .debug_info    0x00021829     0x272b Src/main.o
 .debug_info    0x00023f54     0x24de Src/stm32f0xx_hal_msp.o
 .debug_info    0x00026432     0x11f7 Src/stm32f0xx_it.o
 .debug_info    0x00027629      0xfd3 Src/syscalls.o
 .debug_info    0x000285fc      0xa74 Src/system_stm32f0xx.o
 .debug_info    0x00029070       0x22 startup/startup_stm32f072xb.o

.debug_abbrev   0x00000000     0x54b9
 .debug_abbrev  0x00000000      0x2f6 Drivers/STM32F0xx_HAL_Driver/Src/stm32f0xx_hal.o
 .debug_abbrev  0x000002f6      0x328 Drivers/STM32F0xx_HAL_Driver/Src/stm32f0xx_hal_cortex.o
 .debug_abbrev  0x0000061e      0x2df Drivers/STM32F0xx_HAL_Driver/Src/stm32f0xx_hal_dma.o
 .debug_abbrev  0x000008fd      0x2a7 Drivers/STM32F0xx_HAL_Driver/Src/stm32f0xx_hal_gpio.o
 .debug_abbrev  0x00000ba4      0x2df Drivers/STM32F0xx_HAL_Driver/Src/stm32f0xx_hal_i2c.o
 .debug_abbrev  0x00000e83      0x266 Drivers/STM32F0xx_HAL_Driver/Src/stm32f0xx_hal_i2c_ex.o
 .debug_abbrev  0x000010e9      0x376 Drivers/STM32F0xx_HAL_Driver/Src/stm32f0xx_hal_pcd.o
 .debug_abbrev  0x0000145f      0x2ea Drivers/STM32F0xx_HAL_Driver/Src/stm32f0xx_hal_rcc.o
 .debug_abbrev  0x00001749      0x2d9 Drivers/STM32F0xx_HAL_Driver/Src/stm32f0xx_hal_rcc_ex.o
 .debug_abbrev  0x00001a22      0x315 Drivers/STM32F0xx_HAL_Driver/Src/stm32f0xx_hal_spi.o
 .debug_abbrev  0x00001d37      0x2e0 Drivers/STM32F0xx_HAL_Driver/Src/stm32f0xx_hal_tim.o
 .debug_abbrev  0x00002017      0x2e0 Drivers/STM32F0xx_HAL_Driver/Src/stm32f0xx_hal_tim_ex.o
 .debug_abbrev  0x000022f7      0x2cb Drivers/STM32F0xx_HAL_Driver/Src/stm32f0xx_hal_tsc.o
 .debug_abbrev  0x000025c2      0x2cb Drivers/STM32F0xx_HAL_Driver/Src/stm32f0xx_hal_uart.o
 .debug_abbrev  0x0000288d      0x2c0 Drivers/STM32F0xx_HAL_Driver/Src/stm32f0xx_hal_uart_ex.o
 .debug_abbrev  0x00002b4d      0x244 Middlewares/modbus/functions/mbfunccoils.o
 .debug_abbrev  0x00002d91      0x235 Middlewares/modbus/functions/mbfuncdisc.o
 .debug_abbrev  0x00002fc6      0x235 Middlewares/modbus/functions/mbfuncholding.o
 .debug_abbrev  0x000031fb      0x235 Middlewares/modbus/functions/mbfuncinput.o
 .debug_abbrev  0x00003430      0x228 Middlewares/modbus/functions/mbfuncother.o
 .debug_abbrev  0x00003658      0x24d Middlewares/modbus/functions/mbutils.o
 .debug_abbrev  0x000038a5      0x316 Middlewares/modbus/mb.o
 .debug_abbrev  0x00003bbb      0x218 Middlewares/modbus/port/portevent.o
 .debug_abbrev  0x00003dd3      0x247 Middlewares/modbus/port/portserial.o
 .debug_abbrev  0x0000401a      0x281 Middlewares/modbus/port/porttimer.o
 .debug_abbrev  0x0000429b      0x1db Middlewares/modbus/rtu/mbcrc.o
 .debug_abbrev  0x00004476      0x2f1 Middlewares/modbus/rtu/mbrtu.o
 .debug_abbrev  0x00004767      0x327 Src/main.o
 .debug_abbrev  0x00004a8e      0x2e4 Src/stm32f0xx_hal_msp.o
 .debug_abbrev  0x00004d72      0x25c Src/stm32f0xx_it.o
 .debug_abbrev  0x00004fce      0x2d4 Src/syscalls.o
 .debug_abbrev  0x000052a2      0x205 Src/system_stm32f0xx.o
 .debug_abbrev  0x000054a7       0x12 startup/startup_stm32f072xb.o

.debug_loc      0x00000000    0x11947
 .debug_loc     0x00000000       0x7c Drivers/STM32F0xx_HAL_Driver/Src/stm32f0xx_hal.o
 .debug_loc     0x0000007c      0x393 Drivers/STM32F0xx_HAL_Driver/Src/stm32f0xx_hal_cortex.o
 .debug_loc     0x0000040f      0x7ee Drivers/STM32F0xx_HAL_Driver/Src/stm32f0xx_hal_dma.o
 .debug_loc     0x00000bfd      0x2fe Drivers/STM32F0xx_HAL_Driver/Src/stm32f0xx_hal_gpio.o
 .debug_loc     0x00000efb     0x3a3c Drivers/STM32F0xx_HAL_Driver/Src/stm32f0xx_hal_i2c.o
 .debug_loc     0x00004937      0x245 Drivers/STM32F0xx_HAL_Driver/Src/stm32f0xx_hal_i2c_ex.o
 .debug_loc     0x00004b7c     0x121c Drivers/STM32F0xx_HAL_Driver/Src/stm32f0xx_hal_pcd.o
 .debug_loc     0x00005d98      0x4d1 Drivers/STM32F0xx_HAL_Driver/Src/stm32f0xx_hal_rcc.o
 .debug_loc     0x00006269      0x7cb Drivers/STM32F0xx_HAL_Driver/Src/stm32f0xx_hal_rcc_ex.o
 .debug_loc     0x00006a34     0x1cc7 Drivers/STM32F0xx_HAL_Driver/Src/stm32f0xx_hal_spi.o
 .debug_loc     0x000086fb     0x37cf Drivers/STM32F0xx_HAL_Driver/Src/stm32f0xx_hal_tim.o
 .debug_loc     0x0000beca     0x126d Drivers/STM32F0xx_HAL_Driver/Src/stm32f0xx_hal_tim_ex.o
 .debug_loc     0x0000d137      0x405 Drivers/STM32F0xx_HAL_Driver/Src/stm32f0xx_hal_tsc.o
 .debug_loc     0x0000d53c     0x174d Drivers/STM32F0xx_HAL_Driver/Src/stm32f0xx_hal_uart.o
 .debug_loc     0x0000ec89      0x438 Drivers/STM32F0xx_HAL_Driver/Src/stm32f0xx_hal_uart_ex.o
 .debug_loc     0x0000f0c1      0x50b Middlewares/modbus/functions/mbfunccoils.o
 .debug_loc     0x0000f5cc      0x1ed Middlewares/modbus/functions/mbfuncdisc.o
 .debug_loc     0x0000f7b9      0x6ed Middlewares/modbus/functions/mbfuncholding.o
 .debug_loc     0x0000fea6      0x194 Middlewares/modbus/functions/mbfuncinput.o
 .debug_loc     0x0001003a      0x19a Middlewares/modbus/functions/mbfuncother.o
 .debug_loc     0x000101d4      0x3db Middlewares/modbus/functions/mbutils.o
 .debug_loc     0x000105af      0x334 Middlewares/modbus/mb.o
 .debug_loc     0x000108e3       0x79 Middlewares/modbus/port/portevent.o
 .debug_loc     0x0001095c       0xd5 Middlewares/modbus/port/portserial.o
 .debug_loc     0x00010a31       0x21 Middlewares/modbus/port/porttimer.o
 .debug_loc     0x00010a52       0xbd Middlewares/modbus/rtu/mbcrc.o
 .debug_loc     0x00010b0f      0x3ec Middlewares/modbus/rtu/mbrtu.o
 .debug_loc     0x00010efb      0x295 Src/main.o
 .debug_loc     0x00011190      0x262 Src/stm32f0xx_hal_msp.o
 .debug_loc     0x000113f2       0x65 Src/stm32f0xx_it.o
 .debug_loc     0x00011457      0x3c5 Src/syscalls.o
 .debug_loc     0x0001181c      0x12b Src/system_stm32f0xx.o

.debug_aranges  0x00000000     0x1500
 .debug_aranges
                0x00000000       0xb8 Drivers/STM32F0xx_HAL_Driver/Src/stm32f0xx_hal.o
 .debug_aranges
                0x000000b8       0x78 Drivers/STM32F0xx_HAL_Driver/Src/stm32f0xx_hal_cortex.o
 .debug_aranges
                0x00000130       0x88 Drivers/STM32F0xx_HAL_Driver/Src/stm32f0xx_hal_dma.o
 .debug_aranges
                0x000001b8       0x58 Drivers/STM32F0xx_HAL_Driver/Src/stm32f0xx_hal_gpio.o
 .debug_aranges
                0x00000210      0x260 Drivers/STM32F0xx_HAL_Driver/Src/stm32f0xx_hal_i2c.o
 .debug_aranges
                0x00000470       0x48 Drivers/STM32F0xx_HAL_Driver/Src/stm32f0xx_hal_i2c_ex.o
 .debug_aranges
                0x000004b8      0x130 Drivers/STM32F0xx_HAL_Driver/Src/stm32f0xx_hal_pcd.o
 .debug_aranges
                0x000005e8       0x80 Drivers/STM32F0xx_HAL_Driver/Src/stm32f0xx_hal_rcc.o
 .debug_aranges
                0x00000668       0x78 Drivers/STM32F0xx_HAL_Driver/Src/stm32f0xx_hal_rcc_ex.o
 .debug_aranges
                0x000006e0      0x1d8 Drivers/STM32F0xx_HAL_Driver/Src/stm32f0xx_hal_spi.o
 .debug_aranges
                0x000008b8      0x378 Drivers/STM32F0xx_HAL_Driver/Src/stm32f0xx_hal_tim.o
 .debug_aranges
                0x00000c30      0x148 Drivers/STM32F0xx_HAL_Driver/Src/stm32f0xx_hal_tim_ex.o
 .debug_aranges
                0x00000d78       0xa8 Drivers/STM32F0xx_HAL_Driver/Src/stm32f0xx_hal_tsc.o
 .debug_aranges
                0x00000e20      0x1d8 Drivers/STM32F0xx_HAL_Driver/Src/stm32f0xx_hal_uart.o
 .debug_aranges
                0x00000ff8       0x60 Drivers/STM32F0xx_HAL_Driver/Src/stm32f0xx_hal_uart_ex.o
 .debug_aranges
                0x00001058       0x30 Middlewares/modbus/functions/mbfunccoils.o
 .debug_aranges
                0x00001088       0x20 Middlewares/modbus/functions/mbfuncdisc.o
 .debug_aranges
                0x000010a8       0x38 Middlewares/modbus/functions/mbfuncholding.o
 .debug_aranges
                0x000010e0       0x20 Middlewares/modbus/functions/mbfuncinput.o
 .debug_aranges
                0x00001100       0x28 Middlewares/modbus/functions/mbfuncother.o
 .debug_aranges
                0x00001128       0x30 Middlewares/modbus/functions/mbutils.o
 .debug_aranges
                0x00001158       0x48 Middlewares/modbus/mb.o
 .debug_aranges
                0x000011a0       0x30 Middlewares/modbus/port/portevent.o
 .debug_aranges
                0x000011d0       0x38 Middlewares/modbus/port/portserial.o
 .debug_aranges
                0x00001208       0x30 Middlewares/modbus/port/porttimer.o
 .debug_aranges
                0x00001238       0x20 Middlewares/modbus/rtu/mbcrc.o
 .debug_aranges
                0x00001258       0x58 Middlewares/modbus/rtu/mbrtu.o
 .debug_aranges
                0x000012b0       0x80 Src/main.o
 .debug_aranges
                0x00001330       0x80 Src/stm32f0xx_hal_msp.o
 .debug_aranges
                0x000013b0       0x50 Src/stm32f0xx_it.o
 .debug_aranges
                0x00001400       0xb0 Src/syscalls.o
 .debug_aranges
                0x000014b0       0x28 Src/system_stm32f0xx.o
 .debug_aranges
                0x000014d8       0x28 startup/startup_stm32f072xb.o

.debug_ranges   0x00000000     0x1460
 .debug_ranges  0x00000000       0xa8 Drivers/STM32F0xx_HAL_Driver/Src/stm32f0xx_hal.o
 .debug_ranges  0x000000a8       0xb0 Drivers/STM32F0xx_HAL_Driver/Src/stm32f0xx_hal_cortex.o
 .debug_ranges  0x00000158       0x78 Drivers/STM32F0xx_HAL_Driver/Src/stm32f0xx_hal_dma.o
 .debug_ranges  0x000001d0       0x48 Drivers/STM32F0xx_HAL_Driver/Src/stm32f0xx_hal_gpio.o
 .debug_ranges  0x00000218      0x250 Drivers/STM32F0xx_HAL_Driver/Src/stm32f0xx_hal_i2c.o
 .debug_ranges  0x00000468       0x38 Drivers/STM32F0xx_HAL_Driver/Src/stm32f0xx_hal_i2c_ex.o
 .debug_ranges  0x000004a0      0x210 Drivers/STM32F0xx_HAL_Driver/Src/stm32f0xx_hal_pcd.o
 .debug_ranges  0x000006b0       0x88 Drivers/STM32F0xx_HAL_Driver/Src/stm32f0xx_hal_rcc.o
 .debug_ranges  0x00000738       0x80 Drivers/STM32F0xx_HAL_Driver/Src/stm32f0xx_hal_rcc_ex.o
 .debug_ranges  0x000007b8      0x1c8 Drivers/STM32F0xx_HAL_Driver/Src/stm32f0xx_hal_spi.o
 .debug_ranges  0x00000980      0x368 Drivers/STM32F0xx_HAL_Driver/Src/stm32f0xx_hal_tim.o
 .debug_ranges  0x00000ce8      0x138 Drivers/STM32F0xx_HAL_Driver/Src/stm32f0xx_hal_tim_ex.o
 .debug_ranges  0x00000e20       0x98 Drivers/STM32F0xx_HAL_Driver/Src/stm32f0xx_hal_tsc.o
 .debug_ranges  0x00000eb8      0x1c8 Drivers/STM32F0xx_HAL_Driver/Src/stm32f0xx_hal_uart.o
 .debug_ranges  0x00001080       0x50 Drivers/STM32F0xx_HAL_Driver/Src/stm32f0xx_hal_uart_ex.o
 .debug_ranges  0x000010d0       0x20 Middlewares/modbus/functions/mbfunccoils.o
 .debug_ranges  0x000010f0       0x10 Middlewares/modbus/functions/mbfuncdisc.o
 .debug_ranges  0x00001100       0x28 Middlewares/modbus/functions/mbfuncholding.o
 .debug_ranges  0x00001128       0x10 Middlewares/modbus/functions/mbfuncinput.o
 .debug_ranges  0x00001138       0x18 Middlewares/modbus/functions/mbfuncother.o
 .debug_ranges  0x00001150       0x20 Middlewares/modbus/functions/mbutils.o
 .debug_ranges  0x00001170       0x38 Middlewares/modbus/mb.o
 .debug_ranges  0x000011a8       0x20 Middlewares/modbus/port/portevent.o
 .debug_ranges  0x000011c8       0x28 Middlewares/modbus/port/portserial.o
 .debug_ranges  0x000011f0       0x20 Middlewares/modbus/port/porttimer.o
 .debug_ranges  0x00001210       0x10 Middlewares/modbus/rtu/mbcrc.o
 .debug_ranges  0x00001220       0x48 Middlewares/modbus/rtu/mbrtu.o
 .debug_ranges  0x00001268       0x70 Src/main.o
 .debug_ranges  0x000012d8       0x70 Src/stm32f0xx_hal_msp.o
 .debug_ranges  0x00001348       0x40 Src/stm32f0xx_it.o
 .debug_ranges  0x00001388       0xa0 Src/syscalls.o
 .debug_ranges  0x00001428       0x18 Src/system_stm32f0xx.o
 .debug_ranges  0x00001440       0x20 startup/startup_stm32f072xb.o

.debug_macro    0x00000000    0x1d8f3
 .debug_macro   0x00000000      0x365 Drivers/STM32F0xx_HAL_Driver/Src/stm32f0xx_hal.o
 .debug_macro   0x00000365      0xa4e Drivers/STM32F0xx_HAL_Driver/Src/stm32f0xx_hal.o
 .debug_macro   0x00000db3       0xc3 Drivers/STM32F0xx_HAL_Driver/Src/stm32f0xx_hal.o
 .debug_macro   0x00000e76       0x2e Drivers/STM32F0xx_HAL_Driver/Src/stm32f0xx_hal.o
 .debug_macro   0x00000ea4       0x22 Drivers/STM32F0xx_HAL_Driver/Src/stm32f0xx_hal.o
 .debug_macro   0x00000ec6       0x22 Drivers/STM32F0xx_HAL_Driver/Src/stm32f0xx_hal.o
 .debug_macro   0x00000ee8       0x8e Drivers/STM32F0xx_HAL_Driver/Src/stm32f0xx_hal.o
 .debug_macro   0x00000f76       0x51 Drivers/STM32F0xx_HAL_Driver/Src/stm32f0xx_hal.o
 .debug_macro   0x00000fc7       0xef Drivers/STM32F0xx_HAL_Driver/Src/stm32f0xx_hal.o
 .debug_macro   0x000010b6       0x6a Drivers/STM32F0xx_HAL_Driver/Src/stm32f0xx_hal.o
 .debug_macro   0x00001120      0x1df Drivers/STM32F0xx_HAL_Driver/Src/stm32f0xx_hal.o
 .debug_macro   0x000012ff       0x34 Drivers/STM32F0xx_HAL_Driver/Src/stm32f0xx_hal.o
 .debug_macro   0x00001333       0x26 Drivers/STM32F0xx_HAL_Driver/Src/stm32f0xx_hal.o
 .debug_macro   0x00001359      0x30d Drivers/STM32F0xx_HAL_Driver/Src/stm32f0xx_hal.o
 .debug_macro   0x00001666     0xfe50 Drivers/STM32F0xx_HAL_Driver/Src/stm32f0xx_hal.o
 .debug_macro   0x000114b6       0x3c Drivers/STM32F0xx_HAL_Driver/Src/stm32f0xx_hal.o
 .debug_macro   0x000114f2       0x5e Drivers/STM32F0xx_HAL_Driver/Src/stm32f0xx_hal.o
 .debug_macro   0x00011550       0x18 Drivers/STM32F0xx_HAL_Driver/Src/stm32f0xx_hal.o
 .debug_macro   0x00011568       0x35 Drivers/STM32F0xx_HAL_Driver/Src/stm32f0xx_hal.o
 .debug_macro   0x0001159d       0x34 Drivers/STM32F0xx_HAL_Driver/Src/stm32f0xx_hal.o
 .debug_macro   0x000115d1       0x16 Drivers/STM32F0xx_HAL_Driver/Src/stm32f0xx_hal.o
 .debug_macro   0x000115e7       0x97 Drivers/STM32F0xx_HAL_Driver/Src/stm32f0xx_hal.o
 .debug_macro   0x0001167e      0x330 Drivers/STM32F0xx_HAL_Driver/Src/stm32f0xx_hal.o
 .debug_macro   0x000119ae       0xfd Drivers/STM32F0xx_HAL_Driver/Src/stm32f0xx_hal.o
 .debug_macro   0x00011aab       0x10 Drivers/STM32F0xx_HAL_Driver/Src/stm32f0xx_hal.o
 .debug_macro   0x00011abb       0x58 Drivers/STM32F0xx_HAL_Driver/Src/stm32f0xx_hal.o
 .debug_macro   0x00011b13       0x1f Drivers/STM32F0xx_HAL_Driver/Src/stm32f0xx_hal.o
 .debug_macro   0x00011b32       0x43 Drivers/STM32F0xx_HAL_Driver/Src/stm32f0xx_hal.o
 .debug_macro   0x00011b75       0x20 Drivers/STM32F0xx_HAL_Driver/Src/stm32f0xx_hal.o
 .debug_macro   0x00011b95      0x18e Drivers/STM32F0xx_HAL_Driver/Src/stm32f0xx_hal.o
 .debug_macro   0x00011d23       0x10 Drivers/STM32F0xx_HAL_Driver/Src/stm32f0xx_hal.o
 .debug_macro   0x00011d33       0x1c Drivers/STM32F0xx_HAL_Driver/Src/stm32f0xx_hal.o
 .debug_macro   0x00011d4f       0x52 Drivers/STM32F0xx_HAL_Driver/Src/stm32f0xx_hal.o
 .debug_macro   0x00011da1       0x40 Drivers/STM32F0xx_HAL_Driver/Src/stm32f0xx_hal.o
 .debug_macro   0x00011de1       0x10 Drivers/STM32F0xx_HAL_Driver/Src/stm32f0xx_hal.o
 .debug_macro   0x00011df1       0x40 Drivers/STM32F0xx_HAL_Driver/Src/stm32f0xx_hal.o
 .debug_macro   0x00011e31       0xd7 Drivers/STM32F0xx_HAL_Driver/Src/stm32f0xx_hal.o
 .debug_macro   0x00011f08       0x1c Drivers/STM32F0xx_HAL_Driver/Src/stm32f0xx_hal.o
 .debug_macro   0x00011f24       0x3d Drivers/STM32F0xx_HAL_Driver/Src/stm32f0xx_hal.o
 .debug_macro   0x00011f61       0x16 Drivers/STM32F0xx_HAL_Driver/Src/stm32f0xx_hal.o
 .debug_macro   0x00011f77      0x16f Drivers/STM32F0xx_HAL_Driver/Src/stm32f0xx_hal.o
 .debug_macro   0x000120e6       0x49 Drivers/STM32F0xx_HAL_Driver/Src/stm32f0xx_hal.o
 .debug_macro   0x0001212f      0x951 Drivers/STM32F0xx_HAL_Driver/Src/stm32f0xx_hal.o
 .debug_macro   0x00012a80      0x5f3 Drivers/STM32F0xx_HAL_Driver/Src/stm32f0xx_hal.o
 .debug_macro   0x00013073      0x13a Drivers/STM32F0xx_HAL_Driver/Src/stm32f0xx_hal.o
 .debug_macro   0x000131ad      0x1a7 Drivers/STM32F0xx_HAL_Driver/Src/stm32f0xx_hal.o
 .debug_macro   0x00013354      0x22c Drivers/STM32F0xx_HAL_Driver/Src/stm32f0xx_hal.o
 .debug_macro   0x00013580       0x34 Drivers/STM32F0xx_HAL_Driver/Src/stm32f0xx_hal.o
 .debug_macro   0x000135b4       0x43 Drivers/STM32F0xx_HAL_Driver/Src/stm32f0xx_hal.o
 .debug_macro   0x000135f7       0x28 Drivers/STM32F0xx_HAL_Driver/Src/stm32f0xx_hal.o
 .debug_macro   0x0001361f       0xb6 Drivers/STM32F0xx_HAL_Driver/Src/stm32f0xx_hal.o
 .debug_macro   0x000136d5      0x217 Drivers/STM32F0xx_HAL_Driver/Src/stm32f0xx_hal.o
 .debug_macro   0x000138ec      0x202 Drivers/STM32F0xx_HAL_Driver/Src/stm32f0xx_hal.o
 .debug_macro   0x00013aee       0x61 Drivers/STM32F0xx_HAL_Driver/Src/stm32f0xx_hal.o
 .debug_macro   0x00013b4f       0x90 Drivers/STM32F0xx_HAL_Driver/Src/stm32f0xx_hal.o
 .debug_macro   0x00013bdf      0x265 Drivers/STM32F0xx_HAL_Driver/Src/stm32f0xx_hal.o
 .debug_macro   0x00013e44       0x4d Drivers/STM32F0xx_HAL_Driver/Src/stm32f0xx_hal.o
 .debug_macro   0x00013e91      0x16d Drivers/STM32F0xx_HAL_Driver/Src/stm32f0xx_hal.o
 .debug_macro   0x00013ffe      0x2f0 Drivers/STM32F0xx_HAL_Driver/Src/stm32f0xx_hal.o
 .debug_macro   0x000142ee      0x845 Drivers/STM32F0xx_HAL_Driver/Src/stm32f0xx_hal.o
 .debug_macro   0x00014b33       0x4c Drivers/STM32F0xx_HAL_Driver/Src/stm32f0xx_hal.o
 .debug_macro   0x00014b7f      0x46a Drivers/STM32F0xx_HAL_Driver/Src/stm32f0xx_hal.o
 .debug_macro   0x00014fe9      0x38a Drivers/STM32F0xx_HAL_Driver/Src/stm32f0xx_hal.o
 .debug_macro   0x00015373      0x209 Drivers/STM32F0xx_HAL_Driver/Src/stm32f0xx_hal.o
 .debug_macro   0x0001557c      0x129 Drivers/STM32F0xx_HAL_Driver/Src/stm32f0xx_hal.o
 .debug_macro   0x000156a5      0x341 Drivers/STM32F0xx_HAL_Driver/Src/stm32f0xx_hal_cortex.o
 .debug_macro   0x000159e6      0x341 Drivers/STM32F0xx_HAL_Driver/Src/stm32f0xx_hal_dma.o
 .debug_macro   0x00015d27      0x379 Drivers/STM32F0xx_HAL_Driver/Src/stm32f0xx_hal_gpio.o
 .debug_macro   0x000160a0      0x40d Drivers/STM32F0xx_HAL_Driver/Src/stm32f0xx_hal_i2c.o
 .debug_macro   0x000164ad      0x341 Drivers/STM32F0xx_HAL_Driver/Src/stm32f0xx_hal_i2c_ex.o
 .debug_macro   0x000167ee      0x347 Drivers/STM32F0xx_HAL_Driver/Src/stm32f0xx_hal_pcd.o
 .debug_macro   0x00016b35      0x353 Drivers/STM32F0xx_HAL_Driver/Src/stm32f0xx_hal_rcc.o
 .debug_macro   0x00016e88      0x353 Drivers/STM32F0xx_HAL_Driver/Src/stm32f0xx_hal_rcc_ex.o
 .debug_macro   0x000171db      0x349 Drivers/STM32F0xx_HAL_Driver/Src/stm32f0xx_hal_spi.o
 .debug_macro   0x00017524      0x341 Drivers/STM32F0xx_HAL_Driver/Src/stm32f0xx_hal_tim.o
 .debug_macro   0x00017865      0x341 Drivers/STM32F0xx_HAL_Driver/Src/stm32f0xx_hal_tim_ex.o
 .debug_macro   0x00017ba6      0x341 Drivers/STM32F0xx_HAL_Driver/Src/stm32f0xx_hal_tsc.o
 .debug_macro   0x00017ee7      0x349 Drivers/STM32F0xx_HAL_Driver/Src/stm32f0xx_hal_uart.o
 .debug_macro   0x00018230      0x341 Drivers/STM32F0xx_HAL_Driver/Src/stm32f0xx_hal_uart_ex.o
 .debug_macro   0x00018571      0x44b Middlewares/modbus/functions/mbfunccoils.o
 .debug_macro   0x000189bc       0x58 Middlewares/modbus/functions/mbfunccoils.o
 .debug_macro   0x00018a14       0x94 Middlewares/modbus/functions/mbfunccoils.o
 .debug_macro   0x00018aa8       0x16 Middlewares/modbus/functions/mbfunccoils.o
 .debug_macro   0x00018abe      0x10e Middlewares/modbus/functions/mbfunccoils.o
 .debug_macro   0x00018bcc       0x8d Middlewares/modbus/functions/mbfunccoils.o
 .debug_macro   0x00018c59       0x57 Middlewares/modbus/functions/mbfunccoils.o
 .debug_macro   0x00018cb0       0x16 Middlewares/modbus/functions/mbfunccoils.o
 .debug_macro   0x00018cc6       0x29 Middlewares/modbus/functions/mbfunccoils.o
 .debug_macro   0x00018cef       0x16 Middlewares/modbus/functions/mbfunccoils.o
 .debug_macro   0x00018d05       0x35 Middlewares/modbus/functions/mbfunccoils.o
 .debug_macro   0x00018d3a       0x1c Middlewares/modbus/functions/mbfunccoils.o
 .debug_macro   0x00018d56      0x4cc Middlewares/modbus/functions/mbfunccoils.o
 .debug_macro   0x00019222       0x3a Middlewares/modbus/functions/mbfunccoils.o
 .debug_macro   0x0001925c       0x1c Middlewares/modbus/functions/mbfunccoils.o
 .debug_macro   0x00019278       0x2e Middlewares/modbus/functions/mbfunccoils.o
 .debug_macro   0x000192a6       0x7c Middlewares/modbus/functions/mbfunccoils.o
 .debug_macro   0x00019322       0x22 Middlewares/modbus/functions/mbfunccoils.o
 .debug_macro   0x00019344       0x70 Middlewares/modbus/functions/mbfunccoils.o
 .debug_macro   0x000193b4      0x415 Middlewares/modbus/functions/mbfuncdisc.o
 .debug_macro   0x000197c9      0x475 Middlewares/modbus/functions/mbfuncholding.o
 .debug_macro   0x00019c3e      0x41b Middlewares/modbus/functions/mbfuncinput.o
 .debug_macro   0x0001a059      0x3fd Middlewares/modbus/functions/mbfuncother.o
 .debug_macro   0x0001a456      0x3f1 Middlewares/modbus/functions/mbutils.o
 .debug_macro   0x0001a847      0x41b Middlewares/modbus/mb.o
 .debug_macro   0x0001ac62      0x39f Middlewares/modbus/port/portevent.o
 .debug_macro   0x0001b001       0x82 Middlewares/modbus/port/portevent.o
 .debug_macro   0x0001b083       0xe2 Middlewares/modbus/port/portevent.o
 .debug_macro   0x0001b165      0x39a Middlewares/modbus/port/portserial.o
 .debug_macro   0x0001b4ff      0x39a Middlewares/modbus/port/porttimer.o
 .debug_macro   0x0001b899      0x36f Middlewares/modbus/rtu/mbcrc.o
 .debug_macro   0x0001bc08      0x426 Middlewares/modbus/rtu/mbrtu.o
 .debug_macro   0x0001c02e      0x3c8 Src/main.o
 .debug_macro   0x0001c3f6       0xdc Src/main.o
 .debug_macro   0x0001c4d2       0x10 Src/main.o
 .debug_macro   0x0001c4e2      0x350 Src/stm32f0xx_hal_msp.o
 .debug_macro   0x0001c832      0x3ba Src/stm32f0xx_it.o
 .debug_macro   0x0001cbec      0x243 Src/syscalls.o
 .debug_macro   0x0001ce2f      0x174 Src/syscalls.o
 .debug_macro   0x0001cfa3       0x10 Src/syscalls.o
 .debug_macro   0x0001cfb3       0x10 Src/syscalls.o
 .debug_macro   0x0001cfc3       0x10 Src/syscalls.o
 .debug_macro   0x0001cfd3       0x35 Src/syscalls.o
 .debug_macro   0x0001d008      0x122 Src/syscalls.o
 .debug_macro   0x0001d12a       0x10 Src/syscalls.o
 .debug_macro   0x0001d13a      0x241 Src/syscalls.o
 .debug_macro   0x0001d37b       0x10 Src/syscalls.o
 .debug_macro   0x0001d38b      0x189 Src/syscalls.o
 .debug_macro   0x0001d514       0x16 Src/syscalls.o
 .debug_macro   0x0001d52a       0x88 Src/syscalls.o
 .debug_macro   0x0001d5b2      0x341 Src/system_stm32f0xx.o

.debug_line     0x00000000    0x18100
 .debug_line    0x00000000      0x9fb Drivers/STM32F0xx_HAL_Driver/Src/stm32f0xx_hal.o
 .debug_line    0x000009fb      0x9f4 Drivers/STM32F0xx_HAL_Driver/Src/stm32f0xx_hal_cortex.o
 .debug_line    0x000013ef      0xad3 Drivers/STM32F0xx_HAL_Driver/Src/stm32f0xx_hal_dma.o
 .debug_line    0x00001ec2      0x9e3 Drivers/STM32F0xx_HAL_Driver/Src/stm32f0xx_hal_gpio.o
 .debug_line    0x000028a5     0x19bc Drivers/STM32F0xx_HAL_Driver/Src/stm32f0xx_hal_i2c.o
 .debug_line    0x00004261      0x9ca Drivers/STM32F0xx_HAL_Driver/Src/stm32f0xx_hal_i2c_ex.o
 .debug_line    0x00004c2b      0xf40 Drivers/STM32F0xx_HAL_Driver/Src/stm32f0xx_hal_pcd.o
 .debug_line    0x00005b6b      0xb47 Drivers/STM32F0xx_HAL_Driver/Src/stm32f0xx_hal_rcc.o
 .debug_line    0x000066b2      0xaed Drivers/STM32F0xx_HAL_Driver/Src/stm32f0xx_hal_rcc_ex.o
 .debug_line    0x0000719f     0x13a9 Drivers/STM32F0xx_HAL_Driver/Src/stm32f0xx_hal_spi.o
 .debug_line    0x00008548     0x19f7 Drivers/STM32F0xx_HAL_Driver/Src/stm32f0xx_hal_tim.o
 .debug_line    0x00009f3f      0xe99 Drivers/STM32F0xx_HAL_Driver/Src/stm32f0xx_hal_tim_ex.o
 .debug_line    0x0000add8      0xb0b Drivers/STM32F0xx_HAL_Driver/Src/stm32f0xx_hal_tsc.o
 .debug_line    0x0000b8e3     0x12b8 Drivers/STM32F0xx_HAL_Driver/Src/stm32f0xx_hal_uart.o
 .debug_line    0x0000cb9b      0xa08 Drivers/STM32F0xx_HAL_Driver/Src/stm32f0xx_hal_uart_ex.o
 .debug_line    0x0000d5a3      0xaaa Middlewares/modbus/functions/mbfunccoils.o
 .debug_line    0x0000e04d      0xa3f Middlewares/modbus/functions/mbfuncdisc.o
 .debug_line    0x0000ea8c      0xadd Middlewares/modbus/functions/mbfuncholding.o
 .debug_line    0x0000f569      0xa38 Middlewares/modbus/functions/mbfuncinput.o
 .debug_line    0x0000ffa1      0xa5c Middlewares/modbus/functions/mbfuncother.o
 .debug_line    0x000109fd      0xa46 Middlewares/modbus/functions/mbutils.o
 .debug_line    0x00011443      0xba9 Middlewares/modbus/mb.o
 .debug_line    0x00011fec      0x9e2 Middlewares/modbus/port/portevent.o
 .debug_line    0x000129ce      0x9f7 Middlewares/modbus/port/portserial.o
 .debug_line    0x000133c5      0x9f3 Middlewares/modbus/port/porttimer.o
 .debug_line    0x00013db8      0x929 Middlewares/modbus/rtu/mbcrc.o
 .debug_line    0x000146e1      0xb91 Middlewares/modbus/rtu/mbrtu.o
 .debug_line    0x00015272      0xb37 Src/main.o
 .debug_line    0x00015da9      0x9fb Src/stm32f0xx_hal_msp.o
 .debug_line    0x000167a4      0xa4a Src/stm32f0xx_it.o
 .debug_line    0x000171ee      0x5da Src/syscalls.o
 .debug_line    0x000177c8      0x8b5 Src/system_stm32f0xx.o
 .debug_line    0x0001807d       0x83 startup/startup_stm32f072xb.o

.debug_str      0x00000000    0x88c9d
 .debug_str     0x00000000    0x7f965 Drivers/STM32F0xx_HAL_Driver/Src/stm32f0xx_hal.o
                              0x7fc5c (size before relaxing)
 .debug_str     0x0007f965      0x1f8 Drivers/STM32F0xx_HAL_Driver/Src/stm32f0xx_hal_cortex.o
                              0x7fb0a (size before relaxing)
 .debug_str     0x0007fb5d      0x3e5 Drivers/STM32F0xx_HAL_Driver/Src/stm32f0xx_hal_dma.o
                              0x7fadc (size before relaxing)
 .debug_str     0x0007ff42      0x294 Drivers/STM32F0xx_HAL_Driver/Src/stm32f0xx_hal_gpio.o
                              0x7f99a (size before relaxing)
 .debug_str     0x000801d6      0xfe8 Drivers/STM32F0xx_HAL_Driver/Src/stm32f0xx_hal_i2c.o
                              0x808e8 (size before relaxing)
 .debug_str     0x000811be       0xf3 Drivers/STM32F0xx_HAL_Driver/Src/stm32f0xx_hal_i2c_ex.o
                              0x7fc96 (size before relaxing)
 .debug_str     0x000812b1      0x64d Drivers/STM32F0xx_HAL_Driver/Src/stm32f0xx_hal_pcd.o
                              0x7fd70 (size before relaxing)
 .debug_str     0x000818fe      0x331 Drivers/STM32F0xx_HAL_Driver/Src/stm32f0xx_hal_rcc.o
                              0x7fb09 (size before relaxing)
 .debug_str     0x00081c2f      0x397 Drivers/STM32F0xx_HAL_Driver/Src/stm32f0xx_hal_rcc_ex.o
                              0x7fb23 (size before relaxing)
 .debug_str     0x00081fc6      0x724 Drivers/STM32F0xx_HAL_Driver/Src/stm32f0xx_hal_spi.o
                              0x80033 (size before relaxing)
 .debug_str     0x000826ea      0xf40 Drivers/STM32F0xx_HAL_Driver/Src/stm32f0xx_hal_tim.o
                              0x80848 (size before relaxing)
 .debug_str     0x0008362a      0x50d Drivers/STM32F0xx_HAL_Driver/Src/stm32f0xx_hal_tim_ex.o
                              0x80174 (size before relaxing)