11:29:16 **** Clean-only build of configuration Debug for project SW4STM32 ****
make clean 
make: *** No rule to make target 'clean'.  Stop.
11:29:16 **** Build of configuration Debug for project SW4STM32 ****
make all 
Building file: ../startup/startup_stm32f072xb.s
Invoking: MCU GCC Assembler
C:\Users\User\Documents\STM32_F0\Generated Code\STM32F0-DISCOVERY_MODBUS\SW4STM32\Debug
arm-none-eabi-as -mcpu=cortex-m0 -mthumb -mfloat-abi=soft -g -o "startup/startup_stm32f072xb.o" "../startup/startup_stm32f072xb.s"
Finished building: ../startup/startup_stm32f072xb.s
 
Building file: ../Src/main.c
Invoking: MCU GCC Compiler
C:\Users\User\Documents\STM32_F0\Generated Code\STM32F0-DISCOVERY_MODBUS\SW4STM32\Debug
arm-none-eabi-gcc -mcpu=cortex-m0 -mthumb -mfloat-abi=soft '-D__weak=__attribute__((weak))' '-D__packed=__attribute__((__packed__))' -DUSE_HAL_DRIVER -DSTM32F072xB -I"C:/Users/User/Documents/STM32_F0/Generated Code/STM32F0-DISCOVERY_MODBUS/SW4STM32/Inc" -I"C:/Users/User/Documents/STM32_F0/Generated Code/STM32F0-DISCOVERY_MODBUS/SW4STM32/Drivers/STM32F0xx_HAL_Driver/Inc" -I"C:/Users/User/Documents/STM32_F0/Generated Code/STM32F0-DISCOVERY_MODBUS/SW4STM32/Drivers/STM32F0xx_HAL_Driver/Inc/Legacy" -I"C:/Users/User/Documents/STM32_F0/Generated Code/STM32F0-DISCOVERY_MODBUS/SW4STM32/Drivers/CMSIS/Device/ST/STM32F0xx/Include" -I"C:/Users/User/Documents/STM32_F0/Generated Code/STM32F0-DISCOVERY_MODBUS/SW4STM32/Drivers/CMSIS/Include" -I"C:/Users/User/Documents/STM32_F0/Generated Code/STM32F0-DISCOVERY_MODBUS/SW4STM32/Middlewares/modbus/port" -I"C:/Users/User/Documents/STM32_F0/Generated Code/STM32F0-DISCOVERY_MODBUS/SW4STM32/Middlewares/modbus/include" -I"C:/Users/User/Documents/STM32_F0/Generated Code/STM32F0-DISCOVERY_MODBUS/SW4STM32/Middlewares/modbus/rtu"  -Og -g3 -Wall -fmessage-length=0 -ffunction-sections -c -fmessage-length=0 -MMD -MP -MF"Src/main.d" -MT"Src/main.o" -o "Src/main.o" "../Src/main.c"
Finished building: ../Src/main.c
 
Building file: ../Src/stm32f0xx_hal_msp.c
Invoking: MCU GCC Compiler
C:\Users\User\Documents\STM32_F0\Generated Code\STM32F0-DISCOVERY_MODBUS\SW4STM32\Debug
arm-none-eabi-gcc -mcpu=cortex-m0 -mthumb -mfloat-abi=soft '-D__weak=__attribute__((weak))' '-D__packed=__attribute__((__packed__))' -DUSE_HAL_DRIVER -DSTM32F072xB -I"C:/Users/User/Documents/STM32_F0/Generated Code/STM32F0-DISCOVERY_MODBUS/SW4STM32/Inc" -I"C:/Users/User/Documents/STM32_F0/Generated Code/STM32F0-DISCOVERY_MODBUS/SW4STM32/Drivers/STM32F0xx_HAL_Driver/Inc" -I"C:/Users/User/Documents/STM32_F0/Generated Code/STM32F0-DISCOVERY_MODBUS/SW4STM32/Drivers/STM32F0xx_HAL_Driver/Inc/Legacy" -I"C:/Users/User/Documents/STM32_F0/Generated Code/STM32F0-DISCOVERY_MODBUS/SW4STM32/Drivers/CMSIS/Device/ST/STM32F0xx/Include" -I"C:/Users/User/Documents/STM32_F0/Generated Code/STM32F0-DISCOVERY_MODBUS/SW4STM32/Drivers/CMSIS/Include" -I"C:/Users/User/Documents/STM32_F0/Generated Code/STM32F0-DISCOVERY_MODBUS/SW4STM32/Middlewares/modbus/port" -I"C:/Users/User/Documents/STM32_F0/Generated Code/STM32F0-DISCOVERY_MODBUS/SW4STM32/Middlewares/modbus/include" -I"C:/Users/User/Documents/STM32_F0/Generated Code/STM32F0-DISCOVERY_MODBUS/SW4STM32/Middlewares/modbus/rtu"  -Og -g3 -Wall -fmessage-length=0 -ffunction-sections -c -fmessage-length=0 -MMD -MP -MF"Src/stm32f0xx_hal_msp.d" -MT"Src/stm32f0xx_hal_msp.o" -o "Src/stm32f0xx_hal_msp.o" "../Src/stm32f0xx_hal_msp.c"
Finished building: ../Src/stm32f0xx_hal_msp.c
 
Building file: ../Src/stm32f0xx_it.c
Invoking: MCU GCC Compiler
C:\Users\User\Documents\STM32_F0\Generated Code\STM32F0-DISCOVERY_MODBUS\SW4STM32\Debug
arm-none-eabi-gcc -mcpu=cortex-m0 -mthumb -mfloat-abi=soft '-D__weak=__attribute__((weak))' '-D__packed=__attribute__((__packed__))' -DUSE_HAL_DRIVER -DSTM32F072xB -I"C:/Users/User/Documents/STM32_F0/Generated Code/STM32F0-DISCOVERY_MODBUS/SW4STM32/Inc" -I"C:/Users/User/Documents/STM32_F0/Generated Code/STM32F0-DISCOVERY_MODBUS/SW4STM32/Drivers/STM32F0xx_HAL_Driver/Inc" -I"C:/Users/User/Documents/STM32_F0/Generated Code/STM32F0-DISCOVERY_MODBUS/SW4STM32/Drivers/STM32F0xx_HAL_Driver/Inc/Legacy" -I"C:/Users/User/Documents/STM32_F0/Generated Code/STM32F0-DISCOVERY_MODBUS/SW4STM32/Drivers/CMSIS/Device/ST/STM32F0xx/Include" -I"C:/Users/User/Documents/STM32_F0/Generated Code/STM32F0-DISCOVERY_MODBUS/SW4STM32/Drivers/CMSIS/Include" -I"C:/Users/User/Documents/STM32_F0/Generated Code/STM32F0-DISCOVERY_MODBUS/SW4STM32/Middlewares/modbus/port" -I"C:/Users/User/Documents/STM32_F0/Generated Code/STM32F0-DISCOVERY_MODBUS/SW4STM32/Middlewares/modbus/include" -I"C:/Users/User/Documents/STM32_F0/Generated Code/STM32F0-DISCOVERY_MODBUS/SW4STM32/Middlewares/modbus/rtu"  -Og -g3 -Wall -fmessage-length=0 -ffunction-sections -c -fmessage-length=0 -MMD -MP -MF"Src/stm32f0xx_it.d" -MT"Src/stm32f0xx_it.o" -o "Src/stm32f0xx_it.o" "../Src/stm32f0xx_it.c"
Finished building: ../Src/stm32f0xx_it.c
 
Building file: ../Src/syscalls.c
Invoking: MCU GCC Compiler
C:\Users\User\Documents\STM32_F0\Generated Code\STM32F0-DISCOVERY_MODBUS\SW4STM32\Debug
arm-none-eabi-gcc -mcpu=cortex-m0 -mthumb -mfloat-abi=soft '-D__weak=__attribute__((weak))' '-D__packed=__attribute__((__packed__))' -DUSE_HAL_DRIVER -DSTM32F072xB -I"C:/Users/User/Documents/STM32_F0/Generated Code/STM32F0-DISCOVERY_MODBUS/SW4STM32/Inc" -I"C:/Users/User/Documents/STM32_F0/Generated Code/STM32F0-DISCOVERY_MODBUS/SW4STM32/Drivers/STM32F0xx_HAL_Driver/Inc" -I"C:/Users/User/Documents/STM32_F0/Generated Code/STM32F0-DISCOVERY_MODBUS/SW4STM32/Drivers/STM32F0xx_HAL_Driver/Inc/Legacy" -I"C:/Users/User/Documents/STM32_F0/Generated Code/STM32F0-DISCOVERY_MODBUS/SW4STM32/Drivers/CMSIS/Device/ST/STM32F0xx/Include" -I"C:/Users/User/Documents/STM32_F0/Generated Code/STM32F0-DISCOVERY_MODBUS/SW4STM32/Drivers/CMSIS/Include" -I"C:/Users/User/Documents/STM32_F0/Generated Code/STM32F0-DISCOVERY_MODBUS/SW4STM32/Middlewares/modbus/port" -I"C:/Users/User/Documents/STM32_F0/Generated Code/STM32F0-DISCOVERY_MODBUS/SW4STM32/Middlewares/modbus/include" -I"C:/Users/User/Documents/STM32_F0/Generated Code/STM32F0-DISCOVERY_MODBUS/SW4STM32/Middlewares/modbus/rtu"  -Og -g3 -Wall -fmessage-length=0 -ffunction-sections -c -fmessage-length=0 -MMD -MP -MF"Src/syscalls.d" -MT"Src/syscalls.o" -o "Src/syscalls.o" "../Src/syscalls.c"
Finished building: ../Src/syscalls.c
 
Building file: ../Src/system_stm32f0xx.c
Invoking: MCU GCC Compiler
C:\Users\User\Documents\STM32_F0\Generated Code\STM32F0-DISCOVERY_MODBUS\SW4STM32\Debug
arm-none-eabi-gcc -mcpu=cortex-m0 -mthumb -mfloat-abi=soft '-D__weak=__attribute__((weak))' '-D__packed=__attribute__((__packed__))' -DUSE_HAL_DRIVER -DSTM32F072xB -I"C:/Users/User/Documents/STM32_F0/Generated Code/STM32F0-DISCOVERY_MODBUS/SW4STM32/Inc" -I"C:/Users/User/Documents/STM32_F0/Generated Code/STM32F0-DISCOVERY_MODBUS/SW4STM32/Drivers/STM32F0xx_HAL_Driver/Inc" -I"C:/Users/User/Documents/STM32_F0/Generated Code/STM32F0-DISCOVERY_MODBUS/SW4STM32/Drivers/STM32F0xx_HAL_Driver/Inc/Legacy" -I"C:/Users/User/Documents/STM32_F0/Generated Code/STM32F0-DISCOVERY_MODBUS/SW4STM32/Drivers/CMSIS/Device/ST/STM32F0xx/Include" -I"C:/Users/User/Documents/STM32_F0/Generated Code/STM32F0-DISCOVERY_MODBUS/SW4STM32/Drivers/CMSIS/Include" -I"C:/Users/User/Documents/STM32_F0/Generated Code/STM32F0-DISCOVERY_MODBUS/SW4STM32/Middlewares/modbus/port" -I"C:/Users/User/Documents/STM32_F0/Generated Code/STM32F0-DISCOVERY_MODBUS/SW4STM32/Middlewares/modbus/include" -I"C:/Users/User/Documents/STM32_F0/Generated Code/STM32F0-DISCOVERY_MODBUS/SW4STM32/Middlewares/modbus/rtu"  -Og -g3 -Wall -fmessage-length=0 -ffunction-sections -c -fmessage-length=0 -MMD -MP -MF"Src/system_stm32f0xx.d" -MT"Src/system_stm32f0xx.o" -o "Src/system_stm32f0xx.o" "../Src/system_stm32f0xx.c"
Finished building: ../Src/system_stm32f0xx.c
 
Building file: ../Middlewares/modbus/rtu/mbcrc.c
Invoking: MCU GCC Compiler
C:\Users\User\Documents\STM32_F0\Generated Code\STM32F0-DISCOVERY_MODBUS\SW4STM32\Debug
arm-none-eabi-gcc -mcpu=cortex-m0 -mthumb -mfloat-abi=soft '-D__weak=__attribute__((weak))' '-D__packed=__attribute__((__packed__))' -DUSE_HAL_DRIVER -DSTM32F072xB -I"C:/Users/User/Documents/STM32_F0/Generated Code/STM32F0-DISCOVERY_MODBUS/SW4STM32/Inc" -I"C:/Users/User/Documents/STM32_F0/Generated Code/STM32F0-DISCOVERY_MODBUS/SW4STM32/Drivers/STM32F0xx_HAL_Driver/Inc" -I"C:/Users/User/Documents/STM32_F0/Generated Code/STM32F0-DISCOVERY_MODBUS/SW4STM32/Drivers/STM32F0xx_HAL_Driver/Inc/Legacy" -I"C:/Users/User/Documents/STM32_F0/Generated Code/STM32F0-DISCOVERY_MODBUS/SW4STM32/Drivers/CMSIS/Device/ST/STM32F0xx/Include" -I"C:/Users/User/Documents/STM32_F0/Generated Code/STM32F0-DISCOVERY_MODBUS/SW4STM32/Drivers/CMSIS/Include" -I"C:/Users/User/Documents/STM32_F0/Generated Code/STM32F0-DISCOVERY_MODBUS/SW4STM32/Middlewares/modbus/port" -I"C:/Users/User/Documents/STM32_F0/Generated Code/STM32F0-DISCOVERY_MODBUS/SW4STM32/Middlewares/modbus/include" -I"C:/Users/User/Documents/STM32_F0/Generated Code/STM32F0-DISCOVERY_MODBUS/SW4STM32/Middlewares/modbus/rtu"  -Og -g3 -Wall -fmessage-length=0 -ffunction-sections -c -fmessage-length=0 -MMD -MP -MF"Middlewares/modbus/rtu/mbcrc.d" -MT"Middlewares/modbus/rtu/mbcrc.o" -o "Middlewares/modbus/rtu/mbcrc.o" "../Middlewares/modbus/rtu/mbcrc.c"
Finished building: ../Middlewares/modbus/rtu/mbcrc.c
 
Building file: ../Middlewares/modbus/rtu/mbrtu.c
Invoking: MCU GCC Compiler
C:\Users\User\Documents\STM32_F0\Generated Code\STM32F0-DISCOVERY_MODBUS\SW4STM32\Debug
arm-none-eabi-gcc -mcpu=cortex-m0 -mthumb -mfloat-abi=soft '-D__weak=__attribute__((weak))' '-D__packed=__attribute__((__packed__))' -DUSE_HAL_DRIVER -DSTM32F072xB -I"C:/Users/User/Documents/STM32_F0/Generated Code/STM32F0-DISCOVERY_MODBUS/SW4STM32/Inc" -I"C:/Users/User/Documents/STM32_F0/Generated Code/STM32F0-DISCOVERY_MODBUS/SW4STM32/Drivers/STM32F0xx_HAL_Driver/Inc" -I"C:/Users/User/Documents/STM32_F0/Generated Code/STM32F0-DISCOVERY_MODBUS/SW4STM32/Drivers/STM32F0xx_HAL_Driver/Inc/Legacy" -I"C:/Users/User/Documents/STM32_F0/Generated Code/STM32F0-DISCOVERY_MODBUS/SW4STM32/Drivers/CMSIS/Device/ST/STM32F0xx/Include" -I"C:/Users/User/Documents/STM32_F0/Generated Code/STM32F0-DISCOVERY_MODBUS/SW4STM32/Drivers/CMSIS/Include" -I"C:/Users/User/Documents/STM32_F0/Generated Code/STM32F0-DISCOVERY_MODBUS/SW4STM32/Middlewares/modbus/port" -I"C:/Users/User/Documents/STM32_F0/Generated Code/STM32F0-DISCOVERY_MODBUS/SW4STM32/Middlewares/modbus/include" -I"C:/Users/User/Documents/STM32_F0/Generated Code/STM32F0-DISCOVERY_MODBUS/SW4STM32/Middlewares/modbus/rtu"  -Og -g3 -Wall -fmessage-length=0 -ffunction-sections -c -fmessage-length=0 -MMD -MP -MF"Middlewares/modbus/rtu/mbrtu.d" -MT"Middlewares/modbus/rtu/mbrtu.o" -o "Middlewares/modbus/rtu/mbrtu.o" "../Middlewares/modbus/rtu/mbrtu.c"
../Middlewares/modbus/rtu/mbrtu.c: In function 'eMBRTUReceive':
../Middlewares/modbus/rtu/mbrtu.c:153:21: warning: variable 'xFrameReceived' set but not used [-Wunused-but-set-variable]
     BOOL            xFrameReceived = FALSE;
                     ^~~~~~~~~~~~~~
Finished building: ../Middlewares/modbus/rtu/mbrtu.c
 
Building file: ../Middlewares/modbus/port/portevent.c
Invoking: MCU GCC Compiler
C:\Users\User\Documents\STM32_F0\Generated Code\STM32F0-DISCOVERY_MODBUS\SW4STM32\Debug
arm-none-eabi-gcc -mcpu=cortex-m0 -mthumb -mfloat-abi=soft '-D__weak=__attribute__((weak))' '-D__packed=__attribute__((__packed__))' -DUSE_HAL_DRIVER -DSTM32F072xB -I"C:/Users/User/Documents/STM32_F0/Generated Code/STM32F0-DISCOVERY_MODBUS/SW4STM32/Inc" -I"C:/Users/User/Documents/STM32_F0/Generated Code/STM32F0-DISCOVERY_MODBUS/SW4STM32/Drivers/STM32F0xx_HAL_Driver/Inc" -I"C:/Users/User/Documents/STM32_F0/Generated Code/STM32F0-DISCOVERY_MODBUS/SW4STM32/Drivers/STM32F0xx_HAL_Driver/Inc/Legacy" -I"C:/Users/User/Documents/STM32_F0/Generated Code/STM32F0-DISCOVERY_MODBUS/SW4STM32/Drivers/CMSIS/Device/ST/STM32F0xx/Include" -I"C:/Users/User/Documents/STM32_F0/Generated Code/STM32F0-DISCOVERY_MODBUS/SW4STM32/Drivers/CMSIS/Include" -I"C:/Users/User/Documents/STM32_F0/Generated Code/STM32F0-DISCOVERY_MODBUS/SW4STM32/Middlewares/modbus/port" -I"C:/Users/User/Documents/STM32_F0/Generated Code/STM32F0-DISCOVERY_MODBUS/SW4STM32/Middlewares/modbus/include" -I"C:/Users/User/Documents/STM32_F0/Generated Code/STM32F0-DISCOVERY_MODBUS/SW4STM32/Middlewares/modbus/rtu"  -Og -g3 -Wall -fmessage-length=0 -ffunction-sections -c -fmessage-length=0 -MMD -MP -MF"Middlewares/modbus/port/portevent.d" -MT"Middlewares/modbus/port/portevent.o" -o "Middlewares/modbus/port/portevent.o" "../Middlewares/modbus/port/portevent.c"
Finished building: ../Middlewares/modbus/port/portevent.c
 
Building file: ../Middlewares/modbus/port/portserial.c
Invoking: MCU GCC Compiler
C:\Users\User\Documents\STM32_F0\Generated Code\STM32F0-DISCOVERY_MODBUS\SW4STM32\Debug
arm-none-eabi-gcc -mcpu=cortex-m0 -mthumb -mfloat-abi=soft '-D__weak=__attribute__((weak))' '-D__packed=__attribute__((__packed__))' -DUSE_HAL_DRIVER -DSTM32F072xB -I"C:/Users/User/Documents/STM32_F0/Generated Code/STM32F0-DISCOVERY_MODBUS/SW4STM32/Inc" -I"C:/Users/User/Documents/STM32_F0/Generated Code/STM32F0-DISCOVERY_MODBUS/SW4STM32/Drivers/STM32F0xx_HAL_Driver/Inc" -I"C:/Users/User/Documents/STM32_F0/Generated Code/STM32F0-DISCOVERY_MODBUS/SW4STM32/Drivers/STM32F0xx_HAL_Driver/Inc/Legacy" -I"C:/Users/User/Documents/STM32_F0/Generated Code/STM32F0-DISCOVERY_MODBUS/SW4STM32/Drivers/CMSIS/Device/ST/STM32F0xx/Include" -I"C:/Users/User/Documents/STM32_F0/Generated Code/STM32F0-DISCOVERY_MODBUS/SW4STM32/Drivers/CMSIS/Include" -I"C:/Users/User/Documents/STM32_F0/Generated Code/STM32F0-DISCOVERY_MODBUS/SW4STM32/Middlewares/modbus/port" -I"C:/Users/User/Documents/STM32_F0/Generated Code/STM32F0-DISCOVERY_MODBUS/SW4STM32/Middlewares/modbus/include" -I"C:/Users/User/Documents/STM32_F0/Generated Code/STM32F0-DISCOVERY_MODBUS/SW4STM32/Middlewares/modbus/rtu"  -Og -g3 -Wall -fmessage-length=0 -ffunction-sections -c -fmessage-length=0 -MMD -MP -MF"Middlewares/modbus/port/portserial.d" -MT"Middlewares/modbus/port/portserial.o" -o "Middlewares/modbus/port/portserial.o" "../Middlewares/modbus/port/portserial.c"
Finished building: ../Middlewares/modbus/port/portserial.c
 
Building file: ../Middlewares/modbus/port/porttimer.c
Invoking: MCU GCC Compiler
C:\Users\User\Documents\STM32_F0\Generated Code\STM32F0-DISCOVERY_MODBUS\SW4STM32\Debug
arm-none-eabi-gcc -mcpu=cortex-m0 -mthumb -mfloat-abi=soft '-D__weak=__attribute__((weak))' '-D__packed=__attribute__((__packed__))' -DUSE_HAL_DRIVER -DSTM32F072xB -I"C:/Users/User/Documents/STM32_F0/Generated Code/STM32F0-DISCOVERY_MODBUS/SW4STM32/Inc" -I"C:/Users/User/Documents/STM32_F0/Generated Code/STM32F0-DISCOVERY_MODBUS/SW4STM32/Drivers/STM32F0xx_HAL_Driver/Inc" -I"C:/Users/User/Documents/STM32_F0/Generated Code/STM32F0-DISCOVERY_MODBUS/SW4STM32/Drivers/STM32F0xx_HAL_Driver/Inc/Legacy" -I"C:/Users/User/Documents/STM32_F0/Generated Code/STM32F0-DISCOVERY_MODBUS/SW4STM32/Drivers/CMSIS/Device/ST/STM32F0xx/Include" -I"C:/Users/User/Documents/STM32_F0/Generated Code/STM32F0-DISCOVERY_MODBUS/SW4STM32/Drivers/CMSIS/Include" -I"C:/Users/User/Documents/STM32_F0/Generated Code/STM32F0-DISCOVERY_MODBUS/SW4STM32/Middlewares/modbus/port" -I"C:/Users/User/Documents/STM32_F0/Generated Code/STM32F0-DISCOVERY_MODBUS/SW4STM32/Middlewares/modbus/include" -I"C:/Users/User/Documents/STM32_F0/Generated Code/STM32F0-DISCOVERY_MODBUS/SW4STM32/Middlewares/modbus/rtu"  -Og -g3 -Wall -fmessage-length=0 -ffunction-sections -c -fmessage-length=0 -MMD -MP -MF"Middlewares/modbus/port/porttimer.d" -MT"Middlewares/modbus/port/porttimer.o" -o "Middlewares/modbus/port/porttimer.o" "../Middlewares/modbus/port/porttimer.c"
Finished building: ../Middlewares/modbus/port/porttimer.c
 
Building file: ../Middlewares/modbus/functions/mbfunccoils.c
Invoking: MCU GCC Compiler
C:\Users\User\Documents\STM32_F0\Generated Code\STM32F0-DISCOVERY_MODBUS\SW4STM32\Debug
arm-none-eabi-gcc -mcpu=cortex-m0 -mthumb -mfloat-abi=soft '-D__weak=__attribute__((weak))' '-D__packed=__attribute__((__packed__))' -DUSE_HAL_DRIVER -DSTM32F072xB -I"C:/Users/User/Documents/STM32_F0/Generated Code/STM32F0-DISCOVERY_MODBUS/SW4STM32/Inc" -I"C:/Users/User/Documents/STM32_F0/Generated Code/STM32F0-DISCOVERY_MODBUS/SW4STM32/Drivers/STM32F0xx_HAL_Driver/Inc" -I"C:/Users/User/Documents/STM32_F0/Generated Code/STM32F0-DISCOVERY_MODBUS/SW4STM32/Drivers/STM32F0xx_HAL_Driver/Inc/Legacy" -I"C:/Users/User/Documents/STM32_F0/Generated Code/STM32F0-DISCOVERY_MODBUS/SW4STM32/Drivers/CMSIS/Device/ST/STM32F0xx/Include" -I"C:/Users/User/Documents/STM32_F0/Generated Code/STM32F0-DISCOVERY_MODBUS/SW4STM32/Drivers/CMSIS/Include" -I"C:/Users/User/Documents/STM32_F0/Generated Code/STM32F0-DISCOVERY_MODBUS/SW4STM32/Middlewares/modbus/port" -I"C:/Users/User/Documents/STM32_F0/Generated Code/STM32F0-DISCOVERY_MODBUS/SW4STM32/Middlewares/modbus/include" -I"C:/Users/User/Documents/STM32_F0/Generated Code/STM32F0-DISCOVERY_MODBUS/SW4STM32/Middlewares/modbus/rtu"  -Og -g3 -Wall -fmessage-length=0 -ffunction-sections -c -fmessage-length=0 -MMD -MP -MF"Middlewares/modbus/functions/mbfunccoils.d" -MT"Middlewares/modbus/functions/mbfunccoils.o" -o "Middlewares/modbus/functions/mbfunccoils.o" "../Middlewares/modbus/functions/mbfunccoils.c"
Finished building: ../Middlewares/modbus/functions/mbfunccoils.c
 
Building file: ../Middlewares/modbus/functions/mbfuncdiag.c
Invoking: MCU GCC Compiler
C:\Users\User\Documents\STM32_F0\Generated Code\STM32F0-DISCOVERY_MODBUS\SW4STM32\Debug
arm-none-eabi-gcc -mcpu=cortex-m0 -mthumb -mfloat-abi=soft '-D__weak=__attribute__((weak))' '-D__packed=__attribute__((__packed__))' -DUSE_HAL_DRIVER -DSTM32F072xB -I"C:/Users/User/Documents/STM32_F0/Generated Code/STM32F0-DISCOVERY_MODBUS/SW4STM32/Inc" -I"C:/Users/User/Documents/STM32_F0/Generated Code/STM32F0-DISCOVERY_MODBUS/SW4STM32/Drivers/STM32F0xx_HAL_Driver/Inc" -I"C:/Users/User/Documents/STM32_F0/Generated Code/STM32F0-DISCOVERY_MODBUS/SW4STM32/Drivers/STM32F0xx_HAL_Driver/Inc/Legacy" -I"C:/Users/User/Documents/STM32_F0/Generated Code/STM32F0-DISCOVERY_MODBUS/SW4STM32/Drivers/CMSIS/Device/ST/STM32F0xx/Include" -I"C:/Users/User/Documents/STM32_F0/Generated Code/STM32F0-DISCOVERY_MODBUS/SW4STM32/Drivers/CMSIS/Include" -I"C:/Users/User/Documents/STM32_F0/Generated Code/STM32F0-DISCOVERY_MODBUS/SW4STM32/Middlewares/modbus/port" -I"C:/Users/User/Documents/STM32_F0/Generated Code/STM32F0-DISCOVERY_MODBUS/SW4STM32/Middlewares/modbus/include" -I"C:/Users/User/Documents/STM32_F0/Generated Code/STM32F0-DISCOVERY_MODBUS/SW4STM32/Middlewares/modbus/rtu"  -Og -g3 -Wall -fmessage-length=0 -ffunction-sections -c -fmessage-length=0 -MMD -MP -MF"Middlewares/modbus/functions/mbfuncdiag.d" -MT"Middlewares/modbus/functions/mbfuncdiag.o" -o "Middlewares/modbus/functions/mbfuncdiag.o" "../Middlewares/modbus/functions/mbfuncdiag.c"
Finished building: ../Middlewares/modbus/functions/mbfuncdiag.c
 
Building file: ../Middlewares/modbus/functions/mbfuncdisc.c
Invoking: MCU GCC Compiler
C:\Users\User\Documents\STM32_F0\Generated Code\STM32F0-DISCOVERY_MODBUS\SW4STM32\Debug
arm-none-eabi-gcc -mcpu=cortex-m0 -mthumb -mfloat-abi=soft '-D__weak=__attribute__((weak))' '-D__packed=__attribute__((__packed__))' -DUSE_HAL_DRIVER -DSTM32F072xB -I"C:/Users/User/Documents/STM32_F0/Generated Code/STM32F0-DISCOVERY_MODBUS/SW4STM32/Inc" -I"C:/Users/User/Documents/STM32_F0/Generated Code/STM32F0-DISCOVERY_MODBUS/SW4STM32/Drivers/STM32F0xx_HAL_Driver/Inc" -I"C:/Users/User/Documents/STM32_F0/Generated Code/STM32F0-DISCOVERY_MODBUS/SW4STM32/Drivers/STM32F0xx_HAL_Driver/Inc/Legacy" -I"C:/Users/User/Documents/STM32_F0/Generated Code/STM32F0-DISCOVERY_MODBUS/SW4STM32/Drivers/CMSIS/Device/ST/STM32F0xx/Include" -I"C:/Users/User/Documents/STM32_F0/Generated Code/STM32F0-DISCOVERY_MODBUS/SW4STM32/Drivers/CMSIS/Include" -I"C:/Users/User/Documents/STM32_F0/Generated Code/STM32F0-DISCOVERY_MODBUS/SW4STM32/Middlewares/modbus/port" -I"C:/Users/User/Documents/STM32_F0/Generated Code/STM32F0-DISCOVERY_MODBUS/SW4STM32/Middlewares/modbus/include" -I"C:/Users/User/Documents/STM32_F0/Generated Code/STM32F0-DISCOVERY_MODBUS/SW4STM32/Middlewares/modbus/rtu"  -Og -g3 -Wall -fmessage-length=0 -ffunction-sections -c -fmessage-length=0 -MMD -MP -MF"Middlewares/modbus/functions/mbfuncdisc.d" -MT"Middlewares/modbus/functions/mbfuncdisc.o" -o "Middlewares/modbus/functions/mbfuncdisc.o" "../Middlewares/modbus/functions/mbfuncdisc.c"
Finished building: ../Middlewares/modbus/functions/mbfuncdisc.c
 
Building file: ../Middlewares/modbus/functions/mbfuncholding.c
Invoking: MCU GCC Compiler
C:\Users\User\Documents\STM32_F0\Generated Code\STM32F0-DISCOVERY_MODBUS\SW4STM32\Debug
arm-none-eabi-gcc -mcpu=cortex-m0 -mthumb -mfloat-abi=soft '-D__weak=__attribute__((weak))' '-D__packed=__attribute__((__packed__))' -DUSE_HAL_DRIVER -DSTM32F072xB -I"C:/Users/User/Documents/STM32_F0/Generated Code/STM32F0-DISCOVERY_MODBUS/SW4STM32/Inc" -I"C:/Users/User/Documents/STM32_F0/Generated Code/STM32F0-DISCOVERY_MODBUS/SW4STM32/Drivers/STM32F0xx_HAL_Driver/Inc" -I"C:/Users/User/Documents/STM32_F0/Generated Code/STM32F0-DISCOVERY_MODBUS/SW4STM32/Drivers/STM32F0xx_HAL_Driver/Inc/Legacy" -I"C:/Users/User/Documents/STM32_F0/Generated Code/STM32F0-DISCOVERY_MODBUS/SW4STM32/Drivers/CMSIS/Device/ST/STM32F0xx/Include" -I"C:/Users/User/Documents/STM32_F0/Generated Code/STM32F0-DISCOVERY_MODBUS/SW4STM32/Drivers/CMSIS/Include" -I"C:/Users/User/Documents/STM32_F0/Generated Code/STM32F0-DISCOVERY_MODBUS/SW4STM32/Middlewares/modbus/port" -I"C:/Users/User/Documents/STM32_F0/Generated Code/STM32F0-DISCOVERY_MODBUS/SW4STM32/Middlewares/modbus/include" -I"C:/Users/User/Documents/STM32_F0/Generated Code/STM32F0-DISCOVERY_MODBUS/SW4STM32/Middlewares/modbus/rtu"  -Og -g3 -Wall -fmessage-length=0 -ffunction-sections -c -fmessage-length=0 -MMD -MP -MF"Middlewares/modbus/functions/mbfuncholding.d" -MT"Middlewares/modbus/functions/mbfuncholding.o" -o "Middlewares/modbus/functions/mbfuncholding.o" "../Middlewares/modbus/functions/mbfuncholding.c"
Finished building: ../Middlewares/modbus/functions/mbfuncholding.c
 
Building file: ../Middlewares/modbus/functions/mbfuncinput.c
Invoking: MCU GCC Compiler
C:\Users\User\Documents\STM32_F0\Generated Code\STM32F0-DISCOVERY_MODBUS\SW4STM32\Debug
arm-none-eabi-gcc -mcpu=cortex-m0 -mthumb -mfloat-abi=soft '-D__weak=__attribute__((weak))' '-D__packed=__attribute__((__packed__))' -DUSE_HAL_DRIVER -DSTM32F072xB -I"C:/Users/User/Documents/STM32_F0/Generated Code/STM32F0-DISCOVERY_MODBUS/SW4STM32/Inc" -I"C:/Users/User/Documents/STM32_F0/Generated Code/STM32F0-DISCOVERY_MODBUS/SW4STM32/Drivers/STM32F0xx_HAL_Driver/Inc" -I"C:/Users/User/Documents/STM32_F0/Generated Code/STM32F0-DISCOVERY_MODBUS/SW4STM32/Drivers/STM32F0xx_HAL_Driver/Inc/Legacy" -I"C:/Users/User/Documents/STM32_F0/Generated Code/STM32F0-DISCOVERY_MODBUS/SW4STM32/Drivers/CMSIS/Device/ST/STM32F0xx/Include" -I"C:/Users/User/Documents/STM32_F0/Generated Code/STM32F0-DISCOVERY_MODBUS/SW4STM32/Drivers/CMSIS/Include" -I"C:/Users/User/Documents/STM32_F0/Generated Code/STM32F0-DISCOVERY_MODBUS/SW4STM32/Middlewares/modbus/port" -I"C:/Users/User/Documents/STM32_F0/Generated Code/STM32F0-DISCOVERY_MODBUS/SW4STM32/Middlewares/modbus/include" -I"C:/Users/User/Documents/STM32_F0/Generated Code/STM32F0-DISCOVERY_MODBUS/SW4STM32/Middlewares/modbus/rtu"  -Og -g3 -Wall -fmessage-length=0 -ffunction-sections -c -fmessage-length=0 -MMD -MP -MF"Middlewares/modbus/functions/mbfuncinput.d" -MT"Middlewares/modbus/functions/mbfuncinput.o" -o "Middlewares/modbus/functions/mbfuncinput.o" "../Middlewares/modbus/functions/mbfuncinput.c"
Finished building: ../Middlewares/modbus/functions/mbfuncinput.c
 
Building file: ../Middlewares/modbus/functions/mbfuncother.c
Invoking: MCU GCC Compiler
C:\Users\User\Documents\STM32_F0\Generated Code\STM32F0-DISCOVERY_MODBUS\SW4STM32\Debug
arm-none-eabi-gcc -mcpu=cortex-m0 -mthumb -mfloat-abi=soft '-D__weak=__attribute__((weak))' '-D__packed=__attribute__((__packed__))' -DUSE_HAL_DRIVER -DSTM32F072xB -I"C:/Users/User/Documents/STM32_F0/Generated Code/STM32F0-DISCOVERY_MODBUS/SW4STM32/Inc" -I"C:/Users/User/Documents/STM32_F0/Generated Code/STM32F0-DISCOVERY_MODBUS/SW4STM32/Drivers/STM32F0xx_HAL_Driver/Inc" -I"C:/Users/User/Documents/STM32_F0/Generated Code/STM32F0-DISCOVERY_MODBUS/SW4STM32/Drivers/STM32F0xx_HAL_Driver/Inc/Legacy" -I"C:/Users/User/Documents/STM32_F0/Generated Code/STM32F0-DISCOVERY_MODBUS/SW4STM32/Drivers/CMSIS/Device/ST/STM32F0xx/Include" -I"C:/Users/User/Documents/STM32_F0/Generated Code/STM32F0-DISCOVERY_MODBUS/SW4STM32/Drivers/CMSIS/Include" -I"C:/Users/User/Documents/STM32_F0/Generated Code/STM32F0-DISCOVERY_MODBUS/SW4STM32/Middlewares/modbus/port" -I"C:/Users/User/Documents/STM32_F0/Generated Code/STM32F0-DISCOVERY_MODBUS/SW4STM32/Middlewares/modbus/include" -I"C:/Users/User/Documents/STM32_F0/Generated Code/STM32F0-DISCOVERY_MODBUS/SW4STM32/Middlewares/modbus/rtu"  -Og -g3 -Wall -fmessage-length=0 -ffunction-sections -c -fmessage-length=0 -MMD -MP -MF"Middlewares/modbus/functions/mbfuncother.d" -MT"Middlewares/modbus/functions/mbfuncother.o" -o "Middlewares/modbus/functions/mbfuncother.o" "../Middlewares/modbus/functions/mbfuncother.c"
Finished building: ../Middlewares/modbus/functions/mbfuncother.c
 
Building file: ../Middlewares/modbus/functions/mbutils.c
Invoking: MCU GCC Compiler
C:\Users\User\Documents\STM32_F0\Generated Code\STM32F0-DISCOVERY_MODBUS\SW4STM32\Debug
arm-none-eabi-gcc -mcpu=cortex-m0 -mthumb -mfloat-abi=soft '-D__weak=__attribute__((weak))' '-D__packed=__attribute__((__packed__))' -DUSE_HAL_DRIVER -DSTM32F072xB -I"C:/Users/User/Documents/STM32_F0/Generated Code/STM32F0-DISCOVERY_MODBUS/SW4STM32/Inc" -I"C:/Users/User/Documents/STM32_F0/Generated Code/STM32F0-DISCOVERY_MODBUS/SW4STM32/Drivers/STM32F0xx_HAL_Driver/Inc" -I"C:/Users/User/Documents/STM32_F0/Generated Code/STM32F0-DISCOVERY_MODBUS/SW4STM32/Drivers/STM32F0xx_HAL_Driver/Inc/Legacy" -I"C:/Users/User/Documents/STM32_F0/Generated Code/STM32F0-DISCOVERY_MODBUS/SW4STM32/Drivers/CMSIS/Device/ST/STM32F0xx/Include" -I"C:/Users/User/Documents/STM32_F0/Generated Code/STM32F0-DISCOVERY_MODBUS/SW4STM32/Drivers/CMSIS/Include" -I"C:/Users/User/Documents/STM32_F0/Generated Code/STM32F0-DISCOVERY_MODBUS/SW4STM32/Middlewares/modbus/port" -I"C:/Users/User/Documents/STM32_F0/Generated Code/STM32F0-DISCOVERY_MODBUS/SW4STM32/Middlewares/modbus/include" -I"C:/Users/User/Documents/STM32_F0/Generated Code/STM32F0-DISCOVERY_MODBUS/SW4STM32/Middlewares/modbus/rtu"  -Og -g3 -Wall -fmessage-length=0 -ffunction-sections -c -fmessage-length=0 -MMD -MP -MF"Middlewares/modbus/functions/mbutils.d" -MT"Middlewares/modbus/functions/mbutils.o" -o "Middlewares/modbus/functions/mbutils.o" "../Middlewares/modbus/functions/mbutils.c"
Finished building: ../Middlewares/modbus/functions/mbutils.c
 
Building file: ../Middlewares/modbus/mb.c
Invoking: MCU GCC Compiler
C:\Users\User\Documents\STM32_F0\Generated Code\STM32F0-DISCOVERY_MODBUS\SW4STM32\Debug
arm-none-eabi-gcc -mcpu=cortex-m0 -mthumb -mfloat-abi=soft '-D__weak=__attribute__((weak))' '-D__packed=__attribute__((__packed__))' -DUSE_HAL_DRIVER -DSTM32F072xB -I"C:/Users/User/Documents/STM32_F0/Generated Code/STM32F0-DISCOVERY_MODBUS/SW4STM32/Inc" -I"C:/Users/User/Documents/STM32_F0/Generated Code/STM32F0-DISCOVERY_MODBUS/SW4STM32/Drivers/STM32F0xx_HAL_Driver/Inc" -I"C:/Users/User/Documents/STM32_F0/Generated Code/STM32F0-DISCOVERY_MODBUS/SW4STM32/Drivers/STM32F0xx_HAL_Driver/Inc/Legacy" -I"C:/Users/User/Documents/STM32_F0/Generated Code/STM32F0-DISCOVERY_MODBUS/SW4STM32/Drivers/CMSIS/Device/ST/STM32F0xx/Include" -I"C:/Users/User/Documents/STM32_F0/Generated Code/STM32F0-DISCOVERY_MODBUS/SW4STM32/Drivers/CMSIS/Include" -I"C:/Users/User/Documents/STM32_F0/Generated Code/STM32F0-DISCOVERY_MODBUS/SW4STM32/Middlewares/modbus/port" -I"C:/Users/User/Documents/STM32_F0/Generated Code/STM32F0-DISCOVERY_MODBUS/SW4STM32/Middlewares/modbus/include" -I"C:/Users/User/Documents/STM32_F0/Generated Code/STM32F0-DISCOVERY_MODBUS/SW4STM32/Middlewares/modbus/rtu"  -Og -g3 -Wall -fmessage-length=0 -ffunction-sections -c -fmessage-length=0 -MMD -MP -MF"Middlewares/modbus/mb.d" -MT"Middlewares/modbus/mb.o" -o "Middlewares/modbus/mb.o" "../Middlewares/modbus/mb.c"
Finished building: ../Middlewares/modbus/mb.c
 
Building file: ../Drivers/STM32F0xx_HAL_Driver/Src/stm32f0xx_hal.c
Invoking: MCU GCC Compiler
C:\Users\User\Documents\STM32_F0\Generated Code\STM32F0-DISCOVERY_MODBUS\SW4STM32\Debug
arm-none-eabi-gcc -mcpu=cortex-m0 -mthumb -mfloat-abi=soft '-D__weak=__attribute__((weak))' '-D__packed=__attribute__((__packed__))' -DUSE_HAL_DRIVER -DSTM32F072xB -I"C:/Users/User/Documents/STM32_F0/Generated Code/STM32F0-DISCOVERY_MODBUS/SW4STM32/Inc" -I"C:/Users/User/Documents/STM32_F0/Generated Code/STM32F0-DISCOVERY_MODBUS/SW4STM32/Drivers/STM32F0xx_HAL_Driver/Inc" -I"C:/Users/User/Documents/STM32_F0/Generated Code/STM32F0-DISCOVERY_MODBUS/SW4STM32/Drivers/STM32F0xx_HAL_Driver/Inc/Legacy" -I"C:/Users/User/Documents/STM32_F0/Generated Code/STM32F0-DISCOVERY_MODBUS/SW4STM32/Drivers/CMSIS/Device/ST/STM32F0xx/Include" -I"C:/Users/User/Documents/STM32_F0/Generated Code/STM32F0-DISCOVERY_MODBUS/SW4STM32/Drivers/CMSIS/Include" -I"C:/Users/User/Documents/STM32_F0/Generated Code/STM32F0-DISCOVERY_MODBUS/SW4STM32/Middlewares/modbus/port" -I"C:/Users/User/Documents/STM32_F0/Generated Code/STM32F0-DISCOVERY_MODBUS/SW4STM32/Middlewares/modbus/include" -I"C:/Users/User/Documents/STM32_F0/Generated Code/STM32F0-DISCOVERY_MODBUS/SW4STM32/Middlewares/modbus/rtu"  -Og -g3 -Wall -fmessage-length=0 -ffunction-sections -c -fmessage-length=0 -MMD -MP -MF"Drivers/STM32F0xx_HAL_Driver/Src/stm32f0xx_hal.d" -MT"Drivers/STM32F0xx_HAL_Driver/Src/stm32f0xx_hal.o" -o "Drivers/STM32F0xx_HAL_Driver/Src/stm32f0xx_hal.o" "../Drivers/STM32F0xx_HAL_Driver/Src/stm32f0xx_hal.c"
Finished building: ../Drivers/STM32F0xx_HAL_Driver/Src/stm32f0xx_hal.c
 
Building file: ../Drivers/STM32F0xx_HAL_Driver/Src/stm32f0xx_hal_cortex.c
Invoking: MCU GCC Compiler
C:\Users\User\Documents\STM32_F0\Generated Code\STM32F0-DISCOVERY_MODBUS\SW4STM32\Debug
arm-none-eabi-gcc -mcpu=cortex-m0 -mthumb -mfloat-abi=soft '-D__weak=__attribute__((weak))' '-D__packed=__attribute__((__packed__))' -DUSE_HAL_DRIVER -DSTM32F072xB -I"C:/Users/User/Documents/STM32_F0/Generated Code/STM32F0-DISCOVERY_MODBUS/SW4STM32/Inc" -I"C:/Users/User/Documents/STM32_F0/Generated Code/STM32F0-DISCOVERY_MODBUS/SW4STM32/Drivers/STM32F0xx_HAL_Driver/Inc" -I"C:/Users/User/Documents/STM32_F0/Generated Code/STM32F0-DISCOVERY_MODBUS/SW4STM32/Drivers/STM32F0xx_HAL_Driver/Inc/Legacy" -I"C:/Users/User/Documents/STM32_F0/Generated Code/STM32F0-DISCOVERY_MODBUS/SW4STM32/Drivers/CMSIS/Device/ST/STM32F0xx/Include" -I"C:/Users/User/Documents/STM32_F0/Generated Code/STM32F0-DISCOVERY_MODBUS/SW4STM32/Drivers/CMSIS/Include" -I"C:/Users/User/Documents/STM32_F0/Generated Code/STM32F0-DISCOVERY_MODBUS/SW4STM32/Middlewares/modbus/port" -I"C:/Users/User/Documents/STM32_F0/Generated Code/STM32F0-DISCOVERY_MODBUS/SW4STM32/Middlewares/modbus/include" -I"C:/Users/User/Documents/STM32_F0/Generated Code/STM32F0-DISCOVERY_MODBUS/SW4STM32/Middlewares/modbus/rtu"  -Og -g3 -Wall -fmessage-length=0 -ffunction-sections -c -fmessage-length=0 -MMD -MP -MF"Drivers/STM32F0xx_HAL_Driver/Src/stm32f0xx_hal_cortex.d" -MT"Drivers/STM32F0xx_HAL_Driver/Src/stm32f0xx_hal_cortex.o" -o "Drivers/STM32F0xx_HAL_Driver/Src/stm32f0xx_hal_cortex.o" "../Drivers/STM32F0xx_HAL_Driver/Src/stm32f0xx_hal_cortex.c"
Finished building: ../Drivers/STM32F0xx_HAL_Driver/Src/stm32f0xx_hal_cortex.c
 
Building file: ../Drivers/STM32F0xx_HAL_Driver/Src/stm32f0xx_hal_dma.c
Invoking: MCU GCC Compiler
C:\Users\User\Documents\STM32_F0\Generated Code\STM32F0-DISCOVERY_MODBUS\SW4STM32\Debug
arm-none-eabi-gcc -mcpu=cortex-m0 -mthumb -mfloat-abi=soft '-D__weak=__attribute__((weak))' '-D__packed=__attribute__((__packed__))' -DUSE_HAL_DRIVER -DSTM32F072xB -I"C:/Users/User/Documents/STM32_F0/Generated Code/STM32F0-DISCOVERY_MODBUS/SW4STM32/Inc" -I"C:/Users/User/Documents/STM32_F0/Generated Code/STM32F0-DISCOVERY_MODBUS/SW4STM32/Drivers/STM32F0xx_HAL_Driver/Inc" -I"C:/Users/User/Documents/STM32_F0/Generated Code/STM32F0-DISCOVERY_MODBUS/SW4STM32/Drivers/STM32F0xx_HAL_Driver/Inc/Legacy" -I"C:/Users/User/Documents/STM32_F0/Generated Code/STM32F0-DISCOVERY_MODBUS/SW4STM32/Drivers/CMSIS/Device/ST/STM32F0xx/Include" -I"C:/Users/User/Documents/STM32_F0/Generated Code/STM32F0-DISCOVERY_MODBUS/SW4STM32/Drivers/CMSIS/Include" -I"C:/Users/User/Documents/STM32_F0/Generated Code/STM32F0-DISCOVERY_MODBUS/SW4STM32/Middlewares/modbus/port" -I"C:/Users/User/Documents/STM32_F0/Generated Code/STM32F0-DISCOVERY_MODBUS/SW4STM32/Middlewares/modbus/include" -I"C:/Users/User/Documents/STM32_F0/Generated Code/STM32F0-DISCOVERY_MODBUS/SW4STM32/Middlewares/modbus/rtu"  -Og -g3 -Wall -fmessage-length=0 -ffunction-sections -c -fmessage-length=0 -MMD -MP -MF"Drivers/STM32F0xx_HAL_Driver/Src/stm32f0xx_hal_dma.d" -MT"Drivers/STM32F0xx_HAL_Driver/Src/stm32f0xx_hal_dma.o" -o "Drivers/STM32F0xx_HAL_Driver/Src/stm32f0xx_hal_dma.o" "../Drivers/STM32F0xx_HAL_Driver/Src/stm32f0xx_hal_dma.c"
Finished building: ../Drivers/STM32F0xx_HAL_Driver/Src/stm32f0xx_hal_dma.c
 
Building file: ../Drivers/STM32F0xx_HAL_Driver/Src/stm32f0xx_hal_flash.c
Invoking: MCU GCC Compiler
C:\Users\User\Documents\STM32_F0\Generated Code\STM32F0-DISCOVERY_MODBUS\SW4STM32\Debug
arm-none-eabi-gcc -mcpu=cortex-m0 -mthumb -mfloat-abi=soft '-D__weak=__attribute__((weak))' '-D__packed=__attribute__((__packed__))' -DUSE_HAL_DRIVER -DSTM32F072xB -I"C:/Users/User/Documents/STM32_F0/Generated Code/STM32F0-DISCOVERY_MODBUS/SW4STM32/Inc" -I"C:/Users/User/Documents/STM32_F0/Generated Code/STM32F0-DISCOVERY_MODBUS/SW4STM32/Drivers/STM32F0xx_HAL_Driver/Inc" -I"C:/Users/User/Documents/STM32_F0/Generated Code/STM32F0-DISCOVERY_MODBUS/SW4STM32/Drivers/STM32F0xx_HAL_Driver/Inc/Legacy" -I"C:/Users/User/Documents/STM32_F0/Generated Code/STM32F0-DISCOVERY_MODBUS/SW4STM32/Drivers/CMSIS/Device/ST/STM32F0xx/Include" -I"C:/Users/User/Documents/STM32_F0/Generated Code/STM32F0-DISCOVERY_MODBUS/SW4STM32/Drivers/CMSIS/Include" -I"C:/Users/User/Documents/STM32_F0/Generated Code/STM32F0-DISCOVERY_MODBUS/SW4STM32/Middlewares/modbus/port" -I"C:/Users/User/Documents/STM32_F0/Generated Code/STM32F0-DISCOVERY_MODBUS/SW4STM32/Middlewares/modbus/include" -I"C:/Users/User/Documents/STM32_F0/Generated Code/STM32F0-DISCOVERY_MODBUS/SW4STM32/Middlewares/modbus/rtu"  -Og -g3 -Wall -fmessage-length=0 -ffunction-sections -c -fmessage-length=0 -MMD -MP -MF"Drivers/STM32F0xx_HAL_Driver/Src/stm32f0xx_hal_flash.d" -MT"Drivers/STM32F0xx_HAL_Driver/Src/stm32f0xx_hal_flash.o" -o "Drivers/STM32F0xx_HAL_Driver/Src/stm32f0xx_hal_flash.o" "../Drivers/STM32F0xx_HAL_Driver/Src/stm32f0xx_hal_flash.c"
Finished building: ../Drivers/STM32F0xx_HAL_Driver/Src/stm32f0xx_hal_flash.c
 
Building file: ../Drivers/STM32F0xx_HAL_Driver/Src/stm32f0xx_hal_flash_ex.c
Invoking: MCU GCC Compiler
C:\Users\User\Documents\STM32_F0\Generated Code\STM32F0-DISCOVERY_MODBUS\SW4STM32\Debug
arm-none-eabi-gcc -mcpu=cortex-m0 -mthumb -mfloat-abi=soft '-D__weak=__attribute__((weak))' '-D__packed=__attribute__((__packed__))' -DUSE_HAL_DRIVER -DSTM32F072xB -I"C:/Users/User/Documents/STM32_F0/Generated Code/STM32F0-DISCOVERY_MODBUS/SW4STM32/Inc" -I"C:/Users/User/Documents/STM32_F0/Generated Code/STM32F0-DISCOVERY_MODBUS/SW4STM32/Drivers/STM32F0xx_HAL_Driver/Inc" -I"C:/Users/User/Documents/STM32_F0/Generated Code/STM32F0-DISCOVERY_MODBUS/SW4STM32/Drivers/STM32F0xx_HAL_Driver/Inc/Legacy" -I"C:/Users/User/Documents/STM32_F0/Generated Code/STM32F0-DISCOVERY_MODBUS/SW4STM32/Drivers/CMSIS/Device/ST/STM32F0xx/Include" -I"C:/Users/User/Documents/STM32_F0/Generated Code/STM32F0-DISCOVERY_MODBUS/SW4STM32/Drivers/CMSIS/Include" -I"C:/Users/User/Documents/STM32_F0/Generated Code/STM32F0-DISCOVERY_MODBUS/SW4STM32/Middlewares/modbus/port" -I"C:/Users/User/Documents/STM32_F0/Generated Code/STM32F0-DISCOVERY_MODBUS/SW4STM32/Middlewares/modbus/include" -I"C:/Users/User/Documents/STM32_F0/Generated Code/STM32F0-DISCOVERY_MODBUS/SW4STM32/Middlewares/modbus/rtu"  -Og -g3 -Wall -fmessage-length=0 -ffunction-sections -c -fmessage-length=0 -MMD -MP -MF"Drivers/STM32F0xx_HAL_Driver/Src/stm32f0xx_hal_flash_ex.d" -MT"Drivers/STM32F0xx_HAL_Driver/Src/stm32f0xx_hal_flash_ex.o" -o "Drivers/STM32F0xx_HAL_Driver/Src/stm32f0xx_hal_flash_ex.o" "../Drivers/STM32F0xx_HAL_Driver/Src/stm32f0xx_hal_flash_ex.c"
Finished building: ../Drivers/STM32F0xx_HAL_Driver/Src/stm32f0xx_hal_flash_ex.c
 
Building file: ../Drivers/STM32F0xx_HAL_Driver/Src/stm32f0xx_hal_gpio.c
Invoking: MCU GCC Compiler
C:\Users\User\Documents\STM32_F0\Generated Code\STM32F0-DISCOVERY_MODBUS\SW4STM32\Debug
arm-none-eabi-gcc -mcpu=cortex-m0 -mthumb -mfloat-abi=soft '-D__weak=__attribute__((weak))' '-D__packed=__attribute__((__packed__))' -DUSE_HAL_DRIVER -DSTM32F072xB -I"C:/Users/User/Documents/STM32_F0/Generated Code/STM32F0-DISCOVERY_MODBUS/SW4STM32/Inc" -I"C:/Users/User/Documents/STM32_F0/Generated Code/STM32F0-DISCOVERY_MODBUS/SW4STM32/Drivers/STM32F0xx_HAL_Driver/Inc" -I"C:/Users/User/Documents/STM32_F0/Generated Code/STM32F0-DISCOVERY_MODBUS/SW4STM32/Drivers/STM32F0xx_HAL_Driver/Inc/Legacy" -I"C:/Users/User/Documents/STM32_F0/Generated Code/STM32F0-DISCOVERY_MODBUS/SW4STM32/Drivers/CMSIS/Device/ST/STM32F0xx/Include" -I"C:/Users/User/Documents/STM32_F0/Generated Code/STM32F0-DISCOVERY_MODBUS/SW4STM32/Drivers/CMSIS/Include" -I"C:/Users/User/Documents/STM32_F0/Generated Code/STM32F0-DISCOVERY_MODBUS/SW4STM32/Middlewares/modbus/port" -I"C:/Users/User/Documents/STM32_F0/Generated Code/STM32F0-DISCOVERY_MODBUS/SW4STM32/Middlewares/modbus/include" -I"C:/Users/User/Documents/STM32_F0/Generated Code/STM32F0-DISCOVERY_MODBUS/SW4STM32/Middlewares/modbus/rtu"  -Og -g3 -Wall -fmessage-length=0 -ffunction-sections -c -fmessage-length=0 -MMD -MP -MF"Drivers/STM32F0xx_HAL_Driver/Src/stm32f0xx_hal_gpio.d" -MT"Drivers/STM32F0xx_HAL_Driver/Src/stm32f0xx_hal_gpio.o" -o "Drivers/STM32F0xx_HAL_Driver/Src/stm32f0xx_hal_gpio.o" "../Drivers/STM32F0xx_HAL_Driver/Src/stm32f0xx_hal_gpio.c"
Finished building: ../Drivers/STM32F0xx_HAL_Driver/Src/stm32f0xx_hal_gpio.c
 
Building file: ../Drivers/STM32F0xx_HAL_Driver/Src/stm32f0xx_hal_i2c.c
Invoking: MCU GCC Compiler
C:\Users\User\Documents\STM32_F0\Generated Code\STM32F0-DISCOVERY_MODBUS\SW4STM32\Debug
arm-none-eabi-gcc -mcpu=cortex-m0 -mthumb -mfloat-abi=soft '-D__weak=__attribute__((weak))' '-D__packed=__attribute__((__packed__))' -DUSE_HAL_DRIVER -DSTM32F072xB -I"C:/Users/User/Documents/STM32_F0/Generated Code/STM32F0-DISCOVERY_MODBUS/SW4STM32/Inc" -I"C:/Users/User/Documents/STM32_F0/Generated Code/STM32F0-DISCOVERY_MODBUS/SW4STM32/Drivers/STM32F0xx_HAL_Driver/Inc" -I"C:/Users/User/Documents/STM32_F0/Generated Code/STM32F0-DISCOVERY_MODBUS/SW4STM32/Drivers/STM32F0xx_HAL_Driver/Inc/Legacy" -I"C:/Users/User/Documents/STM32_F0/Generated Code/STM32F0-DISCOVERY_MODBUS/SW4STM32/Drivers/CMSIS/Device/ST/STM32F0xx/Include" -I"C:/Users/User/Documents/STM32_F0/Generated Code/STM32F0-DISCOVERY_MODBUS/SW4STM32/Drivers/CMSIS/Include" -I"C:/Users/User/Documents/STM32_F0/Generated Code/STM32F0-DISCOVERY_MODBUS/SW4STM32/Middlewares/modbus/port" -I"C:/Users/User/Documents/STM32_F0/Generated Code/STM32F0-DISCOVERY_MODBUS/SW4STM32/Middlewares/modbus/include" -I"C:/Users/User/Documents/STM32_F0/Generated Code/STM32F0-DISCOVERY_MODBUS/SW4STM32/Middlewares/modbus/rtu"  -Og -g3 -Wall -fmessage-length=0 -ffunction-sections -c -fmessage-length=0 -MMD -MP -MF"Drivers/STM32F0xx_HAL_Driver/Src/stm32f0xx_hal_i2c.d" -MT"Drivers/STM32F0xx_HAL_Driver/Src/stm32f0xx_hal_i2c.o" -o "Drivers/STM32F0xx_HAL_Driver/Src/stm32f0xx_hal_i2c.o" "../Drivers/STM32F0xx_HAL_Driver/Src/stm32f0xx_hal_i2c.c"
Finished building: ../Drivers/STM32F0xx_HAL_Driver/Src/stm32f0xx_hal_i2c.c
 
Building file: ../Drivers/STM32F0xx_HAL_Driver/Src/stm32f0xx_hal_i2c_ex.c
Invoking: MCU GCC Compiler
C:\Users\User\Documents\STM32_F0\Generated Code\STM32F0-DISCOVERY_MODBUS\SW4STM32\Debug
arm-none-eabi-gcc -mcpu=cortex-m0 -mthumb -mfloat-abi=soft '-D__weak=__attribute__((weak))' '-D__packed=__attribute__((__packed__))' -DUSE_HAL_DRIVER -DSTM32F072xB -I"C:/Users/User/Documents/STM32_F0/Generated Code/STM32F0-DISCOVERY_MODBUS/SW4STM32/Inc" -I"C:/Users/User/Documents/STM32_F0/Generated Code/STM32F0-DISCOVERY_MODBUS/SW4STM32/Drivers/STM32F0xx_HAL_Driver/Inc" -I"C:/Users/User/Documents/STM32_F0/Generated Code/STM32F0-DISCOVERY_MODBUS/SW4STM32/Drivers/STM32F0xx_HAL_Driver/Inc/Legacy" -I"C:/Users/User/Documents/STM32_F0/Generated Code/STM32F0-DISCOVERY_MODBUS/SW4STM32/Drivers/CMSIS/Device/ST/STM32F0xx/Include" -I"C:/Users/User/Documents/STM32_F0/Generated Code/STM32F0-DISCOVERY_MODBUS/SW4STM32/Drivers/CMSIS/Include" -I"C:/Users/User/Documents/STM32_F0/Generated Code/STM32F0-DISCOVERY_MODBUS/SW4STM32/Middlewares/modbus/port" -I"C:/Users/User/Documents/STM32_F0/Generated Code/STM32F0-DISCOVERY_MODBUS/SW4STM32/Middlewares/modbus/include" -I"C:/Users/User/Documents/STM32_F0/Generated Code/STM32F0-DISCOVERY_MODBUS/SW4STM32/Middlewares/modbus/rtu"  -Og -g3 -Wall -fmessage-length=0 -ffunction-sections -c -fmessage-length=0 -MMD -MP -MF"Drivers/STM32F0xx_HAL_Driver/Src/stm32f0xx_hal_i2c_ex.d" -MT"Drivers/STM32F0xx_HAL_Driver/Src/stm32f0xx_hal_i2c_ex.o" -o "Drivers/STM32F0xx_HAL_Driver/Src/stm32f0xx_hal_i2c_ex.o" "../Drivers/STM32F0xx_HAL_Driver/Src/stm32f0xx_hal_i2c_ex.c"
Finished building: ../Drivers/STM32F0xx_HAL_Driver/Src/stm32f0xx_hal_i2c_ex.c
 
Building file: ../Drivers/STM32F0xx_HAL_Driver/Src/stm32f0xx_hal_pcd.c
Invoking: MCU GCC Compiler
C:\Users\User\Documents\STM32_F0\Generated Code\STM32F0-DISCOVERY_MODBUS\SW4STM32\Debug
arm-none-eabi-gcc -mcpu=cortex-m0 -mthumb -mfloat-abi=soft '-D__weak=__attribute__((weak))' '-D__packed=__attribute__((__packed__))' -DUSE_HAL_DRIVER -DSTM32F072xB -I"C:/Users/User/Documents/STM32_F0/Generated Code/STM32F0-DISCOVERY_MODBUS/SW4STM32/Inc" -I"C:/Users/User/Documents/STM32_F0/Generated Code/STM32F0-DISCOVERY_MODBUS/SW4STM32/Drivers/STM32F0xx_HAL_Driver/Inc" -I"C:/Users/User/Documents/STM32_F0/Generated Code/STM32F0-DISCOVERY_MODBUS/SW4STM32/Drivers/STM32F0xx_HAL_Driver/Inc/Legacy" -I"C:/Users/User/Documents/STM32_F0/Generated Code/STM32F0-DISCOVERY_MODBUS/SW4STM32/Drivers/CMSIS/Device/ST/STM32F0xx/Include" -I"C:/Users/User/Documents/STM32_F0/Generated Code/STM32F0-DISCOVERY_MODBUS/SW4STM32/Drivers/CMSIS/Include" -I"C:/Users/User/Documents/STM32_F0/Generated Code/STM32F0-DISCOVERY_MODBUS/SW4STM32/Middlewares/modbus/port" -I"C:/Users/User/Documents/STM32_F0/Generated Code/STM32F0-DISCOVERY_MODBUS/SW4STM32/Middlewares/modbus/include" -I"C:/Users/User/Documents/STM32_F0/Generated Code/STM32F0-DISCOVERY_MODBUS/SW4STM32/Middlewares/modbus/rtu"  -Og -g3 -Wall -fmessage-length=0 -ffunction-sections -c -fmessage-length=0 -MMD -MP -MF"Drivers/STM32F0xx_HAL_Driver/Src/stm32f0xx_hal_pcd.d" -MT"Drivers/STM32F0xx_HAL_Driver/Src/stm32f0xx_hal_pcd.o" -o "Drivers/STM32F0xx_HAL_Driver/Src/stm32f0xx_hal_pcd.o" "../Drivers/STM32F0xx_HAL_Driver/Src/stm32f0xx_hal_pcd.c"
Finished building: ../Drivers/STM32F0xx_HAL_Driver/Src/stm32f0xx_hal_pcd.c
 
Building file: ../Drivers/STM32F0xx_HAL_Driver/Src/stm32f0xx_hal_pcd_ex.c
Invoking: MCU GCC Compiler
C:\Users\User\Documents\STM32_F0\Generated Code\STM32F0-DISCOVERY_MODBUS\SW4STM32\Debug
arm-none-eabi-gcc -mcpu=cortex-m0 -mthumb -mfloat-abi=soft '-D__weak=__attribute__((weak))' '-D__packed=__attribute__((__packed__))' -DUSE_HAL_DRIVER -DSTM32F072xB -I"C:/Users/User/Documents/STM32_F0/Generated Code/STM32F0-DISCOVERY_MODBUS/SW4STM32/Inc" -I"C:/Users/User/Documents/STM32_F0/Generated Code/STM32F0-DISCOVERY_MODBUS/SW4STM32/Drivers/STM32F0xx_HAL_Driver/Inc" -I"C:/Users/User/Documents/STM32_F0/Generated Code/STM32F0-DISCOVERY_MODBUS/SW4STM32/Drivers/STM32F0xx_HAL_Driver/Inc/Legacy" -I"C:/Users/User/Documents/STM32_F0/Generated Code/STM32F0-DISCOVERY_MODBUS/SW4STM32/Drivers/CMSIS/Device/ST/STM32F0xx/Include" -I"C:/Users/User/Documents/STM32_F0/Generated Code/STM32F0-DISCOVERY_MODBUS/SW4STM32/Drivers/CMSIS/Include" -I"C:/Users/User/Documents/STM32_F0/Generated Code/STM32F0-DISCOVERY_MODBUS/SW4STM32/Middlewares/modbus/port" -I"C:/Users/User/Documents/STM32_F0/Generated Code/STM32F0-DISCOVERY_MODBUS/SW4STM32/Middlewares/modbus/include" -I"C:/Users/User/Documents/STM32_F0/Generated Code/STM32F0-DISCOVERY_MODBUS/SW4STM32/Middlewares/modbus/rtu"  -Og -g3 -Wall -fmessage-length=0 -ffunction-sections -c -fmessage-length=0 -MMD -MP -MF"Drivers/STM32F0xx_HAL_Driver/Src/stm32f0xx_hal_pcd_ex.d" -MT"Drivers/STM32F0xx_HAL_Driver/Src/stm32f0xx_hal_pcd_ex.o" -o "Drivers/STM32F0xx_HAL_Driver/Src/stm32f0xx_hal_pcd_ex.o" "../Drivers/STM32F0xx_HAL_Driver/Src/stm32f0xx_hal_pcd_ex.c"
Finished building: ../Drivers/STM32F0xx_HAL_Driver/Src/stm32f0xx_hal_pcd_ex.c
 
Building file: ../Drivers/STM32F0xx_HAL_Driver/Src/stm32f0xx_hal_pwr.c
Invoking: MCU GCC Compiler
C:\Users\User\Documents\STM32_F0\Generated Code\STM32F0-DISCOVERY_MODBUS\SW4STM32\Debug
arm-none-eabi-gcc -mcpu=cortex-m0 -mthumb -mfloat-abi=soft '-D__weak=__attribute__((weak))' '-D__packed=__attribute__((__packed__))' -DUSE_HAL_DRIVER -DSTM32F072xB -I"C:/Users/User/Documents/STM32_F0/Generated Code/STM32F0-DISCOVERY_MODBUS/SW4STM32/Inc" -I"C:/Users/User/Documents/STM32_F0/Generated Code/STM32F0-DISCOVERY_MODBUS/SW4STM32/Drivers/STM32F0xx_HAL_Driver/Inc" -I"C:/Users/User/Documents/STM32_F0/Generated Code/STM32F0-DISCOVERY_MODBUS/SW4STM32/Drivers/STM32F0xx_HAL_Driver/Inc/Legacy" -I"C:/Users/User/Documents/STM32_F0/Generated Code/STM32F0-DISCOVERY_MODBUS/SW4STM32/Drivers/CMSIS/Device/ST/STM32F0xx/Include" -I"C:/Users/User/Documents/STM32_F0/Generated Code/STM32F0-DISCOVERY_MODBUS/SW4STM32/Drivers/CMSIS/Include" -I"C:/Users/User/Documents/STM32_F0/Generated Code/STM32F0-DISCOVERY_MODBUS/SW4STM32/Middlewares/modbus/port" -I"C:/Users/User/Documents/STM32_F0/Generated Code/STM32F0-DISCOVERY_MODBUS/SW4STM32/Middlewares/modbus/include" -I"C:/Users/User/Documents/STM32_F0/Generated Code/STM32F0-DISCOVERY_MODBUS/SW4STM32/Middlewares/modbus/rtu"  -Og -g3 -Wall -fmessage-length=0 -ffunction-sections -c -fmessage-length=0 -MMD -MP -MF"Drivers/STM32F0xx_HAL_Driver/Src/stm32f0xx_hal_pwr.d" -MT"Drivers/STM32F0xx_HAL_Driver/Src/stm32f0xx_hal_pwr.o" -o "Drivers/STM32F0xx_HAL_Driver/Src/stm32f0xx_hal_pwr.o" "../Drivers/STM32F0xx_HAL_Driver/Src/stm32f0xx_hal_pwr.c"
Finished building: ../Drivers/STM32F0xx_HAL_Driver/Src/stm32f0xx_hal_pwr.c
 
Building file: ../Drivers/STM32F0xx_HAL_Driver/Src/stm32f0xx_hal_pwr_ex.c
Invoking: MCU GCC Compiler
C:\Users\User\Documents\STM32_F0\Generated Code\STM32F0-DISCOVERY_MODBUS\SW4STM32\Debug
arm-none-eabi-gcc -mcpu=cortex-m0 -mthumb -mfloat-abi=soft '-D__weak=__attribute__((weak))' '-D__packed=__attribute__((__packed__))' -DUSE_HAL_DRIVER -DSTM32F072xB -I"C:/Users/User/Documents/STM32_F0/Generated Code/STM32F0-DISCOVERY_MODBUS/SW4STM32/Inc" -I"C:/Users/User/Documents/STM32_F0/Generated Code/STM32F0-DISCOVERY_MODBUS/SW4STM32/Drivers/STM32F0xx_HAL_Driver/Inc" -I"C:/Users/User/Documents/STM32_F0/Generated Code/STM32F0-DISCOVERY_MODBUS/SW4STM32/Drivers/STM32F0xx_HAL_Driver/Inc/Legacy" -I"C:/Users/User/Documents/STM32_F0/Generated Code/STM32F0-DISCOVERY_MODBUS/SW4STM32/Drivers/CMSIS/Device/ST/STM32F0xx/Include" -I"C:/Users/User/Documents/STM32_F0/Generated Code/STM32F0-DISCOVERY_MODBUS/SW4STM32/Drivers/CMSIS/Include" -I"C:/Users/User/Documents/STM32_F0/Generated Code/STM32F0-DISCOVERY_MODBUS/SW4STM32/Middlewares/modbus/port" -I"C:/Users/User/Documents/STM32_F0/Generated Code/STM32F0-DISCOVERY_MODBUS/SW4STM32/Middlewares/modbus/include" -I"C:/Users/User/Documents/STM32_F0/Generated Code/STM32F0-DISCOVERY_MODBUS/SW4STM32/Middlewares/modbus/rtu"  -Og -g3 -Wall -fmessage-length=0 -ffunction-sections -c -fmessage-length=0 -MMD -MP -MF"Drivers/STM32F0xx_HAL_Driver/Src/stm32f0xx_hal_pwr_ex.d" -MT"Drivers/STM32F0xx_HAL_Driver/Src/stm32f0xx_hal_pwr_ex.o" -o "Drivers/STM32F0xx_HAL_Driver/Src/stm32f0xx_hal_pwr_ex.o" "../Drivers/STM32F0xx_HAL_Driver/Src/stm32f0xx_hal_pwr_ex.c"
Finished building: ../Drivers/STM32F0xx_HAL_Driver/Src/stm32f0xx_hal_pwr_ex.c
 
Building file: ../Drivers/STM32F0xx_HAL_Driver/Src/stm32f0xx_hal_rcc.c
Invoking: MCU GCC Compiler
C:\Users\User\Documents\STM32_F0\Generated Code\STM32F0-DISCOVERY_MODBUS\SW4STM32\Debug
arm-none-eabi-gcc -mcpu=cortex-m0 -mthumb -mfloat-abi=soft '-D__weak=__attribute__((weak))' '-D__packed=__attribute__((__packed__))' -DUSE_HAL_DRIVER -DSTM32F072xB -I"C:/Users/User/Documents/STM32_F0/Generated Code/STM32F0-DISCOVERY_MODBUS/SW4STM32/Inc" -I"C:/Users/User/Documents/STM32_F0/Generated Code/STM32F0-DISCOVERY_MODBUS/SW4STM32/Drivers/STM32F0xx_HAL_Driver/Inc" -I"C:/Users/User/Documents/STM32_F0/Generated Code/STM32F0-DISCOVERY_MODBUS/SW4STM32/Drivers/STM32F0xx_HAL_Driver/Inc/Legacy" -I"C:/Users/User/Documents/STM32_F0/Generated Code/STM32F0-DISCOVERY_MODBUS/SW4STM32/Drivers/CMSIS/Device/ST/STM32F0xx/Include" -I"C:/Users/User/Documents/STM32_F0/Generated Code/STM32F0-DISCOVERY_MODBUS/SW4STM32/Drivers/CMSIS/Include" -I"C:/Users/User/Documents/STM32_F0/Generated Code/STM32F0-DISCOVERY_MODBUS/SW4STM32/Middlewares/modbus/port" -I"C:/Users/User/Documents/STM32_F0/Generated Code/STM32F0-DISCOVERY_MODBUS/SW4STM32/Middlewares/modbus/include" -I"C:/Users/User/Documents/STM32_F0/Generated Code/STM32F0-DISCOVERY_MODBUS/SW4STM32/Middlewares/modbus/rtu"  -Og -g3 -Wall -fmessage-length=0 -ffunction-sections -c -fmessage-length=0 -MMD -MP -MF"Drivers/STM32F0xx_HAL_Driver/Src/stm32f0xx_hal_rcc.d" -MT"Drivers/STM32F0xx_HAL_Driver/Src/stm32f0xx_hal_rcc.o" -o "Drivers/STM32F0xx_HAL_Driver/Src/stm32f0xx_hal_rcc.o" "../Drivers/STM32F0xx_HAL_Driver/Src/stm32f0xx_hal_rcc.c"
Finished building: ../Drivers/STM32F0xx_HAL_Driver/Src/stm32f0xx_hal_rcc.c
 
Building file: ../Drivers/STM32F0xx_HAL_Driver/Src/stm32f0xx_hal_rcc_ex.c
Invoking: MCU GCC Compiler
C:\Users\User\Documents\STM32_F0\Generated Code\STM32F0-DISCOVERY_MODBUS\SW4STM32\Debug
arm-none-eabi-gcc -mcpu=cortex-m0 -mthumb -mfloat-abi=soft '-D__weak=__attribute__((weak))' '-D__packed=__attribute__((__packed__))' -DUSE_HAL_DRIVER -DSTM32F072xB -I"C:/Users/User/Documents/STM32_F0/Generated Code/STM32F0-DISCOVERY_MODBUS/SW4STM32/Inc" -I"C:/Users/User/Documents/STM32_F0/Generated Code/STM32F0-DISCOVERY_MODBUS/SW4STM32/Drivers/STM32F0xx_HAL_Driver/Inc" -I"C:/Users/User/Documents/STM32_F0/Generated Code/STM32F0-DISCOVERY_MODBUS/SW4STM32/Drivers/STM32F0xx_HAL_Driver/Inc/Legacy" -I"C:/Users/User/Documents/STM32_F0/Generated Code/STM32F0-DISCOVERY_MODBUS/SW4STM32/Drivers/CMSIS/Device/ST/STM32F0xx/Include" -I"C:/Users/User/Documents/STM32_F0/Generated Code/STM32F0-DISCOVERY_MODBUS/SW4STM32/Drivers/CMSIS/Include" -I"C:/Users/User/Documents/STM32_F0/Generated Code/STM32F0-DISCOVERY_MODBUS/SW4STM32/Middlewares/modbus/port" -I"C:/Users/User/Documents/STM32_F0/Generated Code/STM32F0-DISCOVERY_MODBUS/SW4STM32/Middlewares/modbus/include" -I"C:/Users/User/Documents/STM32_F0/Generated Code/STM32F0-DISCOVERY_MODBUS/SW4STM32/Middlewares/modbus/rtu"  -Og -g3 -Wall -fmessage-length=0 -ffunction-sections -c -fmessage-length=0 -MMD -MP -MF"Drivers/STM32F0xx_HAL_Driver/Src/stm32f0xx_hal_rcc_ex.d" -MT"Drivers/STM32F0xx_HAL_Driver/Src/stm32f0xx_hal_rcc_ex.o" -o "Drivers/STM32F0xx_HAL_Driver/Src/stm32f0xx_hal_rcc_ex.o" "../Drivers/STM32F0xx_HAL_Driver/Src/stm32f0xx_hal_rcc_ex.c"
Finished building: ../Drivers/STM32F0xx_HAL_Driver/Src/stm32f0xx_hal_rcc_ex.c
 
Building file: ../Drivers/STM32F0xx_HAL_Driver/Src/stm32f0xx_hal_spi.c
Invoking: MCU GCC Compiler
C:\Users\User\Documents\STM32_F0\Generated Code\STM32F0-DISCOVERY_MODBUS\SW4STM32\Debug
arm-none-eabi-gcc -mcpu=cortex-m0 -mthumb -mfloat-abi=soft '-D__weak=__attribute__((weak))' '-D__packed=__attribute__((__packed__))' -DUSE_HAL_DRIVER -DSTM32F072xB -I"C:/Users/User/Documents/STM32_F0/Generated Code/STM32F0-DISCOVERY_MODBUS/SW4STM32/Inc" -I"C:/Users/User/Documents/STM32_F0/Generated Code/STM32F0-DISCOVERY_MODBUS/SW4STM32/Drivers/STM32F0xx_HAL_Driver/Inc" -I"C:/Users/User/Documents/STM32_F0/Generated Code/STM32F0-DISCOVERY_MODBUS/SW4STM32/Drivers/STM32F0xx_HAL_Driver/Inc/Legacy" -I"C:/Users/User/Documents/STM32_F0/Generated Code/STM32F0-DISCOVERY_MODBUS/SW4STM32/Drivers/CMSIS/Device/ST/STM32F0xx/Include" -I"C:/Users/User/Documents/STM32_F0/Generated Code/STM32F0-DISCOVERY_MODBUS/SW4STM32/Drivers/CMSIS/Include" -I"C:/Users/User/Documents/STM32_F0/Generated Code/STM32F0-DISCOVERY_MODBUS/SW4STM32/Middlewares/modbus/port" -I"C:/Users/User/Documents/STM32_F0/Generated Code/STM32F0-DISCOVERY_MODBUS/SW4STM32/Middlewares/modbus/include" -I"C:/Users/User/Documents/STM32_F0/Generated Code/STM32F0-DISCOVERY_MODBUS/SW4STM32/Middlewares/modbus/rtu"  -Og -g3 -Wall -fmessage-length=0 -ffunction-sections -c -fmessage-length=0 -MMD -MP -MF"Drivers/STM32F0xx_HAL_Driver/Src/stm32f0xx_hal_spi.d" -MT"Drivers/STM32F0xx_HAL_Driver/Src/stm32f0xx_hal_spi.o" -o "Drivers/STM32F0xx_HAL_Driver/Src/stm32f0xx_hal_spi.o" "../Drivers/STM32F0xx_HAL_Driver/Src/stm32f0xx_hal_spi.c"
Finished building: ../Drivers/STM32F0xx_HAL_Driver/Src/stm32f0xx_hal_spi.c
 
Building file: ../Drivers/STM32F0xx_HAL_Driver/Src/stm32f0xx_hal_spi_ex.c
Invoking: MCU GCC Compiler
C:\Users\User\Documents\STM32_F0\Generated Code\STM32F0-DISCOVERY_MODBUS\SW4STM32\Debug
arm-none-eabi-gcc -mcpu=cortex-m0 -mthumb -mfloat-abi=soft '-D__weak=__attribute__((weak))' '-D__packed=__attribute__((__packed__))' -DUSE_HAL_DRIVER -DSTM32F072xB -I"C:/Users/User/Documents/STM32_F0/Generated Code/STM32F0-DISCOVERY_MODBUS/SW4STM32/Inc" -I"C:/Users/User/Documents/STM32_F0/Generated Code/STM32F0-DISCOVERY_MODBUS/SW4STM32/Drivers/STM32F0xx_HAL_Driver/Inc" -I"C:/Users/User/Documents/STM32_F0/Generated Code/STM32F0-DISCOVERY_MODBUS/SW4STM32/Drivers/STM32F0xx_HAL_Driver/Inc/Legacy" -I"C:/Users/User/Documents/STM32_F0/Generated Code/STM32F0-DISCOVERY_MODBUS/SW4STM32/Drivers/CMSIS/Device/ST/STM32F0xx/Include" -I"C:/Users/User/Documents/STM32_F0/Generated Code/STM32F0-DISCOVERY_MODBUS/SW4STM32/Drivers/CMSIS/Include" -I"C:/Users/User/Documents/STM32_F0/Generated Code/STM32F0-DISCOVERY_MODBUS/SW4STM32/Middlewares/modbus/port" -I"C:/Users/User/Documents/STM32_F0/Generated Code/STM32F0-DISCOVERY_MODBUS/SW4STM32/Middlewares/modbus/include" -I"C:/Users/User/Documents/STM32_F0/Generated Code/STM32F0-DISCOVERY_MODBUS/SW4STM32/Middlewares/modbus/rtu"  -Og -g3 -Wall -fmessage-length=0 -ffunction-sections -c -fmessage-length=0 -MMD -MP -MF"Drivers/STM32F0xx_HAL_Driver/Src/stm32f0xx_hal_spi_ex.d" -MT"Drivers/STM32F0xx_HAL_Driver/Src/stm32f0xx_hal_spi_ex.o" -o "Drivers/STM32F0xx_HAL_Driver/Src/stm32f0xx_hal_spi_ex.o" "../Drivers/STM32F0xx_HAL_Driver/Src/stm32f0xx_hal_spi_ex.c"
Finished building: ../Drivers/STM32F0xx_HAL_Driver/Src/stm32f0xx_hal_spi_ex.c
 
Building file: ../Drivers/STM32F0xx_HAL_Driver/Src/stm32f0xx_hal_tim.c
Invoking: MCU GCC Compiler
C:\Users\User\Documents\STM32_F0\Generated Code\STM32F0-DISCOVERY_MODBUS\SW4STM32\Debug
arm-none-eabi-gcc -mcpu=cortex-m0 -mthumb -mfloat-abi=soft '-D__weak=__attribute__((weak))' '-D__packed=__attribute__((__packed__))' -DUSE_HAL_DRIVER -DSTM32F072xB -I"C:/Users/User/Documents/STM32_F0/Generated Code/STM32F0-DISCOVERY_MODBUS/SW4STM32/Inc" -I"C:/Users/User/Documents/STM32_F0/Generated Code/STM32F0-DISCOVERY_MODBUS/SW4STM32/Drivers/STM32F0xx_HAL_Driver/Inc" -I"C:/Users/User/Documents/STM32_F0/Generated Code/STM32F0-DISCOVERY_MODBUS/SW4STM32/Drivers/STM32F0xx_HAL_Driver/Inc/Legacy" -I"C:/Users/User/Documents/STM32_F0/Generated Code/STM32F0-DISCOVERY_MODBUS/SW4STM32/Drivers/CMSIS/Device/ST/STM32F0xx/Include" -I"C:/Users/User/Documents/STM32_F0/Generated Code/STM32F0-DISCOVERY_MODBUS/SW4STM32/Drivers/CMSIS/Include" -I"C:/Users/User/Documents/STM32_F0/Generated Code/STM32F0-DISCOVERY_MODBUS/SW4STM32/Middlewares/modbus/port" -I"C:/Users/User/Documents/STM32_F0/Generated Code/STM32F0-DISCOVERY_MODBUS/SW4STM32/Middlewares/modbus/include" -I"C:/Users/User/Documents/STM32_F0/Generated Code/STM32F0-DISCOVERY_MODBUS/SW4STM32/Middlewares/modbus/rtu"  -Og -g3 -Wall -fmessage-length=0 -ffunction-sections -c -fmessage-length=0 -MMD -MP -MF"Drivers/STM32F0xx_HAL_Driver/Src/stm32f0xx_hal_tim.d" -MT"Drivers/STM32F0xx_HAL_Driver/Src/stm32f0xx_hal_tim.o" -o "Drivers/STM32F0xx_HAL_Driver/Src/stm32f0xx_hal_tim.o" "../Drivers/STM32F0xx_HAL_Driver/Src/stm32f0xx_hal_tim.c"
Finished building: ../Drivers/STM32F0xx_HAL_Driver/Src/stm32f0xx_hal_tim.c
 
Building file: ../Drivers/STM32F0xx_HAL_Driver/Src/stm32f0xx_hal_tim_ex.c
Invoking: MCU GCC Compiler
C:\Users\User\Documents\STM32_F0\Generated Code\STM32F0-DISCOVERY_MODBUS\SW4STM32\Debug
arm-none-eabi-gcc -mcpu=cortex-m0 -mthumb -mfloat-abi=soft '-D__weak=__attribute__((weak))' '-D__packed=__attribute__((__packed__))' -DUSE_HAL_DRIVER -DSTM32F072xB -I"C:/Users/User/Documents/STM32_F0/Generated Code/STM32F0-DISCOVERY_MODBUS/SW4STM32/Inc" -I"C:/Users/User/Documents/STM32_F0/Generated Code/STM32F0-DISCOVERY_MODBUS/SW4STM32/Drivers/STM32F0xx_HAL_Driver/Inc" -I"C:/Users/User/Documents/STM32_F0/Generated Code/STM32F0-DISCOVERY_MODBUS/SW4STM32/Drivers/STM32F0xx_HAL_Driver/Inc/Legacy" -I"C:/Users/User/Documents/STM32_F0/Generated Code/STM32F0-DISCOVERY_MODBUS/SW4STM32/Drivers/CMSIS/Device/ST/STM32F0xx/Include" -I"C:/Users/User/Documents/STM32_F0/Generated Code/STM32F0-DISCOVERY_MODBUS/SW4STM32/Drivers/CMSIS/Include" -I"C:/Users/User/Documents/STM32_F0/Generated Code/STM32F0-DISCOVERY_MODBUS/SW4STM32/Middlewares/modbus/port" -I"C:/Users/User/Documents/STM32_F0/Generated Code/STM32F0-DISCOVERY_MODBUS/SW4STM32/Middlewares/modbus/include" -I"C:/Users/User/Documents/STM32_F0/Generated Code/STM32F0-DISCOVERY_MODBUS/SW4STM32/Middlewares/modbus/rtu"  -Og -g3 -Wall -fmessage-length=0 -ffunction-sections -c -fmessage-length=0 -MMD -MP -MF"Drivers/STM32F0xx_HAL_Driver/Src/stm32f0xx_hal_tim_ex.d" -MT"Drivers/STM32F0xx_HAL_Driver/Src/stm32f0xx_hal_tim_ex.o" -o "Drivers/STM32F0xx_HAL_Driver/Src/stm32f0xx_hal_tim_ex.o" "../Drivers/STM32F0xx_HAL_Driver/Src/stm32f0xx_hal_tim_ex.c"
Finished building: ../Drivers/STM32F0xx_HAL_Driver/Src/stm32f0xx_hal_tim_ex.c
 
Building file: ../Drivers/STM32F0xx_HAL_Driver/Src/stm32f0xx_hal_tsc.c
Invoking: MCU GCC Compiler
C:\Users\User\Documents\STM32_F0\Generated Code\STM32F0-DISCOVERY_MODBUS\SW4STM32\Debug
arm-none-eabi-gcc -mcpu=cortex-m0 -mthumb -mfloat-abi=soft '-D__weak=__attribute__((weak))' '-D__packed=__attribute__((__packed__))' -DUSE_HAL_DRIVER -DSTM32F072xB -I"C:/Users/User/Documents/STM32_F0/Generated Code/STM32F0-DISCOVERY_MODBUS/SW4STM32/Inc" -I"C:/Users/User/Documents/STM32_F0/Generated Code/STM32F0-DISCOVERY_MODBUS/SW4STM32/Drivers/STM32F0xx_HAL_Driver/Inc" -I"C:/Users/User/Documents/STM32_F0/Generated Code/STM32F0-DISCOVERY_MODBUS/SW4STM32/Drivers/STM32F0xx_HAL_Driver/Inc/Legacy" -I"C:/Users/User/Documents/STM32_F0/Generated Code/STM32F0-DISCOVERY_MODBUS/SW4STM32/Drivers/CMSIS/Device/ST/STM32F0xx/Include" -I"C:/Users/User/Documents/STM32_F0/Generated Code/STM32F0-DISCOVERY_MODBUS/SW4STM32/Drivers/CMSIS/Include" -I"C:/Users/User/Documents/STM32_F0/Generated Code/STM32F0-DISCOVERY_MODBUS/SW4STM32/Middlewares/modbus/port" -I"C:/Users/User/Documents/STM32_F0/Generated Code/STM32F0-DISCOVERY_MODBUS/SW4STM32/Middlewares/modbus/include" -I"C:/Users/User/Documents/STM32_F0/Generated Code/STM32F0-DISCOVERY_MODBUS/SW4STM32/Middlewares/modbus/rtu"  -Og -g3 -Wall -fmessage-length=0 -ffunction-sections -c -fmessage-length=0 -MMD -MP -MF"Drivers/STM32F0xx_HAL_Driver/Src/stm32f0xx_hal_tsc.d" -MT"Drivers/STM32F0xx_HAL_Driver/Src/stm32f0xx_hal_tsc.o" -o "Drivers/STM32F0xx_HAL_Driver/Src/stm32f0xx_hal_tsc.o" "../Drivers/STM32F0xx_HAL_Driver/Src/stm32f0xx_hal_tsc.c"
Finished building: ../Drivers/STM32F0xx_HAL_Driver/Src/stm32f0xx_hal_tsc.c
 
Building file: ../Drivers/STM32F0xx_HAL_Driver/Src/stm32f0xx_hal_uart.c
Invoking: MCU GCC Compiler
C:\Users\User\Documents\STM32_F0\Generated Code\STM32F0-DISCOVERY_MODBUS\SW4STM32\Debug
arm-none-eabi-gcc -mcpu=cortex-m0 -mthumb -mfloat-abi=soft '-D__weak=__attribute__((weak))' '-D__packed=__attribute__((__packed__))' -DUSE_HAL_DRIVER -DSTM32F072xB -I"C:/Users/User/Documents/STM32_F0/Generated Code/STM32F0-DISCOVERY_MODBUS/SW4STM32/Inc" -I"C:/Users/User/Documents/STM32_F0/Generated Code/STM32F0-DISCOVERY_MODBUS/SW4STM32/Drivers/STM32F0xx_HAL_Driver/Inc" -I"C:/Users/User/Documents/STM32_F0/Generated Code/STM32F0-DISCOVERY_MODBUS/SW4STM32/Drivers/STM32F0xx_HAL_Driver/Inc/Legacy" -I"C:/Users/User/Documents/STM32_F0/Generated Code/STM32F0-DISCOVERY_MODBUS/SW4STM32/Drivers/CMSIS/Device/ST/STM32F0xx/Include" -I"C:/Users/User/Documents/STM32_F0/Generated Code/STM32F0-DISCOVERY_MODBUS/SW4STM32/Drivers/CMSIS/Include" -I"C:/Users/User/Documents/STM32_F0/Generated Code/STM32F0-DISCOVERY_MODBUS/SW4STM32/Middlewares/modbus/port" -I"C:/Users/User/Documents/STM32_F0/Generated Code/STM32F0-DISCOVERY_MODBUS/SW4STM32/Middlewares/modbus/include" -I"C:/Users/User/Documents/STM32_F0/Generated Code/STM32F0-DISCOVERY_MODBUS/SW4STM32/Middlewares/modbus/rtu"  -Og -g3 -Wall -fmessage-length=0 -ffunction-sections -c -fmessage-length=0 -MMD -MP -MF"Drivers/STM32F0xx_HAL_Driver/Src/stm32f0xx_hal_uart.d" -MT"Drivers/STM32F0xx_HAL_Driver/Src/stm32f0xx_hal_uart.o" -o "Drivers/STM32F0xx_HAL_Driver/Src/stm32f0xx_hal_uart.o" "../Drivers/STM32F0xx_HAL_Driver/Src/stm32f0xx_hal_uart.c"
Finished building: ../Drivers/STM32F0xx_HAL_Driver/Src/stm32f0xx_hal_uart.c
 
Building file: ../Drivers/STM32F0xx_HAL_Driver/Src/stm32f0xx_hal_uart_ex.c
Invoking: MCU GCC Compiler
C:\Users\User\Documents\STM32_F0\Generated Code\STM32F0-DISCOVERY_MODBUS\SW4STM32\Debug
arm-none-eabi-gcc -mcpu=cortex-m0 -mthumb -mfloat-abi=soft '-D__weak=__attribute__((weak))' '-D__packed=__attribute__((__packed__))' -DUSE_HAL_DRIVER -DSTM32F072xB -I"C:/Users/User/Documents/STM32_F0/Generated Code/STM32F0-DISCOVERY_MODBUS/SW4STM32/Inc" -I"C:/Users/User/Documents/STM32_F0/Generated Code/STM32F0-DISCOVERY_MODBUS/SW4STM32/Drivers/STM32F0xx_HAL_Driver/Inc" -I"C:/Users/User/Documents/STM32_F0/Generated Code/STM32F0-DISCOVERY_MODBUS/SW4STM32/Drivers/STM32F0xx_HAL_Driver/Inc/Legacy" -I"C:/Users/User/Documents/STM32_F0/Generated Code/STM32F0-DISCOVERY_MODBUS/SW4STM32/Drivers/CMSIS/Device/ST/STM32F0xx/Include" -I"C:/Users/User/Documents/STM32_F0/Generated Code/STM32F0-DISCOVERY_MODBUS/SW4STM32/Drivers/CMSIS/Include" -I"C:/Users/User/Documents/STM32_F0/Generated Code/STM32F0-DISCOVERY_MODBUS/SW4STM32/Middlewares/modbus/port" -I"C:/Users/User/Documents/STM32_F0/Generated Code/STM32F0-DISCOVERY_MODBUS/SW4STM32/Middlewares/modbus/include" -I"C:/Users/User/Documents/STM32_F0/Generated Code/STM32F0-DISCOVERY_MODBUS/SW4STM32/Middlewares/modbus/rtu"  -Og -g3 -Wall -fmessage-length=0 -ffunction-sections -c -fmessage-length=0 -MMD -MP -MF"Drivers/STM32F0xx_HAL_Driver/Src/stm32f0xx_hal_uart_ex.d" -MT"Drivers/STM32F0xx_HAL_Driver/Src/stm32f0xx_hal_uart_ex.o" -o "Drivers/STM32F0xx_HAL_Driver/Src/stm32f0xx_hal_uart_ex.o" "../Drivers/STM32F0xx_HAL_Driver/Src/stm32f0xx_hal_uart_ex.c"
Finished building: ../Drivers/STM32F0xx_HAL_Driver/Src/stm32f0xx_hal_uart_ex.c
 
Building target: SW4STM32.elf
Invoking: MCU GCC Linker
arm-none-eabi-gcc -mcpu=cortex-m0 -mthumb -mfloat-abi=soft -specs=nosys.specs -specs=nano.specs -T"../STM32F072RBTx_FLASH.ld" -Wl,-Map=output.map -Wl,--gc-sections -o "SW4STM32.elf" @"objects.list"   -lm
Finished building target: SW4STM32.elf
 
make --no-print-directory post-build
Generating hex and Printing size information:
arm-none-eabi-objcopy -O ihex "SW4STM32.elf" "SW4STM32.hex"
arm-none-eabi-size "SW4STM32.elf"
   text	   data	    bss	    dec	    hex	filename
   8360	     12	   2532	  10904	   2a98	SW4STM32.elf
 
11:38:42 **** Incremental Build of configuration Debug for project SW4STM32 ****
make all 
Building file: ../Src/main.c
Invoking: MCU GCC Compiler
C:\Users\User\Documents\STM32_F0\Generated Code\STM32F0-DISCOVERY_MODBUS\SW4STM32\Debug
arm-none-eabi-gcc -mcpu=cortex-m0 -mthumb -mfloat-abi=soft '-D__weak=__attribute__((weak))' '-D__packed=__attribute__((__packed__))' -DUSE_HAL_DRIVER -DSTM32F072xB -I"C:/Users/User/Documents/STM32_F0/Generated Code/STM32F0-DISCOVERY_MODBUS/SW4STM32/Inc" -I"C:/Users/User/Documents/STM32_F0/Generated Code/STM32F0-DISCOVERY_MODBUS/SW4STM32/Drivers/STM32F0xx_HAL_Driver/Inc" -I"C:/Users/User/Documents/STM32_F0/Generated Code/STM32F0-DISCOVERY_MODBUS/SW4STM32/Drivers/STM32F0xx_HAL_Driver/Inc/Legacy" -I"C:/Users/User/Documents/STM32_F0/Generated Code/STM32F0-DISCOVERY_MODBUS/SW4STM32/Drivers/CMSIS/Device/ST/STM32F0xx/Include" -I"C:/Users/User/Documents/STM32_F0/Generated Code/STM32F0-DISCOVERY_MODBUS/SW4STM32/Drivers/CMSIS/Include" -I"C:/Users/User/Documents/STM32_F0/Generated Code/STM32F0-DISCOVERY_MODBUS/SW4STM32/Middlewares/modbus/port" -I"C:/Users/User/Documents/STM32_F0/Generated Code/STM32F0-DISCOVERY_MODBUS/SW4STM32/Middlewares/modbus/include" -I"C:/Users/User/Documents/STM32_F0/Generated Code/STM32F0-DISCOVERY_MODBUS/SW4STM32/Middlewares/modbus/rtu"  -Og -g3 -Wall -fmessage-length=0 -ffunction-sections -c -fmessage-length=0 -MMD -MP -MF"Src/main.d" -MT"Src/main.o" -o "Src/main.o" "../Src/main.c"
../Src/main.c:44:8: error: unknown type name 'USHORT'
 static USHORT usRegInputStart = REG_INPUT_START;
        ^~~~~~
../Src/main.c:45:8: error: unknown type name 'USHORT'
 static USHORT usRegInputBuf[REG_INPUT_NREGS];
        ^~~~~~
../Src/main.c:46:8: error: unknown type name 'USHORT'
 static USHORT usRegHoldingStart = REG_HOLDING_START;
        ^~~~~~
../Src/main.c:47:8: error: unknown type name 'USHORT'
 static USHORT usRegHoldingBuf[REG_HOLDING_NREGS];
        ^~~~~~
../Src/main.c: In function 'main':
../Src/main.c:122:3: error: unknown type name 'eMBErrorCode'
   eMBErrorCode eStatus = eMBInit(MB_RTU, 1, 3, 115200, MB_PAR_NONE);
   ^~~~~~~~~~~~
../Src/main.c:122:26: warning: implicit declaration of function 'eMBInit'; did you mean 'HAL_Init'? [-Wimplicit-function-declaration]
   eMBErrorCode eStatus = eMBInit(MB_RTU, 1, 3, 115200, MB_PAR_NONE);
                          ^~~~~~~
                          HAL_Init
../Src/main.c:122:34: error: 'MB_RTU' undeclared (first use in this function)
   eMBErrorCode eStatus = eMBInit(MB_RTU, 1, 3, 115200, MB_PAR_NONE);
                                  ^~~~~~
../Src/main.c:122:34: note: each undeclared identifier is reported only once for each function it appears in
../Src/main.c:122:56: error: 'MB_PAR_NONE' undeclared (first use in this function); did you mean 'RCC_PLL_NONE'?
   eMBErrorCode eStatus = eMBInit(MB_RTU, 1, 3, 115200, MB_PAR_NONE);
                                                        ^~~~~~~~~~~
                                                        RCC_PLL_NONE
../Src/main.c:123:13: warning: implicit declaration of function 'eMBEnable' [-Wimplicit-function-declaration]
   eStatus = eMBEnable();
             ^~~~~~~~~
../Src/main.c:132:4: warning: implicit declaration of function 'eMBPoll' [-Wimplicit-function-declaration]
    eMBPoll();
    ^~~~~~~
../Src/main.c:122:16: warning: variable 'eStatus' set but not used [-Wunused-but-set-variable]
   eMBErrorCode eStatus = eMBInit(MB_RTU, 1, 3, 115200, MB_PAR_NONE);
                ^~~~~~~
../Src/main.c: At top level:
../Src/main.c:72:13: warning: 'MX_TIM7_Init' declared 'static' but never defined [-Wunused-function]
 static void MX_TIM7_Init(void);
             ^~~~~~~~~~~~
../Src/main.c:47:15: warning: 'usRegHoldingBuf' defined but not used [-Wunused-variable]
 static USHORT usRegHoldingBuf[REG_HOLDING_NREGS];
               ^~~~~~~~~~~~~~~
../Src/main.c:46:15: warning: 'usRegHoldingStart' defined but not used [-Wunused-variable]
 static USHORT usRegHoldingStart = REG_HOLDING_START;
               ^~~~~~~~~~~~~~~~~
../Src/main.c:45:15: warning: 'usRegInputBuf' defined but not used [-Wunused-variable]
 static USHORT usRegInputBuf[REG_INPUT_NREGS];
               ^~~~~~~~~~~~~
../Src/main.c:44:15: warning: 'usRegInputStart' defined but not used [-Wunused-variable]
 static USHORT usRegInputStart = REG_INPUT_START;
               ^~~~~~~~~~~~~~~
make: *** [Src/main.o] Error 1
Src/subdir.mk:30: recipe for target 'Src/main.o' failed
11:39:23 **** Incremental Build of configuration Debug for project SW4STM32 ****
make all 
Building file: ../Src/main.c
Invoking: MCU GCC Compiler
C:\Users\User\Documents\STM32_F0\Generated Code\STM32F0-DISCOVERY_MODBUS\SW4STM32\Debug
arm-none-eabi-gcc -mcpu=cortex-m0 -mthumb -mfloat-abi=soft '-D__weak=__attribute__((weak))' '-D__packed=__attribute__((__packed__))' -DUSE_HAL_DRIVER -DSTM32F072xB -I"C:/Users/User/Documents/STM32_F0/Generated Code/STM32F0-DISCOVERY_MODBUS/SW4STM32/Inc" -I"C:/Users/User/Documents/STM32_F0/Generated Code/STM32F0-DISCOVERY_MODBUS/SW4STM32/Drivers/STM32F0xx_HAL_Driver/Inc" -I"C:/Users/User/Documents/STM32_F0/Generated Code/STM32F0-DISCOVERY_MODBUS/SW4STM32/Drivers/STM32F0xx_HAL_Driver/Inc/Legacy" -I"C:/Users/User/Documents/STM32_F0/Generated Code/STM32F0-DISCOVERY_MODBUS/SW4STM32/Drivers/CMSIS/Device/ST/STM32F0xx/Include" -I"C:/Users/User/Documents/STM32_F0/Generated Code/STM32F0-DISCOVERY_MODBUS/SW4STM32/Drivers/CMSIS/Include" -I"C:/Users/User/Documents/STM32_F0/Generated Code/STM32F0-DISCOVERY_MODBUS/SW4STM32/Middlewares/modbus/port" -I"C:/Users/User/Documents/STM32_F0/Generated Code/STM32F0-DISCOVERY_MODBUS/SW4STM32/Middlewares/modbus/include" -I"C:/Users/User/Documents/STM32_F0/Generated Code/STM32F0-DISCOVERY_MODBUS/SW4STM32/Middlewares/modbus/rtu"  -Og -g3 -Wall -fmessage-length=0 -ffunction-sections -c -fmessage-length=0 -MMD -MP -MF"Src/main.d" -MT"Src/main.o" -o "Src/main.o" "../Src/main.c"
../Src/main.c: In function 'main':
../Src/main.c:124:16: warning: variable 'eStatus' set but not used [-Wunused-but-set-variable]
   eMBErrorCode eStatus = eMBInit(MB_RTU, 1, 3, 115200, MB_PAR_NONE);
                ^~~~~~~
../Src/main.c: At top level:
../Src/main.c:74:13: warning: 'MX_TIM7_Init' declared 'static' but never defined [-Wunused-function]
 static void MX_TIM7_Init(void);
             ^~~~~~~~~~~~
../Src/main.c:49:15: warning: 'usRegHoldingBuf' defined but not used [-Wunused-variable]
 static USHORT usRegHoldingBuf[REG_HOLDING_NREGS];
               ^~~~~~~~~~~~~~~
../Src/main.c:48:15: warning: 'usRegHoldingStart' defined but not used [-Wunused-variable]
 static USHORT usRegHoldingStart = REG_HOLDING_START;
               ^~~~~~~~~~~~~~~~~
../Src/main.c:47:15: warning: 'usRegInputBuf' defined but not used [-Wunused-variable]
 static USHORT usRegInputBuf[REG_INPUT_NREGS];
               ^~~~~~~~~~~~~
../Src/main.c:46:15: warning: 'usRegInputStart' defined but not used [-Wunused-variable]
 static USHORT usRegInputStart = REG_INPUT_START;
               ^~~~~~~~~~~~~~~
Finished building: ../Src/main.c
 
Building file: ../Src/stm32f0xx_it.c
Invoking: MCU GCC Compiler
C:\Users\User\Documents\STM32_F0\Generated Code\STM32F0-DISCOVERY_MODBUS\SW4STM32\Debug
arm-none-eabi-gcc -mcpu=cortex-m0 -mthumb -mfloat-abi=soft '-D__weak=__attribute__((weak))' '-D__packed=__attribute__((__packed__))' -DUSE_HAL_DRIVER -DSTM32F072xB -I"C:/Users/User/Documents/STM32_F0/Generated Code/STM32F0-DISCOVERY_MODBUS/SW4STM32/Inc" -I"C:/Users/User/Documents/STM32_F0/Generated Code/STM32F0-DISCOVERY_MODBUS/SW4STM32/Drivers/STM32F0xx_HAL_Driver/Inc" -I"C:/Users/User/Documents/STM32_F0/Generated Code/STM32F0-DISCOVERY_MODBUS/SW4STM32/Drivers/STM32F0xx_HAL_Driver/Inc/Legacy" -I"C:/Users/User/Documents/STM32_F0/Generated Code/STM32F0-DISCOVERY_MODBUS/SW4STM32/Drivers/CMSIS/Device/ST/STM32F0xx/Include" -I"C:/Users/User/Documents/STM32_F0/Generated Code/STM32F0-DISCOVERY_MODBUS/SW4STM32/Drivers/CMSIS/Include" -I"C:/Users/User/Documents/STM32_F0/Generated Code/STM32F0-DISCOVERY_MODBUS/SW4STM32/Middlewares/modbus/port" -I"C:/Users/User/Documents/STM32_F0/Generated Code/STM32F0-DISCOVERY_MODBUS/SW4STM32/Middlewares/modbus/include" -I"C:/Users/User/Documents/STM32_F0/Generated Code/STM32F0-DISCOVERY_MODBUS/SW4STM32/Middlewares/modbus/rtu"  -Og -g3 -Wall -fmessage-length=0 -ffunction-sections -c -fmessage-length=0 -MMD -MP -MF"Src/stm32f0xx_it.d" -MT"Src/stm32f0xx_it.o" -o "Src/stm32f0xx_it.o" "../Src/stm32f0xx_it.c"
../Src/stm32f0xx_it.c: In function 'TIM7_IRQHandler':
../Src/stm32f0xx_it.c:161:10: error: 'downcounter' undeclared (first use in this function)
   if (!--downcounter)
          ^~~~~~~~~~~
../Src/stm32f0xx_it.c:161:10: note: each undeclared identifier is reported only once for each function it appears in
../Src/stm32f0xx_it.c:162:5: warning: implicit declaration of function 'pxMBPortCBTimerExpired' [-Wimplicit-function-declaration]
     pxMBPortCBTimerExpired();
     ^~~~~~~~~~~~~~~~~~~~~~
make: *** [Src/stm32f0xx_it.o] Error 1
Src/subdir.mk:30: recipe for target 'Src/stm32f0xx_it.o' failed
11:39:47 **** Incremental Build of configuration Debug for project SW4STM32 ****
make all 
Building file: ../Src/stm32f0xx_it.c
Invoking: MCU GCC Compiler
C:\Users\User\Documents\STM32_F0\Generated Code\STM32F0-DISCOVERY_MODBUS\SW4STM32\Debug
arm-none-eabi-gcc -mcpu=cortex-m0 -mthumb -mfloat-abi=soft '-D__weak=__attribute__((weak))' '-D__packed=__attribute__((__packed__))' -DUSE_HAL_DRIVER -DSTM32F072xB -I"C:/Users/User/Documents/STM32_F0/Generated Code/STM32F0-DISCOVERY_MODBUS/SW4STM32/Inc" -I"C:/Users/User/Documents/STM32_F0/Generated Code/STM32F0-DISCOVERY_MODBUS/SW4STM32/Drivers/STM32F0xx_HAL_Driver/Inc" -I"C:/Users/User/Documents/STM32_F0/Generated Code/STM32F0-DISCOVERY_MODBUS/SW4STM32/Drivers/STM32F0xx_HAL_Driver/Inc/Legacy" -I"C:/Users/User/Documents/STM32_F0/Generated Code/STM32F0-DISCOVERY_MODBUS/SW4STM32/Drivers/CMSIS/Device/ST/STM32F0xx/Include" -I"C:/Users/User/Documents/STM32_F0/Generated Code/STM32F0-DISCOVERY_MODBUS/SW4STM32/Drivers/CMSIS/Include" -I"C:/Users/User/Documents/STM32_F0/Generated Code/STM32F0-DISCOVERY_MODBUS/SW4STM32/Middlewares/modbus/port" -I"C:/Users/User/Documents/STM32_F0/Generated Code/STM32F0-DISCOVERY_MODBUS/SW4STM32/Middlewares/modbus/include" -I"C:/Users/User/Documents/STM32_F0/Generated Code/STM32F0-DISCOVERY_MODBUS/SW4STM32/Middlewares/modbus/rtu"  -Og -g3 -Wall -fmessage-length=0 -ffunction-sections -c -fmessage-length=0 -MMD -MP -MF"Src/stm32f0xx_it.d" -MT"Src/stm32f0xx_it.o" -o "Src/stm32f0xx_it.o" "../Src/stm32f0xx_it.c"
../Src/stm32f0xx_it.c: In function 'TIM7_IRQHandler':
../Src/stm32f0xx_it.c:163:5: warning: implicit declaration of function 'pxMBPortCBTimerExpired' [-Wimplicit-function-declaration]
     pxMBPortCBTimerExpired();
     ^~~~~~~~~~~~~~~~~~~~~~
Finished building: ../Src/stm32f0xx_it.c
 
Building file: ../Middlewares/modbus/port/portserial.c
Invoking: MCU GCC Compiler
C:\Users\User\Documents\STM32_F0\Generated Code\STM32F0-DISCOVERY_MODBUS\SW4STM32\Debug
arm-none-eabi-gcc -mcpu=cortex-m0 -mthumb -mfloat-abi=soft '-D__weak=__attribute__((weak))' '-D__packed=__attribute__((__packed__))' -DUSE_HAL_DRIVER -DSTM32F072xB -I"C:/Users/User/Documents/STM32_F0/Generated Code/STM32F0-DISCOVERY_MODBUS/SW4STM32/Inc" -I"C:/Users/User/Documents/STM32_F0/Generated Code/STM32F0-DISCOVERY_MODBUS/SW4STM32/Drivers/STM32F0xx_HAL_Driver/Inc" -I"C:/Users/User/Documents/STM32_F0/Generated Code/STM32F0-DISCOVERY_MODBUS/SW4STM32/Drivers/STM32F0xx_HAL_Driver/Inc/Legacy" -I"C:/Users/User/Documents/STM32_F0/Generated Code/STM32F0-DISCOVERY_MODBUS/SW4STM32/Drivers/CMSIS/Device/ST/STM32F0xx/Include" -I"C:/Users/User/Documents/STM32_F0/Generated Code/STM32F0-DISCOVERY_MODBUS/SW4STM32/Drivers/CMSIS/Include" -I"C:/Users/User/Documents/STM32_F0/Generated Code/STM32F0-DISCOVERY_MODBUS/SW4STM32/Middlewares/modbus/port" -I"C:/Users/User/Documents/STM32_F0/Generated Code/STM32F0-DISCOVERY_MODBUS/SW4STM32/Middlewares/modbus/include" -I"C:/Users/User/Documents/STM32_F0/Generated Code/STM32F0-DISCOVERY_MODBUS/SW4STM32/Middlewares/modbus/rtu"  -Og -g3 -Wall -fmessage-length=0 -ffunction-sections -c -fmessage-length=0 -MMD -MP -MF"Middlewares/modbus/port/portserial.d" -MT"Middlewares/modbus/port/portserial.o" -o "Middlewares/modbus/port/portserial.o" "../Middlewares/modbus/port/portserial.c"
Finished building: ../Middlewares/modbus/port/portserial.c
 
Building file: ../Middlewares/modbus/port/porttimer.c
Invoking: MCU GCC Compiler
C:\Users\User\Documents\STM32_F0\Generated Code\STM32F0-DISCOVERY_MODBUS\SW4STM32\Debug
arm-none-eabi-gcc -mcpu=cortex-m0 -mthumb -mfloat-abi=soft '-D__weak=__attribute__((weak))' '-D__packed=__attribute__((__packed__))' -DUSE_HAL_DRIVER -DSTM32F072xB -I"C:/Users/User/Documents/STM32_F0/Generated Code/STM32F0-DISCOVERY_MODBUS/SW4STM32/Inc" -I"C:/Users/User/Documents/STM32_F0/Generated Code/STM32F0-DISCOVERY_MODBUS/SW4STM32/Drivers/STM32F0xx_HAL_Driver/Inc" -I"C:/Users/User/Documents/STM32_F0/Generated Code/STM32F0-DISCOVERY_MODBUS/SW4STM32/Drivers/STM32F0xx_HAL_Driver/Inc/Legacy" -I"C:/Users/User/Documents/STM32_F0/Generated Code/STM32F0-DISCOVERY_MODBUS/SW4STM32/Drivers/CMSIS/Device/ST/STM32F0xx/Include" -I"C:/Users/User/Documents/STM32_F0/Generated Code/STM32F0-DISCOVERY_MODBUS/SW4STM32/Drivers/CMSIS/Include" -I"C:/Users/User/Documents/STM32_F0/Generated Code/STM32F0-DISCOVERY_MODBUS/SW4STM32/Middlewares/modbus/port" -I"C:/Users/User/Documents/STM32_F0/Generated Code/STM32F0-DISCOVERY_MODBUS/SW4STM32/Middlewares/modbus/include" -I"C:/Users/User/Documents/STM32_F0/Generated Code/STM32F0-DISCOVERY_MODBUS/SW4STM32/Middlewares/modbus/rtu"  -Og -g3 -Wall -fmessage-length=0 -ffunction-sections -c -fmessage-length=0 -MMD -MP -MF"Middlewares/modbus/port/porttimer.d" -MT"Middlewares/modbus/port/porttimer.o" -o "Middlewares/modbus/port/porttimer.o" "../Middlewares/modbus/port/porttimer.c"
Finished building: ../Middlewares/modbus/port/porttimer.c
 
Building target: SW4STM32.elf
Invoking: MCU GCC Linker
arm-none-eabi-gcc -mcpu=cortex-m0 -mthumb -mfloat-abi=soft -specs=nosys.specs -specs=nano.specs -T"../STM32F072RBTx_FLASH.ld" -Wl,-Map=output.map -Wl,--gc-sections -o "SW4STM32.elf" @"objects.list"   -lm
Middlewares/modbus/functions/mbfunccoils.o: In function `eMBFuncReadCoils':
C:\Users\User\Documents\STM32_F0\Generated Code\STM32F0-DISCOVERY_MODBUS\SW4STM32\Debug/../Middlewares/modbus/functions/mbfunccoils.c:114: undefined reference to `eMBRegCoilsCB'
Middlewares/modbus/functions/mbfunccoils.o: In function `eMBFuncWriteCoil':
C:\Users\User\Documents\STM32_F0\Generated Code\STM32F0-DISCOVERY_MODBUS\SW4STM32\Debug/../Middlewares/modbus/functions/mbfunccoils.c:174: undefined reference to `eMBRegCoilsCB'
Middlewares/modbus/functions/mbfunccoils.o: In function `eMBFuncWriteMultipleCoils':
C:\Users\User\Documents\STM32_F0\Generated Code\STM32F0-DISCOVERY_MODBUS\SW4STM32\Debug/../Middlewares/modbus/functions/mbfunccoils.c:236: undefined reference to `eMBRegCoilsCB'
Middlewares/modbus/functions/mbfuncdisc.o: In function `eMBFuncReadDiscreteInputs':
C:\Users\User\Documents\STM32_F0\Generated Code\STM32F0-DISCOVERY_MODBUS\SW4STM32\Debug/../Middlewares/modbus/functions/mbfuncdisc.c:103: undefined reference to `eMBRegDiscreteCB'
Middlewares/modbus/functions/mbfuncholding.o: In function `eMBFuncWriteHoldingRegister':
C:\Users\User\Documents\STM32_F0\Generated Code\STM32F0-DISCOVERY_MODBUS\SW4STM32\Debug/../Middlewares/modbus/functions/mbfuncholding.c:89: undefined reference to `eMBRegHoldingCB'
Middlewares/modbus/functions/mbfuncholding.o: In function `eMBFuncWriteMultipleHoldingRegister':
C:\Users\User\Documents\STM32_F0\Generated Code\STM32F0-DISCOVERY_MODBUS\SW4STM32\Debug/../Middlewares/modbus/functions/mbfuncholding.c:134: undefined reference to `eMBRegHoldingCB'
Middlewares/modbus/functions/mbfuncholding.o: In function `eMBFuncReadHoldingRegister':
C:\Users\User\Documents\STM32_F0\Generated Code\STM32F0-DISCOVERY_MODBUS\SW4STM32\Debug/../Middlewares/modbus/functions/mbfuncholding.c:205: undefined reference to `eMBRegHoldingCB'
Middlewares/modbus/functions/mbfuncholding.o: In function `eMBFuncReadWriteMultipleHoldingRegister':
C:\Users\User\Documents\STM32_F0\Generated Code\STM32F0-DISCOVERY_MODBUS\SW4STM32\Debug/../Middlewares/modbus/functions/mbfuncholding.c:269: undefined reference to `eMBRegHoldingCB'
[...]
../Src/main.c: In function 'main':
../Src/main.c:124:16: warning: variable 'eStatus' set but not used [-Wunused-but-set-variable]
   eMBErrorCode eStatus = eMBInit(MB_RTU, 1, 3, 115200, MB_PAR_NONE);
                ^~~~~~~
../Src/main.c:123:11: warning: unused variable 'aTxBuffer' [-Wunused-variable]
   uint8_t aTxBuffer[] = "12345";
           ^~~~~~~~~
Finished building: ../Src/main.c
 
Building target: SW4STM32.elf
Invoking: MCU GCC Linker
arm-none-eabi-gcc -mcpu=cortex-m0 -mthumb -mfloat-abi=soft -specs=nosys.specs -specs=nano.specs -T"../STM32F072RBTx_FLASH.ld" -Wl,-Map=output.map -Wl,--gc-sections -o "SW4STM32.elf" @"objects.list"   -lm
Finished building target: SW4STM32.elf
 
make --no-print-directory post-build
Generating hex and Printing size information:
arm-none-eabi-objcopy -O ihex "SW4STM32.elf" "SW4STM32.hex"
arm-none-eabi-size "SW4STM32.elf"
   text	   data	    bss	    dec	    hex	filename
  16908	    244	   3220	  20372	   4f94	SW4STM32.elf
 
13:57:22 **** Incremental Build of configuration Debug for project SW4STM32 ****
make all 
Building file: ../Src/main.c
Invoking: MCU GCC Compiler
C:\Users\User\Documents\STM32_F0\Generated Code\STM32F0-DISCOVERY_MODBUS\SW4STM32\Debug
arm-none-eabi-gcc -mcpu=cortex-m0 -mthumb -mfloat-abi=soft '-D__weak=__attribute__((weak))' '-D__packed=__attribute__((__packed__))' -DUSE_HAL_DRIVER -DSTM32F072xB -I"C:/Users/User/Documents/STM32_F0/Generated Code/STM32F0-DISCOVERY_MODBUS/SW4STM32/Inc" -I"C:/Users/User/Documents/STM32_F0/Generated Code/STM32F0-DISCOVERY_MODBUS/SW4STM32/Drivers/STM32F0xx_HAL_Driver/Inc" -I"C:/Users/User/Documents/STM32_F0/Generated Code/STM32F0-DISCOVERY_MODBUS/SW4STM32/Drivers/STM32F0xx_HAL_Driver/Inc/Legacy" -I"C:/Users/User/Documents/STM32_F0/Generated Code/STM32F0-DISCOVERY_MODBUS/SW4STM32/Drivers/CMSIS/Device/ST/STM32F0xx/Include" -I"C:/Users/User/Documents/STM32_F0/Generated Code/STM32F0-DISCOVERY_MODBUS/SW4STM32/Drivers/CMSIS/Include" -I"C:/Users/User/Documents/STM32_F0/Generated Code/STM32F0-DISCOVERY_MODBUS/SW4STM32/Middlewares/modbus/include" -I"C:/Users/User/Documents/STM32_F0/Generated Code/STM32F0-DISCOVERY_MODBUS/SW4STM32/Middlewares/modbus/port" -I"C:/Users/User/Documents/STM32_F0/Generated Code/STM32F0-DISCOVERY_MODBUS/SW4STM32/Middlewares/modbus/rtu"  -Og -g3 -Wall -fmessage-length=0 -ffunction-sections -c -fmessage-length=0 -MMD -MP -MF"Src/main.d" -MT"Src/main.o" -o "Src/main.o" "../Src/main.c"
../Src/main.c: In function 'main':
../Src/main.c:124:16: warning: variable 'eStatus' set but not used [-Wunused-but-set-variable]
   eMBErrorCode eStatus = eMBInit(MB_RTU, 1, 3, 115200, MB_PAR_NONE);
                ^~~~~~~
Finished building: ../Src/main.c
 
Building target: SW4STM32.elf
Invoking: MCU GCC Linker
arm-none-eabi-gcc -mcpu=cortex-m0 -mthumb -mfloat-abi=soft -specs=nosys.specs -specs=nano.specs -T"../STM32F072RBTx_FLASH.ld" -Wl,-Map=output.map -Wl,--gc-sections -o "SW4STM32.elf" @"objects.list"   -lm
Finished building target: SW4STM32.elf
 
make --no-print-directory post-build
Generating hex and Printing size information:
arm-none-eabi-objcopy -O ihex "SW4STM32.elf" "SW4STM32.hex"
arm-none-eabi-size "SW4STM32.elf"
   text	   data	    bss	    dec	    hex	filename
  16684	    244	   3220	  20148	   4eb4	SW4STM32.elf
 
13:57:44 **** Incremental Build of configuration Debug for project SW4STM32 ****
make all 
Building file: ../Src/main.c
Invoking: MCU GCC Compiler
C:\Users\User\Documents\STM32_F0\Generated Code\STM32F0-DISCOVERY_MODBUS\SW4STM32\Debug
arm-none-eabi-gcc -mcpu=cortex-m0 -mthumb -mfloat-abi=soft '-D__weak=__attribute__((weak))' '-D__packed=__attribute__((__packed__))' -DUSE_HAL_DRIVER -DSTM32F072xB -I"C:/Users/User/Documents/STM32_F0/Generated Code/STM32F0-DISCOVERY_MODBUS/SW4STM32/Inc" -I"C:/Users/User/Documents/STM32_F0/Generated Code/STM32F0-DISCOVERY_MODBUS/SW4STM32/Drivers/STM32F0xx_HAL_Driver/Inc" -I"C:/Users/User/Documents/STM32_F0/Generated Code/STM32F0-DISCOVERY_MODBUS/SW4STM32/Drivers/STM32F0xx_HAL_Driver/Inc/Legacy" -I"C:/Users/User/Documents/STM32_F0/Generated Code/STM32F0-DISCOVERY_MODBUS/SW4STM32/Drivers/CMSIS/Device/ST/STM32F0xx/Include" -I"C:/Users/User/Documents/STM32_F0/Generated Code/STM32F0-DISCOVERY_MODBUS/SW4STM32/Drivers/CMSIS/Include" -I"C:/Users/User/Documents/STM32_F0/Generated Code/STM32F0-DISCOVERY_MODBUS/SW4STM32/Middlewares/modbus/include" -I"C:/Users/User/Documents/STM32_F0/Generated Code/STM32F0-DISCOVERY_MODBUS/SW4STM32/Middlewares/modbus/port" -I"C:/Users/User/Documents/STM32_F0/Generated Code/STM32F0-DISCOVERY_MODBUS/SW4STM32/Middlewares/modbus/rtu"  -Og -g3 -Wall -fmessage-length=0 -ffunction-sections -c -fmessage-length=0 -MMD -MP -MF"Src/main.d" -MT"Src/main.o" -o "Src/main.o" "../Src/main.c"
../Src/main.c: In function 'main':
../Src/main.c:124:16: warning: variable 'eStatus' set but not used [-Wunused-but-set-variable]
   eMBErrorCode eStatus = eMBInit(MB_RTU, 1, 3, 115200, MB_PAR_NONE);
                ^~~~~~~
../Src/main.c:123:11: warning: unused variable 'aTxBuffer' [-Wunused-variable]
   uint8_t aTxBuffer[] = "12345";
           ^~~~~~~~~
Finished building: ../Src/main.c
 
Building target: SW4STM32.elf
Invoking: MCU GCC Linker
arm-none-eabi-gcc -mcpu=cortex-m0 -mthumb -mfloat-abi=soft -specs=nosys.specs -specs=nano.specs -T"../STM32F072RBTx_FLASH.ld" -Wl,-Map=output.map -Wl,--gc-sections -o "SW4STM32.elf" @"objects.list"   -lm
Finished building target: SW4STM32.elf
 
make --no-print-directory post-build
Generating hex and Printing size information:
arm-none-eabi-objcopy -O ihex "SW4STM32.elf" "SW4STM32.hex"
arm-none-eabi-size "SW4STM32.elf"
   text	   data	    bss	    dec	    hex	filename
  16908	    244	   3220	  20372	   4f94	SW4STM32.elf
 
13:58:26 **** Incremental Build of configuration Debug for project SW4STM32 ****
make all 
Building file: ../Src/main.c
Invoking: MCU GCC Compiler
C:\Users\User\Documents\STM32_F0\Generated Code\STM32F0-DISCOVERY_MODBUS\SW4STM32\Debug
arm-none-eabi-gcc -mcpu=cortex-m0 -mthumb -mfloat-abi=soft '-D__weak=__attribute__((weak))' '-D__packed=__attribute__((__packed__))' -DUSE_HAL_DRIVER -DSTM32F072xB -I"C:/Users/User/Documents/STM32_F0/Generated Code/STM32F0-DISCOVERY_MODBUS/SW4STM32/Inc" -I"C:/Users/User/Documents/STM32_F0/Generated Code/STM32F0-DISCOVERY_MODBUS/SW4STM32/Drivers/STM32F0xx_HAL_Driver/Inc" -I"C:/Users/User/Documents/STM32_F0/Generated Code/STM32F0-DISCOVERY_MODBUS/SW4STM32/Drivers/STM32F0xx_HAL_Driver/Inc/Legacy" -I"C:/Users/User/Documents/STM32_F0/Generated Code/STM32F0-DISCOVERY_MODBUS/SW4STM32/Drivers/CMSIS/Device/ST/STM32F0xx/Include" -I"C:/Users/User/Documents/STM32_F0/Generated Code/STM32F0-DISCOVERY_MODBUS/SW4STM32/Drivers/CMSIS/Include" -I"C:/Users/User/Documents/STM32_F0/Generated Code/STM32F0-DISCOVERY_MODBUS/SW4STM32/Middlewares/modbus/include" -I"C:/Users/User/Documents/STM32_F0/Generated Code/STM32F0-DISCOVERY_MODBUS/SW4STM32/Middlewares/modbus/port" -I"C:/Users/User/Documents/STM32_F0/Generated Code/STM32F0-DISCOVERY_MODBUS/SW4STM32/Middlewares/modbus/rtu"  -Og -g3 -Wall -fmessage-length=0 -ffunction-sections -c -fmessage-length=0 -MMD -MP -MF"Src/main.d" -MT"Src/main.o" -o "Src/main.o" "../Src/main.c"
../Src/main.c: In function 'main':
../Src/main.c:124:16: warning: variable 'eStatus' set but not used [-Wunused-but-set-variable]
   eMBErrorCode eStatus = eMBInit(MB_RTU, 1, 3, 115200, MB_PAR_NONE);
                ^~~~~~~
../Src/main.c:123:11: warning: unused variable 'aTxBuffer' [-Wunused-variable]
   uint8_t aTxBuffer[] = "12345";
           ^~~~~~~~~
Finished building: ../Src/main.c
 
Building target: SW4STM32.elf
Invoking: MCU GCC Linker
arm-none-eabi-gcc -mcpu=cortex-m0 -mthumb -mfloat-abi=soft -specs=nosys.specs -specs=nano.specs -T"../STM32F072RBTx_FLASH.ld" -Wl,-Map=output.map -Wl,--gc-sections -o "SW4STM32.elf" @"objects.list"   -lm
Finished building target: SW4STM32.elf
 
make --no-print-directory post-build
Generating hex and Printing size information:
arm-none-eabi-objcopy -O ihex "SW4STM32.elf" "SW4STM32.hex"
arm-none-eabi-size "SW4STM32.elf"
   text	   data	    bss	    dec	    hex	filename
  16908	    244	   3220	  20372	   4f94	SW4STM32.elf
 
13:59:12 **** Incremental Build of configuration Debug for project SW4STM32 ****
make all 
make: Nothing to be done for 'all'.
14:01:48 **** Incremental Build of configuration Debug for project SW4STM32 ****
make all 
Building file: ../Src/stm32f0xx_hal_msp.c
Invoking: MCU GCC Compiler
C:\Users\User\Documents\STM32_F0\Generated Code\STM32F0-DISCOVERY_MODBUS\SW4STM32\Debug
arm-none-eabi-gcc -mcpu=cortex-m0 -mthumb -mfloat-abi=soft '-D__weak=__attribute__((weak))' '-D__packed=__attribute__((__packed__))' -DUSE_HAL_DRIVER -DSTM32F072xB -I"C:/Users/User/Documents/STM32_F0/Generated Code/STM32F0-DISCOVERY_MODBUS/SW4STM32/Inc" -I"C:/Users/User/Documents/STM32_F0/Generated Code/STM32F0-DISCOVERY_MODBUS/SW4STM32/Drivers/STM32F0xx_HAL_Driver/Inc" -I"C:/Users/User/Documents/STM32_F0/Generated Code/STM32F0-DISCOVERY_MODBUS/SW4STM32/Drivers/STM32F0xx_HAL_Driver/Inc/Legacy" -I"C:/Users/User/Documents/STM32_F0/Generated Code/STM32F0-DISCOVERY_MODBUS/SW4STM32/Drivers/CMSIS/Device/ST/STM32F0xx/Include" -I"C:/Users/User/Documents/STM32_F0/Generated Code/STM32F0-DISCOVERY_MODBUS/SW4STM32/Drivers/CMSIS/Include" -I"C:/Users/User/Documents/STM32_F0/Generated Code/STM32F0-DISCOVERY_MODBUS/SW4STM32/Middlewares/modbus/include" -I"C:/Users/User/Documents/STM32_F0/Generated Code/STM32F0-DISCOVERY_MODBUS/SW4STM32/Middlewares/modbus/port" -I"C:/Users/User/Documents/STM32_F0/Generated Code/STM32F0-DISCOVERY_MODBUS/SW4STM32/Middlewares/modbus/rtu"  -Og -g3 -Wall -fmessage-length=0 -ffunction-sections -c -fmessage-length=0 -MMD -MP -MF"Src/stm32f0xx_hal_msp.d" -MT"Src/stm32f0xx_hal_msp.o" -o "Src/stm32f0xx_hal_msp.o" "../Src/stm32f0xx_hal_msp.c"
Finished building: ../Src/stm32f0xx_hal_msp.c
 
Building target: SW4STM32.elf
Invoking: MCU GCC Linker
arm-none-eabi-gcc -mcpu=cortex-m0 -mthumb -mfloat-abi=soft -specs=nosys.specs -specs=nano.specs -T"../STM32F072RBTx_FLASH.ld" -Wl,-Map=output.map -Wl,--gc-sections -o "SW4STM32.elf" @"objects.list"   -lm
Finished building target: SW4STM32.elf
 
make --no-print-directory post-build
Generating hex and Printing size information:
arm-none-eabi-objcopy -O ihex "SW4STM32.elf" "SW4STM32.hex"
arm-none-eabi-size "SW4STM32.elf"
   text	   data	    bss	    dec	    hex	filename
  16924	    244	   3220	  20388	   4fa4	SW4STM32.elf
 
14:02:04 **** Incremental Build of configuration Debug for project SW4STM32 ****
make all 
make: Nothing to be done for 'all'.
14:02:29 **** Incremental Build of configuration Debug for project SW4STM32 ****
make all 
make: Nothing to be done for 'all'.
14:04:35 **** Incremental Build of configuration Debug for project SW4STM32 ****
make all 
Building file: ../Src/stm32f0xx_it.c
Invoking: MCU GCC Compiler
C:\Users\User\Documents\STM32_F0\Generated Code\STM32F0-DISCOVERY_MODBUS\SW4STM32\Debug
arm-none-eabi-gcc -mcpu=cortex-m0 -mthumb -mfloat-abi=soft '-D__weak=__attribute__((weak))' '-D__packed=__attribute__((__packed__))' -DUSE_HAL_DRIVER -DSTM32F072xB -I"C:/Users/User/Documents/STM32_F0/Generated Code/STM32F0-DISCOVERY_MODBUS/SW4STM32/Inc" -I"C:/Users/User/Documents/STM32_F0/Generated Code/STM32F0-DISCOVERY_MODBUS/SW4STM32/Drivers/STM32F0xx_HAL_Driver/Inc" -I"C:/Users/User/Documents/STM32_F0/Generated Code/STM32F0-DISCOVERY_MODBUS/SW4STM32/Drivers/STM32F0xx_HAL_Driver/Inc/Legacy" -I"C:/Users/User/Documents/STM32_F0/Generated Code/STM32F0-DISCOVERY_MODBUS/SW4STM32/Drivers/CMSIS/Device/ST/STM32F0xx/Include" -I"C:/Users/User/Documents/STM32_F0/Generated Code/STM32F0-DISCOVERY_MODBUS/SW4STM32/Drivers/CMSIS/Include" -I"C:/Users/User/Documents/STM32_F0/Generated Code/STM32F0-DISCOVERY_MODBUS/SW4STM32/Middlewares/modbus/include" -I"C:/Users/User/Documents/STM32_F0/Generated Code/STM32F0-DISCOVERY_MODBUS/SW4STM32/Middlewares/modbus/port" -I"C:/Users/User/Documents/STM32_F0/Generated Code/STM32F0-DISCOVERY_MODBUS/SW4STM32/Middlewares/modbus/rtu"  -Og -g3 -Wall -fmessage-length=0 -ffunction-sections -c -fmessage-length=0 -MMD -MP -MF"Src/stm32f0xx_it.d" -MT"Src/stm32f0xx_it.o" -o "Src/stm32f0xx_it.o" "../Src/stm32f0xx_it.c"
Finished building: ../Src/stm32f0xx_it.c
 
Building target: SW4STM32.elf
Invoking: MCU GCC Linker
arm-none-eabi-gcc -mcpu=cortex-m0 -mthumb -mfloat-abi=soft -specs=nosys.specs -specs=nano.specs -T"../STM32F072RBTx_FLASH.ld" -Wl,-Map=output.map -Wl,--gc-sections -o "SW4STM32.elf" @"objects.list"   -lm
Finished building target: SW4STM32.elf
 
make --no-print-directory post-build
Generating hex and Printing size information:
arm-none-eabi-objcopy -O ihex "SW4STM32.elf" "SW4STM32.hex"
arm-none-eabi-size "SW4STM32.elf"
   text	   data	    bss	    dec	    hex	filename
  16976	    244	   3220	  20440	   4fd8	SW4STM32.elf
 
14:29:32 **** Incremental Build of configuration Debug for project SW4STM32 ****
make all 
Building file: ../Src/main.c
Invoking: MCU GCC Compiler
C:\Users\User\Documents\STM32_F0\Generated Code\STM32F0-DISCOVERY_MODBUS\SW4STM32\Debug
arm-none-eabi-gcc -mcpu=cortex-m0 -mthumb -mfloat-abi=soft '-D__weak=__attribute__((weak))' '-D__packed=__attribute__((__packed__))' -DUSE_HAL_DRIVER -DSTM32F072xB -I"C:/Users/User/Documents/STM32_F0/Generated Code/STM32F0-DISCOVERY_MODBUS/SW4STM32/Inc" -I"C:/Users/User/Documents/STM32_F0/Generated Code/STM32F0-DISCOVERY_MODBUS/SW4STM32/Drivers/STM32F0xx_HAL_Driver/Inc" -I"C:/Users/User/Documents/STM32_F0/Generated Code/STM32F0-DISCOVERY_MODBUS/SW4STM32/Drivers/STM32F0xx_HAL_Driver/Inc/Legacy" -I"C:/Users/User/Documents/STM32_F0/Generated Code/STM32F0-DISCOVERY_MODBUS/SW4STM32/Drivers/CMSIS/Device/ST/STM32F0xx/Include" -I"C:/Users/User/Documents/STM32_F0/Generated Code/STM32F0-DISCOVERY_MODBUS/SW4STM32/Drivers/CMSIS/Include" -I"C:/Users/User/Documents/STM32_F0/Generated Code/STM32F0-DISCOVERY_MODBUS/SW4STM32/Middlewares/modbus/include" -I"C:/Users/User/Documents/STM32_F0/Generated Code/STM32F0-DISCOVERY_MODBUS/SW4STM32/Middlewares/modbus/port" -I"C:/Users/User/Documents/STM32_F0/Generated Code/STM32F0-DISCOVERY_MODBUS/SW4STM32/Middlewares/modbus/rtu"  -Og -g3 -Wall -fmessage-length=0 -ffunction-sections -c -fmessage-length=0 -MMD -MP -MF"Src/main.d" -MT"Src/main.o" -o "Src/main.o" "../Src/main.c"
../Src/main.c: In function 'main':
../Src/main.c:124:16: warning: variable 'eStatus' set but not used [-Wunused-but-set-variable]
   eMBErrorCode eStatus = eMBInit(MB_RTU, 1, 3, 115200, MB_PAR_NONE);
                ^~~~~~~
../Src/main.c:123:11: warning: unused variable 'aTxBuffer' [-Wunused-variable]
   uint8_t aTxBuffer[] = "12345";
           ^~~~~~~~~
Finished building: ../Src/main.c
 
Building file: ../Src/stm32f0xx_hal_msp.c
Invoking: MCU GCC Compiler
C:\Users\User\Documents\STM32_F0\Generated Code\STM32F0-DISCOVERY_MODBUS\SW4STM32\Debug
arm-none-eabi-gcc -mcpu=cortex-m0 -mthumb -mfloat-abi=soft '-D__weak=__attribute__((weak))' '-D__packed=__attribute__((__packed__))' -DUSE_HAL_DRIVER -DSTM32F072xB -I"C:/Users/User/Documents/STM32_F0/Generated Code/STM32F0-DISCOVERY_MODBUS/SW4STM32/Inc" -I"C:/Users/User/Documents/STM32_F0/Generated Code/STM32F0-DISCOVERY_MODBUS/SW4STM32/Drivers/STM32F0xx_HAL_Driver/Inc" -I"C:/Users/User/Documents/STM32_F0/Generated Code/STM32F0-DISCOVERY_MODBUS/SW4STM32/Drivers/STM32F0xx_HAL_Driver/Inc/Legacy" -I"C:/Users/User/Documents/STM32_F0/Generated Code/STM32F0-DISCOVERY_MODBUS/SW4STM32/Drivers/CMSIS/Device/ST/STM32F0xx/Include" -I"C:/Users/User/Documents/STM32_F0/Generated Code/STM32F0-DISCOVERY_MODBUS/SW4STM32/Drivers/CMSIS/Include" -I"C:/Users/User/Documents/STM32_F0/Generated Code/STM32F0-DISCOVERY_MODBUS/SW4STM32/Middlewares/modbus/include" -I"C:/Users/User/Documents/STM32_F0/Generated Code/STM32F0-DISCOVERY_MODBUS/SW4STM32/Middlewares/modbus/port" -I"C:/Users/User/Documents/STM32_F0/Generated Code/STM32F0-DISCOVERY_MODBUS/SW4STM32/Middlewares/modbus/rtu"  -Og -g3 -Wall -fmessage-length=0 -ffunction-sections -c -fmessage-length=0 -MMD -MP -MF"Src/stm32f0xx_hal_msp.d" -MT"Src/stm32f0xx_hal_msp.o" -o "Src/stm32f0xx_hal_msp.o" "../Src/stm32f0xx_hal_msp.c"
Finished building: ../Src/stm32f0xx_hal_msp.c
 
Building file: ../Src/stm32f0xx_it.c
Invoking: MCU GCC Compiler
C:\Users\User\Documents\STM32_F0\Generated Code\STM32F0-DISCOVERY_MODBUS\SW4STM32\Debug
arm-none-eabi-gcc -mcpu=cortex-m0 -mthumb -mfloat-abi=soft '-D__weak=__attribute__((weak))' '-D__packed=__attribute__((__packed__))' -DUSE_HAL_DRIVER -DSTM32F072xB -I"C:/Users/User/Documents/STM32_F0/Generated Code/STM32F0-DISCOVERY_MODBUS/SW4STM32/Inc" -I"C:/Users/User/Documents/STM32_F0/Generated Code/STM32F0-DISCOVERY_MODBUS/SW4STM32/Drivers/STM32F0xx_HAL_Driver/Inc" -I"C:/Users/User/Documents/STM32_F0/Generated Code/STM32F0-DISCOVERY_MODBUS/SW4STM32/Drivers/STM32F0xx_HAL_Driver/Inc/Legacy" -I"C:/Users/User/Documents/STM32_F0/Generated Code/STM32F0-DISCOVERY_MODBUS/SW4STM32/Drivers/CMSIS/Device/ST/STM32F0xx/Include" -I"C:/Users/User/Documents/STM32_F0/Generated Code/STM32F0-DISCOVERY_MODBUS/SW4STM32/Drivers/CMSIS/Include" -I"C:/Users/User/Documents/STM32_F0/Generated Code/STM32F0-DISCOVERY_MODBUS/SW4STM32/Middlewares/modbus/include" -I"C:/Users/User/Documents/STM32_F0/Generated Code/STM32F0-DISCOVERY_MODBUS/SW4STM32/Middlewares/modbus/port" -I"C:/Users/User/Documents/STM32_F0/Generated Code/STM32F0-DISCOVERY_MODBUS/SW4STM32/Middlewares/modbus/rtu"  -Og -g3 -Wall -fmessage-length=0 -ffunction-sections -c -fmessage-length=0 -MMD -MP -MF"Src/stm32f0xx_it.d" -MT"Src/stm32f0xx_it.o" -o "Src/stm32f0xx_it.o" "../Src/stm32f0xx_it.c"
Finished building: ../Src/stm32f0xx_it.c
 
Building file: ../Middlewares/modbus/port/portevent.c
Invoking: MCU GCC Compiler
C:\Users\User\Documents\STM32_F0\Generated Code\STM32F0-DISCOVERY_MODBUS\SW4STM32\Debug
arm-none-eabi-gcc -mcpu=cortex-m0 -mthumb -mfloat-abi=soft '-D__weak=__attribute__((weak))' '-D__packed=__attribute__((__packed__))' -DUSE_HAL_DRIVER -DSTM32F072xB -I"C:/Users/User/Documents/STM32_F0/Generated Code/STM32F0-DISCOVERY_MODBUS/SW4STM32/Inc" -I"C:/Users/User/Documents/STM32_F0/Generated Code/STM32F0-DISCOVERY_MODBUS/SW4STM32/Drivers/STM32F0xx_HAL_Driver/Inc" -I"C:/Users/User/Documents/STM32_F0/Generated Code/STM32F0-DISCOVERY_MODBUS/SW4STM32/Drivers/STM32F0xx_HAL_Driver/Inc/Legacy" -I"C:/Users/User/Documents/STM32_F0/Generated Code/STM32F0-DISCOVERY_MODBUS/SW4STM32/Drivers/CMSIS/Device/ST/STM32F0xx/Include" -I"C:/Users/User/Documents/STM32_F0/Generated Code/STM32F0-DISCOVERY_MODBUS/SW4STM32/Drivers/CMSIS/Include" -I"C:/Users/User/Documents/STM32_F0/Generated Code/STM32F0-DISCOVERY_MODBUS/SW4STM32/Middlewares/modbus/include" -I"C:/Users/User/Documents/STM32_F0/Generated Code/STM32F0-DISCOVERY_MODBUS/SW4STM32/Middlewares/modbus/rtu" -I"C:/Users/User/Documents/STM32_F0/Generated Code/STM32F0-DISCOVERY_MODBUS/SW4STM32/Middlewares/modbus/port"  -Og -g3 -Wall -fmessage-length=0 -ffunction-sections -c -fmessage-length=0 -MMD -MP -MF"Middlewares/modbus/port/portevent.d" -MT"Middlewares/modbus/port/portevent.o" -o "Middlewares/modbus/port/portevent.o" "../Middlewares/modbus/port/portevent.c"
Finished building: ../Middlewares/modbus/port/portevent.c
 
Building target: SW4STM32.elf
Invoking: MCU GCC Linker
arm-none-eabi-gcc -mcpu=cortex-m0 -mthumb -mfloat-abi=soft -specs=nosys.specs -specs=nano.specs -T"../STM32F072RBTx_FLASH.ld" -Wl,-Map=output.map -Wl,--gc-sections -o "SW4STM32.elf" @"objects.list"   -lm
Finished building target: SW4STM32.elf
 
make --no-print-directory post-build
Generating hex and Printing size information:
arm-none-eabi-objcopy -O ihex "SW4STM32.elf" "SW4STM32.hex"
arm-none-eabi-size "SW4STM32.elf"
   text	   data	    bss	    dec	    hex	filename
  16976	    244	   3220	  20440	   4fd8	SW4STM32.elf
 
