14:29:32 **** Incremental Build of configuration Debug for project SW4STM32 ****
make all 
Building file: ../Src/main.c
Invoking: MCU GCC Compiler
C:\Users\User\Documents\STM32_F0\Generated Code\STM32F0-DISCOVERY_MODBUS\SW4STM32\Debug
arm-none-eabi-gcc -mcpu=cortex-m0 -mthumb -mfloat-abi=soft '-D__weak=__attribute__((weak))' '-D__packed=__attribute__((__packed__))' -DUSE_HAL_DRIVER -DSTM32F072xB -I"C:/Users/User/Documents/STM32_F0/Generated Code/STM32F0-DISCOVERY_MODBUS/SW4STM32/Inc" -I"C:/Users/User/Documents/STM32_F0/Generated Code/STM32F0-DISCOVERY_MODBUS/SW4STM32/Drivers/STM32F0xx_HAL_Driver/Inc" -I"C:/Users/User/Documents/STM32_F0/Generated Code/STM32F0-DISCOVERY_MODBUS/SW4STM32/Drivers/STM32F0xx_HAL_Driver/Inc/Legacy" -I"C:/Users/User/Documents/STM32_F0/Generated Code/STM32F0-DISCOVERY_MODBUS/SW4STM32/Drivers/CMSIS/Device/ST/STM32F0xx/Include" -I"C:/Users/User/Documents/STM32_F0/Generated Code/STM32F0-DISCOVERY_MODBUS/SW4STM32/Drivers/CMSIS/Include" -I"C:/Users/User/Documents/STM32_F0/Generated Code/STM32F0-DISCOVERY_MODBUS/SW4STM32/Middlewares/modbus/include" -I"C:/Users/User/Documents/STM32_F0/Generated Code/STM32F0-DISCOVERY_MODBUS/SW4STM32/Middlewares/modbus/port" -I"C:/Users/User/Documents/STM32_F0/Generated Code/STM32F0-DISCOVERY_MODBUS/SW4STM32/Middlewares/modbus/rtu"  -Og -g3 -Wall -fmessage-length=0 -ffunction-sections -c -fmessage-length=0 -MMD -MP -MF"Src/main.d" -MT"Src/main.o" -o "Src/main.o" "../Src/main.c"
../Src/main.c: In function 'main':
../Src/main.c:124:16: warning: variable 'eStatus' set but not used [-Wunused-but-set-variable]
   eMBErrorCode eStatus = eMBInit(MB_RTU, 1, 3, 115200, MB_PAR_NONE);
                ^~~~~~~
../Src/main.c:123:11: warning: unused variable 'aTxBuffer' [-Wunused-variable]
   uint8_t aTxBuffer[] = "12345";
           ^~~~~~~~~
Finished building: ../Src/main.c
 
Building file: ../Src/stm32f0xx_hal_msp.c
Invoking: MCU GCC Compiler
C:\Users\User\Documents\STM32_F0\Generated Code\STM32F0-DISCOVERY_MODBUS\SW4STM32\Debug
arm-none-eabi-gcc -mcpu=cortex-m0 -mthumb -mfloat-abi=soft '-D__weak=__attribute__((weak))' '-D__packed=__attribute__((__packed__))' -DUSE_HAL_DRIVER -DSTM32F072xB -I"C:/Users/User/Documents/STM32_F0/Generated Code/STM32F0-DISCOVERY_MODBUS/SW4STM32/Inc" -I"C:/Users/User/Documents/STM32_F0/Generated Code/STM32F0-DISCOVERY_MODBUS/SW4STM32/Drivers/STM32F0xx_HAL_Driver/Inc" -I"C:/Users/User/Documents/STM32_F0/Generated Code/STM32F0-DISCOVERY_MODBUS/SW4STM32/Drivers/STM32F0xx_HAL_Driver/Inc/Legacy" -I"C:/Users/User/Documents/STM32_F0/Generated Code/STM32F0-DISCOVERY_MODBUS/SW4STM32/Drivers/CMSIS/Device/ST/STM32F0xx/Include" -I"C:/Users/User/Documents/STM32_F0/Generated Code/STM32F0-DISCOVERY_MODBUS/SW4STM32/Drivers/CMSIS/Include" -I"C:/Users/User/Documents/STM32_F0/Generated Code/STM32F0-DISCOVERY_MODBUS/SW4STM32/Middlewares/modbus/include" -I"C:/Users/User/Documents/STM32_F0/Generated Code/STM32F0-DISCOVERY_MODBUS/SW4STM32/Middlewares/modbus/port" -I"C:/Users/User/Documents/STM32_F0/Generated Code/STM32F0-DISCOVERY_MODBUS/SW4STM32/Middlewares/modbus/rtu"  -Og -g3 -Wall -fmessage-length=0 -ffunction-sections -c -fmessage-length=0 -MMD -MP -MF"Src/stm32f0xx_hal_msp.d" -MT"Src/stm32f0xx_hal_msp.o" -o "Src/stm32f0xx_hal_msp.o" "../Src/stm32f0xx_hal_msp.c"
Finished building: ../Src/stm32f0xx_hal_msp.c
 
Building file: ../Src/stm32f0xx_it.c
Invoking: MCU GCC Compiler
C:\Users\User\Documents\STM32_F0\Generated Code\STM32F0-DISCOVERY_MODBUS\SW4STM32\Debug
arm-none-eabi-gcc -mcpu=cortex-m0 -mthumb -mfloat-abi=soft '-D__weak=__attribute__((weak))' '-D__packed=__attribute__((__packed__))' -DUSE_HAL_DRIVER -DSTM32F072xB -I"C:/Users/User/Documents/STM32_F0/Generated Code/STM32F0-DISCOVERY_MODBUS/SW4STM32/Inc" -I"C:/Users/User/Documents/STM32_F0/Generated Code/STM32F0-DISCOVERY_MODBUS/SW4STM32/Drivers/STM32F0xx_HAL_Driver/Inc" -I"C:/Users/User/Documents/STM32_F0/Generated Code/STM32F0-DISCOVERY_MODBUS/SW4STM32/Drivers/STM32F0xx_HAL_Driver/Inc/Legacy" -I"C:/Users/User/Documents/STM32_F0/Generated Code/STM32F0-DISCOVERY_MODBUS/SW4STM32/Drivers/CMSIS/Device/ST/STM32F0xx/Include" -I"C:/Users/User/Documents/STM32_F0/Generated Code/STM32F0-DISCOVERY_MODBUS/SW4STM32/Drivers/CMSIS/Include" -I"C:/Users/User/Documents/STM32_F0/Generated Code/STM32F0-DISCOVERY_MODBUS/SW4STM32/Middlewares/modbus/include" -I"C:/Users/User/Documents/STM32_F0/Generated Code/STM32F0-DISCOVERY_MODBUS/SW4STM32/Middlewares/modbus/port" -I"C:/Users/User/Documents/STM32_F0/Generated Code/STM32F0-DISCOVERY_MODBUS/SW4STM32/Middlewares/modbus/rtu"  -Og -g3 -Wall -fmessage-length=0 -ffunction-sections -c -fmessage-length=0 -MMD -MP -MF"Src/stm32f0xx_it.d" -MT"Src/stm32f0xx_it.o" -o "Src/stm32f0xx_it.o" "../Src/stm32f0xx_it.c"
Finished building: ../Src/stm32f0xx_it.c
 
Building file: ../Middlewares/modbus/port/portevent.c
Invoking: MCU GCC Compiler
C:\Users\User\Documents\STM32_F0\Generated Code\STM32F0-DISCOVERY_MODBUS\SW4STM32\Debug
arm-none-eabi-gcc -mcpu=cortex-m0 -mthumb -mfloat-abi=soft '-D__weak=__attribute__((weak))' '-D__packed=__attribute__((__packed__))' -DUSE_HAL_DRIVER -DSTM32F072xB -I"C:/Users/User/Documents/STM32_F0/Generated Code/STM32F0-DISCOVERY_MODBUS/SW4STM32/Inc" -I"C:/Users/User/Documents/STM32_F0/Generated Code/STM32F0-DISCOVERY_MODBUS/SW4STM32/Drivers/STM32F0xx_HAL_Driver/Inc" -I"C:/Users/User/Documents/STM32_F0/Generated Code/STM32F0-DISCOVERY_MODBUS/SW4STM32/Drivers/STM32F0xx_HAL_Driver/Inc/Legacy" -I"C:/Users/User/Documents/STM32_F0/Generated Code/STM32F0-DISCOVERY_MODBUS/SW4STM32/Drivers/CMSIS/Device/ST/STM32F0xx/Include" -I"C:/Users/User/Documents/STM32_F0/Generated Code/STM32F0-DISCOVERY_MODBUS/SW4STM32/Drivers/CMSIS/Include" -I"C:/Users/User/Documents/STM32_F0/Generated Code/STM32F0-DISCOVERY_MODBUS/SW4STM32/Middlewares/modbus/include" -I"C:/Users/User/Documents/STM32_F0/Generated Code/STM32F0-DISCOVERY_MODBUS/SW4STM32/Middlewares/modbus/rtu" -I"C:/Users/User/Documents/STM32_F0/Generated Code/STM32F0-DISCOVERY_MODBUS/SW4STM32/Middlewares/modbus/port"  -Og -g3 -Wall -fmessage-length=0 -ffunction-sections -c -fmessage-length=0 -MMD -MP -MF"Middlewares/modbus/port/portevent.d" -MT"Middlewares/modbus/port/portevent.o" -o "Middlewares/modbus/port/portevent.o" "../Middlewares/modbus/port/portevent.c"
Finished building: ../Middlewares/modbus/port/portevent.c
 
Building target: SW4STM32.elf
Invoking: MCU GCC Linker
arm-none-eabi-gcc -mcpu=cortex-m0 -mthumb -mfloat-abi=soft -specs=nosys.specs -specs=nano.specs -T"../STM32F072RBTx_FLASH.ld" -Wl,-Map=output.map -Wl,--gc-sections -o "SW4STM32.elf" @"objects.list"   -lm
Finished building target: SW4STM32.elf
 
make --no-print-directory post-build
Generating hex and Printing size information:
arm-none-eabi-objcopy -O ihex "SW4STM32.elf" "SW4STM32.hex"
arm-none-eabi-size "SW4STM32.elf"
   text	   data	    bss	    dec	    hex	filename
  16976	    244	   3220	  20440	   4fd8	SW4STM32.elf
 

14:29:36 Build Finished (took 3s.419ms)

